

Test n.0:
Random Array:
    0. inserted | Split time: 0.000000 | Total time elapsed: 0.000000
10000. inserted | Split time: 0.015000 | Total time elapsed: 0.015000
20000. inserted | Split time: 0.078000 | Total time elapsed: 0.093000
30000. inserted | Split time: 0.110000 | Total time elapsed: 0.203000
40000. inserted | Split time: 0.125000 | Total time elapsed: 0.328000
50000. inserted | Split time: 0.125000 | Total time elapsed: 0.453000
60000. inserted | Split time: 0.203000 | Total time elapsed: 0.656000
70000. inserted | Split time: 0.203000 | Total time elapsed: 0.859000
80000. inserted | Split time: 0.141000 | Total time elapsed: 1.000000
90000. inserted | Split time: 0.156000 | Total time elapsed: 1.156000
Time elapsed (Stolen Hash Insert): 1.296000
Time elapsed (Stolen Hash Find): 1.157000

    0. inserted | Split time: 0.000000 | Total time elapsed: 0.000000
10000. inserted | Split time: 2.156000 | Total time elapsed: 2.156000
20000. inserted | Split time: 3.844000 | Total time elapsed: 6.000000
30000. inserted | Split time: 3.953000 | Total time elapsed: 9.953000
40000. inserted | Split time: 3.625000 | Total time elapsed: 13.578000
50000. inserted | Split time: 3.094000 | Total time elapsed: 16.672000
60000. inserted | Split time: 2.500000 | Total time elapsed: 19.172000
70000. inserted | Split time: 2.000000 | Total time elapsed: 21.172000
80000. inserted | Split time: 1.718000 | Total time elapsed: 22.890000
90000. inserted | Split time: 1.532000 | Total time elapsed: 24.422000
Time elapsed (Stolen Tree Insert): 25.640000
Time elapsed (Stolen Tree Find): 0.032000

    0. inserted | Split time: 0.000000 | Total time elapsed: 0.000000
10000. inserted | Split time: 0.016000 | Total time elapsed: 0.016000
20000. inserted | Split time: 0.000000 | Total time elapsed: 0.016000
30000. inserted | Split time: 0.000000 | Total time elapsed: 0.016000
40000. inserted | Split time: 0.000000 | Total time elapsed: 0.016000
50000. inserted | Split time: 0.015000 | Total time elapsed: 0.031000
60000. inserted | Split time: 0.000000 | Total time elapsed: 0.031000
70000. inserted | Split time: 0.000000 | Total time elapsed: 0.031000
80000. inserted | Split time: 0.000000 | Total time elapsed: 0.031000
90000. inserted | Split time: 0.000000 | Total time elapsed: 0.031000
Time elapsed (My Hash Insert): 0.031000
Time elapsed (My Hash Find): 0.016000

    0. inserted | Split time: 0.000000 | Total time elapsed: 0.000000
10000. inserted | Split time: 0.016000 | Total time elapsed: 0.016000
20000. inserted | Split time: 0.000000 | Total time elapsed: 0.016000
30000. inserted | Split time: 0.000000 | Total time elapsed: 0.016000
40000. inserted | Split time: 0.015000 | Total time elapsed: 0.031000
50000. inserted | Split time: 0.000000 | Total time elapsed: 0.031000
60000. inserted | Split time: 0.016000 | Total time elapsed: 0.047000
70000. inserted | Split time: 0.000000 | Total time elapsed: 0.047000
80000. inserted | Split time: 0.016000 | Total time elapsed: 0.063000
90000. inserted | Split time: 0.000000 | Total time elapsed: 0.063000
Time elapsed (My Tree Insert): 0.063000
Time elapsed (My Tree Find): 0.031000

    0. inserted | Split time: 0.000000 | Total time elapsed: 0.000000
10000. inserted | Split time: 0.000000 | Total time elapsed: 0.000000
20000. inserted | Split time: 0.015000 | Total time elapsed: 0.015000
30000. inserted | Split time: 0.000000 | Total time elapsed: 0.015000
Time elapsed (My BVS Tree Insert): 0.015000
Time elapsed (My BVS Tree Find): 0.032000

____________________________________
Consecutive Array:
    0. inserted | Split time: 0.000000 | Total time elapsed: 0.000000
10000. inserted | Split time: 0.047000 | Total time elapsed: 0.047000
20000. inserted | Split time: 0.156000 | Total time elapsed: 0.203000
30000. inserted | Split time: 0.297000 | Total time elapsed: 0.500000
40000. inserted | Split time: 0.578000 | Total time elapsed: 1.078000
50000. inserted | Split time: 0.906000 | Total time elapsed: 1.984000
60000. inserted | Split time: 1.453000 | Total time elapsed: 3.437000
70000. inserted | Split time: 2.000000 | Total time elapsed: 5.437000
80000. inserted | Split time: 2.515000 | Total time elapsed: 7.952000
90000. inserted | Split time: 3.219000 | Total time elapsed: 11.171000
Time elapsed (Stolen Hash Insert): 15.421000
Time elapsed (Stolen Hash Find): 15.157000

    0. inserted | Split time: 0.000000 | Total time elapsed: 0.000000
10000. inserted | Split time: 0.000000 | Total time elapsed: 0.000000
20000. inserted | Split time: 0.000000 | Total time elapsed: 0.000000
30000. inserted | Split time: 0.015000 | Total time elapsed: 0.015000
40000. inserted | Split time: 0.000000 | Total time elapsed: 0.015000
50000. inserted | Split time: 0.016000 | Total time elapsed: 0.031000
60000. inserted | Split time: 0.000000 | Total time elapsed: 0.031000
70000. inserted | Split time: 0.000000 | Total time elapsed: 0.031000
80000. inserted | Split time: 0.000000 | Total time elapsed: 0.031000
90000. inserted | Split time: 0.016000 | Total time elapsed: 0.047000
Time elapsed (My Hash Insert): 0.047000
Time elapsed (My Hash Find): 0.000000

    0. inserted | Split time: 0.000000 | Total time elapsed: 0.000000
10000. inserted | Split time: 0.016000 | Total time elapsed: 0.016000
20000. inserted | Split time: 0.000000 | Total time elapsed: 0.016000
30000. inserted | Split time: 0.015000 | Total time elapsed: 0.031000
40000. inserted | Split time: 0.016000 | Total time elapsed: 0.047000
50000. inserted | Split time: 0.016000 | Total time elapsed: 0.063000
60000. inserted | Split time: 0.000000 | Total time elapsed: 0.063000
70000. inserted | Split time: 0.015000 | Total time elapsed: 0.078000
80000. inserted | Split time: 0.000000 | Total time elapsed: 0.078000
90000. inserted | Split time: 0.016000 | Total time elapsed: 0.094000
Time elapsed (My Tree Insert): 0.109000
Time elapsed (My Tree Find): 0.016000

    0. inserted | Split time: 0.000000 | Total time elapsed: 0.000000
10000. inserted | Split time: 0.359000 | Total time elapsed: 0.359000
20000. inserted | Split time: 1.094000 | Total time elapsed: 1.453000
30000. inserted | Split time: 2.156000 | Total time elapsed: 3.609000
Time elapsed (My BVS Tree Insert): 7.875000
Time elapsed (My BVS Tree Find): 30.390000


Random Array:
    0. inserted | Split time: 0.000000 | Total time elapsed: 0.000000
10000. inserted | Split time: 0.047000 | Total time elapsed: 0.047000
20000. inserted | Split time: 0.078000 | Total time elapsed: 0.125000
30000. inserted | Split time: 0.109000 | Total time elapsed: 0.234000
40000. inserted | Split time: 0.094000 | Total time elapsed: 0.328000
50000. inserted | Split time: 0.156000 | Total time elapsed: 0.484000
60000. inserted | Split time: 0.141000 | Total time elapsed: 0.625000
70000. inserted | Split time: 0.156000 | Total time elapsed: 0.781000
80000. inserted | Split time: 0.141000 | Total time elapsed: 0.922000
90000. inserted | Split time: 0.156000 | Total time elapsed: 1.078000
Time elapsed (Stolen Hash Insert): 1.250000
Time elapsed (Stolen Hash Find): 1.156000

    0. inserted | Split time: 0.000000 | Total time elapsed: 0.000000
10000. inserted | Split time: 2.171000 | Total time elapsed: 2.171000
20000. inserted | Split time: 3.954000 | Total time elapsed: 6.125000
30000. inserted | Split time: 3.922000 | Total time elapsed: 10.047000
40000. inserted | Split time: 3.672000 | Total time elapsed: 13.719000
50000. inserted | Split time: 3.687000 | Total time elapsed: 17.406000
60000. inserted | Split time: 2.719000 | Total time elapsed: 20.125000
70000. inserted | Split time: 2.172000 | Total time elapsed: 22.297000
80000. inserted | Split time: 1.875000 | Total time elapsed: 24.172000
90000. inserted | Split time: 1.641000 | Total time elapsed: 25.813000
Time elapsed (Stolen Tree Insert): 27.110000
Time elapsed (Stolen Tree Find): 0.031000

    0. inserted | Split time: 0.000000 | Total time elapsed: 0.000000
10000. inserted | Split time: 0.000000 | Total time elapsed: 0.000000
20000. inserted | Split time: 0.000000 | Total time elapsed: 0.000000
30000. inserted | Split time: 0.016000 | Total time elapsed: 0.016000
40000. inserted | Split time: 0.000000 | Total time elapsed: 0.016000
50000. inserted | Split time: 0.000000 | Total time elapsed: 0.016000
60000. inserted | Split time: 0.000000 | Total time elapsed: 0.016000
70000. inserted | Split time: 0.000000 | Total time elapsed: 0.016000
80000. inserted | Split time: 0.015000 | Total time elapsed: 0.031000
90000. inserted | Split time: 0.000000 | Total time elapsed: 0.031000
Time elapsed (My Hash Insert): 0.031000
Time elapsed (My Hash Find): 0.016000

    0. inserted | Split time: 0.000000 | Total time elapsed: 0.000000
10000. inserted | Split time: 0.016000 | Total time elapsed: 0.016000
20000. inserted | Split time: 0.000000 | Total time elapsed: 0.016000
30000. inserted | Split time: 0.015000 | Total time elapsed: 0.031000
40000. inserted | Split time: 0.000000 | Total time elapsed: 0.031000
50000. inserted | Split time: 0.000000 | Total time elapsed: 0.031000
60000. inserted | Split time: 0.016000 | Total time elapsed: 0.047000
70000. inserted | Split time: 0.000000 | Total time elapsed: 0.047000
80000. inserted | Split time: 0.015000 | Total time elapsed: 0.062000
90000. inserted | Split time: 0.000000 | Total time elapsed: 0.062000
Time elapsed (My Tree Insert): 0.062000
Time elapsed (My Tree Find): 0.032000

    0. inserted | Split time: 0.000000 | Total time elapsed: 0.000000
10000. inserted | Split time: 0.000000 | Total time elapsed: 0.000000
20000. inserted | Split time: 0.000000 | Total time elapsed: 0.000000
30000. inserted | Split time: 0.015000 | Total time elapsed: 0.015000
Time elapsed (My BVS Tree Insert): 0.015000
Time elapsed (My BVS Tree Find): 0.016000


Consecutive Array:
    0. inserted | Split time: 0.000000 | Total time elapsed: 0.000000
10000. inserted | Split time: 0.046000 | Total time elapsed: 0.046000
20000. inserted | Split time: 0.157000 | Total time elapsed: 0.203000
30000. inserted | Split time: 0.328000 | Total time elapsed: 0.531000
40000. inserted | Split time: 0.656000 | Total time elapsed: 1.187000
50000. inserted | Split time: 0.953000 | Total time elapsed: 2.140000
60000. inserted | Split time: 1.344000 | Total time elapsed: 3.484000
70000. inserted | Split time: 1.750000 | Total time elapsed: 5.234000
80000. inserted | Split time: 2.344000 | Total time elapsed: 7.578000
90000. inserted | Split time: 2.984000 | Total time elapsed: 10.562000
Time elapsed (Stolen Hash Insert): 14.296000
Time elapsed (Stolen Hash Find): 13.829000

    0. inserted | Split time: 0.000000 | Total time elapsed: 0.000000
10000. inserted | Split time: 2.062000 | Total time elapsed: 2.062000
20000. inserted | Split time: 6.422000 | Total time elapsed: 8.484000
30000. inserted | Split time: 11.047000 | Total time elapsed: 19.531000
40000. inserted | Split time: 17.125000 | Total time elapsed: 36.656000
50000. inserted | Split time: 25.938000 | Total time elapsed: 62.594000
60000. inserted | Split time: 34.109000 | Total time elapsed: 96.703000
70000. inserted | Split time: 46.906000 | Total time elapsed: 143.609000
80000. inserted | Split time: 57.266000 | Total time elapsed: 200.875000
90000. inserted | Split time: 60.999000 | Total time elapsed: 261.874000
Time elapsed (Stolen Tree Insert): 326.921000
Time elapsed (Stolen Tree Find): 0.016000

    0. inserted | Split time: 0.000000 | Total time elapsed: 0.000000
10000. inserted | Split time: 2.281000 | Total time elapsed: 2.281000
20000. inserted | Split time: 8.125000 | Total time elapsed: 10.406000
30000. inserted | Split time: 17.031000 | Total time elapsed: 27.437000
40000. inserted | Split time: 22.079000 | Total time elapsed: 49.516000
50000. inserted | Split time: 26.281000 | Total time elapsed: 75.797000
60000. inserted | Split time: 36.281000 | Total time elapsed: 112.078000
70000. inserted | Split time: 43.438000 | Total time elapsed: 155.516000
80000. inserted | Split time: 50.672000 | Total time elapsed: 206.188000
90000. inserted | Split time: 54.140000 | Total time elapsed: 260.328000
Time elapsed (Stolen Tree Insert): 316.344000
Time elapsed (Stolen Tree Find): 0.031000

    0. inserted | Split time: 0.000000 | Total time elapsed: 0.000000
10000. inserted | Split time: 2.172000 | Total time elapsed: 2.172000
20000. inserted | Split time: 6.562000 | Total time elapsed: 8.734000
30000. inserted | Split time: 11.594000 | Total time elapsed: 20.328000
40000. inserted | Split time: 17.547000 | Total time elapsed: 37.875000
50000. inserted | Split time: 24.500000 | Total time elapsed: 62.375000
60000. inserted | Split time: 34.515000 | Total time elapsed: 96.890000
70000. inserted | Split time: 44.125000 | Total time elapsed: 141.015000
80000. inserted | Split time: 51.344000 | Total time elapsed: 192.359000
90000. inserted | Split time: 58.766000 | Total time elapsed: 251.125000
Time elapsed (Stolen Tree Insert): 316.375000
Time elapsed (Stolen Tree Find): 0.016000

    0. inserted | Split time: 0.000000 | Total time elapsed: 0.000000
10000. inserted | Split time: 0.000000 | Total time elapsed: 0.000000
20000. inserted | Split time: 0.000000 | Total time elapsed: 0.000000
30000. inserted | Split time: 0.016000 | Total time elapsed: 0.016000
40000. inserted | Split time: 0.000000 | Total time elapsed: 0.016000
50000. inserted | Split time: 0.015000 | Total time elapsed: 0.031000
60000. inserted | Split time: 0.000000 | Total time elapsed: 0.031000
70000. inserted | Split time: 0.000000 | Total time elapsed: 0.031000
80000. inserted | Split time: 0.000000 | Total time elapsed: 0.031000
90000. inserted | Split time: 0.016000 | Total time elapsed: 0.047000
Time elapsed (My Hash Insert): 0.047000
Time elapsed (My Hash Find): 0.016000

    0. inserted | Split time: 0.000000 | Total time elapsed: 0.000000
10000. inserted | Split time: 0.000000 | Total time elapsed: 0.000000
20000. inserted | Split time: 0.000000 | Total time elapsed: 0.000000
30000. inserted | Split time: 0.016000 | Total time elapsed: 0.016000
40000. inserted | Split time: 0.000000 | Total time elapsed: 0.016000
50000. inserted | Split time: 0.015000 | Total time elapsed: 0.031000
60000. inserted | Split time: 0.016000 | Total time elapsed: 0.047000
70000. inserted | Split time: 0.000000 | Total time elapsed: 0.047000
80000. inserted | Split time: 0.000000 | Total time elapsed: 0.047000
90000. inserted | Split time: 0.016000 | Total time elapsed: 0.063000
Time elapsed (My Tree Insert): 0.078000
Time elapsed (My Tree Find): 0.016000

    0. inserted | Split time: 0.000000 | Total time elapsed: 0.000000
10000. inserted | Split time: 0.344000 | Total time elapsed: 0.344000
20000. inserted | Split time: 1.047000 | Total time elapsed: 1.391000
30000. inserted | Split time: 1.953000 | Total time elapsed: 3.344000
Time elapsed (My BVS Tree Insert): 6.485000
Time elapsed (My BVS Tree Find): 28.906000
Test n.1:


Random Array:
    0. inserted | Split time: 0.000000 | Total time elapsed: 0.000000
10000. inserted | Split time: 0.032000 | Total time elapsed: 0.032000
20000. inserted | Split time: 0.078000 | Total time elapsed: 0.110000
30000. inserted | Split time: 0.093000 | Total time elapsed: 0.203000
40000. inserted | Split time: 0.125000 | Total time elapsed: 0.328000
50000. inserted | Split time: 0.125000 | Total time elapsed: 0.453000
60000. inserted | Split time: 0.125000 | Total time elapsed: 0.578000
70000. inserted | Split time: 0.141000 | Total time elapsed: 0.719000
80000. inserted | Split time: 0.141000 | Total time elapsed: 0.860000
90000. inserted | Split time: 0.140000 | Total time elapsed: 1.000000
Time elapsed (Stolen Hash Insert): 1.141000
Time elapsed (Stolen Hash Find): 1.125000

    0. inserted | Split time: 0.000000 | Total time elapsed: 0.000000
10000. inserted | Split time: 2.109000 | Total time elapsed: 2.109000
20000. inserted | Split time: 3.859000 | Total time elapsed: 5.968000
30000. inserted | Split time: 3.891000 | Total time elapsed: 9.859000
40000. inserted | Split time: 3.531000 | Total time elapsed: 13.390000
50000. inserted | Split time: 3.172000 | Total time elapsed: 16.562000
60000. inserted | Split time: 2.641000 | Total time elapsed: 19.203000
70000. inserted | Split time: 2.062000 | Total time elapsed: 21.265000
80000. inserted | Split time: 1.766000 | Total time elapsed: 23.031000
90000. inserted | Split time: 1.344000 | Total time elapsed: 24.375000
Time elapsed (Stolen Tree Insert): 25.625000
Time elapsed (Stolen Tree Find): 0.031000

    0. inserted | Split time: 0.000000 | Total time elapsed: 0.000000
10000. inserted | Split time: 0.015000 | Total time elapsed: 0.015000
20000. inserted | Split time: 0.000000 | Total time elapsed: 0.015000
30000. inserted | Split time: 0.000000 | Total time elapsed: 0.015000
40000. inserted | Split time: 0.000000 | Total time elapsed: 0.015000
50000. inserted | Split time: 0.000000 | Total time elapsed: 0.015000
60000. inserted | Split time: 0.016000 | Total time elapsed: 0.031000
70000. inserted | Split time: 0.000000 | Total time elapsed: 0.031000
80000. inserted | Split time: 0.000000 | Total time elapsed: 0.031000
90000. inserted | Split time: 0.000000 | Total time elapsed: 0.031000
Time elapsed (My Hash Insert): 0.031000
Time elapsed (My Hash Find): 0.000000

    0. inserted | Split time: 0.000000 | Total time elapsed: 0.000000
10000. inserted | Split time: 0.016000 | Total time elapsed: 0.016000
20000. inserted | Split time: 0.000000 | Total time elapsed: 0.016000
30000. inserted | Split time: 0.015000 | Total time elapsed: 0.031000
40000. inserted | Split time: 0.000000 | Total time elapsed: 0.031000
50000. inserted | Split time: 0.000000 | Total time elapsed: 0.031000
60000. inserted | Split time: 0.016000 | Total time elapsed: 0.047000
70000. inserted | Split time: 0.000000 | Total time elapsed: 0.047000
80000. inserted | Split time: 0.015000 | Total time elapsed: 0.062000
90000. inserted | Split time: 0.000000 | Total time elapsed: 0.062000
Time elapsed (My Tree Insert): 0.062000
Time elapsed (My Tree Find): 0.016000

    0. inserted | Split time: 0.000000 | Total time elapsed: 0.000000
10000. inserted | Split time: 0.000000 | Total time elapsed: 0.000000
20000. inserted | Split time: 0.000000 | Total time elapsed: 0.000000
30000. inserted | Split time: 0.016000 | Total time elapsed: 0.016000
Time elapsed (My BVS Tree Insert): 0.016000
Time elapsed (My BVS Tree Find): 0.015000


Consecutive Array:
    0. inserted | Split time: 0.000000 | Total time elapsed: 0.000000
10000. inserted | Split time: 0.047000 | Total time elapsed: 0.047000
20000. inserted | Split time: 0.156000 | Total time elapsed: 0.203000
30000. inserted | Split time: 0.328000 | Total time elapsed: 0.531000
40000. inserted | Split time: 0.547000 | Total time elapsed: 1.078000
50000. inserted | Split time: 0.891000 | Total time elapsed: 1.969000
60000. inserted | Split time: 1.328000 | Total time elapsed: 3.297000
70000. inserted | Split time: 1.719000 | Total time elapsed: 5.016000
80000. inserted | Split time: 2.250000 | Total time elapsed: 7.266000
90000. inserted | Split time: 2.812000 | Total time elapsed: 10.078000
Time elapsed (Stolen Hash Insert): 13.625000
Time elapsed (Stolen Hash Find): 13.844000

    0. inserted | Split time: 0.000000 | Total time elapsed: 0.000000
10000. inserted | Split time: 0.000000 | Total time elapsed: 0.000000
20000. inserted | Split time: 0.000000 | Total time elapsed: 0.000000
30000. inserted | Split time: 0.016000 | Total time elapsed: 0.016000
40000. inserted | Split time: 0.000000 | Total time elapsed: 0.016000
50000. inserted | Split time: 0.000000 | Total time elapsed: 0.016000
60000. inserted | Split time: 0.016000 | Total time elapsed: 0.032000
70000. inserted | Split time: 0.000000 | Total time elapsed: 0.032000
80000. inserted | Split time: 0.000000 | Total time elapsed: 0.032000
90000. inserted | Split time: 0.031000 | Total time elapsed: 0.063000
Time elapsed (My Hash Insert): 0.063000
Time elapsed (My Hash Find): 0.000000

    0. inserted | Split time: 0.000000 | Total time elapsed: 0.000000
10000. inserted | Split time: 0.000000 | Total time elapsed: 0.000000
20000. inserted | Split time: 0.015000 | Total time elapsed: 0.015000
30000. inserted | Split time: 0.016000 | Total time elapsed: 0.031000
40000. inserted | Split time: 0.000000 | Total time elapsed: 0.031000
50000. inserted | Split time: 0.016000 | Total time elapsed: 0.047000
60000. inserted | Split time: 0.015000 | Total time elapsed: 0.062000
70000. inserted | Split time: 0.000000 | Total time elapsed: 0.062000
80000. inserted | Split time: 0.016000 | Total time elapsed: 0.078000
90000. inserted | Split time: 0.016000 | Total time elapsed: 0.094000
Time elapsed (My Tree Insert): 0.109000
Time elapsed (My Tree Find): 0.016000

    0. inserted | Split time: 0.000000 | Total time elapsed: 0.000000
10000. inserted | Split time: 0.344000 | Total time elapsed: 0.344000
20000. inserted | Split time: 1.062000 | Total time elapsed: 1.406000
30000. inserted | Split time: 2.110000 | Total time elapsed: 3.516000
Time elapsed (My BVS Tree Insert): 6.860000
Time elapsed (My BVS Tree Find): 27.686000

____________________________________
____________________________________

Test n.1:
Random Array:
    0. inserted | Split time: 0.000000 | Total time elapsed: 0.000000
10000. inserted | Split time: 0.047000 | Total time elapsed: 0.047000
20000. inserted | Split time: 0.078000 | Total time elapsed: 0.125000
30000. inserted | Split time: 0.094000 | Total time elapsed: 0.219000
40000. inserted | Split time: 0.125000 | Total time elapsed: 0.344000
50000. inserted | Split time: 0.125000 | Total time elapsed: 0.469000
60000. inserted | Split time: 0.125000 | Total time elapsed: 0.594000
70000. inserted | Split time: 0.141000 | Total time elapsed: 0.735000
80000. inserted | Split time: 0.125000 | Total time elapsed: 0.860000
90000. inserted | Split time: 0.156000 | Total time elapsed: 1.016000
Time elapsed (Stolen Hash Insert): 1.172000
Time elapsed (Stolen Hash Find): 1.125000

    0. inserted | Split time: 0.000000 | Total time elapsed: 0.000000
10000. inserted | Split time: 2.156000 | Total time elapsed: 2.156000
20000. inserted | Split time: 3.922000 | Total time elapsed: 6.078000
30000. inserted | Split time: 3.922000 | Total time elapsed: 10.000000
40000. inserted | Split time: 3.562000 | Total time elapsed: 13.562000
50000. inserted | Split time: 3.188000 | Total time elapsed: 16.750000
60000. inserted | Split time: 2.657000 | Total time elapsed: 19.407000
70000. inserted | Split time: 2.062000 | Total time elapsed: 21.469000
80000. inserted | Split time: 1.734000 | Total time elapsed: 23.203000
90000. inserted | Split time: 1.344000 | Total time elapsed: 24.547000
Time elapsed (Stolen Tree Insert): 25.797000
Time elapsed (Stolen Tree Find): 0.031000

    0. inserted | Split time: 0.000000 | Total time elapsed: 0.000000
10000. inserted | Split time: 0.000000 | Total time elapsed: 0.000000
20000. inserted | Split time: 0.016000 | Total time elapsed: 0.016000
30000. inserted | Split time: 0.000000 | Total time elapsed: 0.016000
40000. inserted | Split time: 0.000000 | Total time elapsed: 0.016000
50000. inserted | Split time: 0.000000 | Total time elapsed: 0.016000
60000. inserted | Split time: 0.016000 | Total time elapsed: 0.032000
70000. inserted | Split time: 0.000000 | Total time elapsed: 0.032000
80000. inserted | Split time: 0.000000 | Total time elapsed: 0.032000
90000. inserted | Split time: 0.000000 | Total time elapsed: 0.032000
Time elapsed (My Hash Insert): 0.032000
Time elapsed (My Hash Find): 0.000000

    0. inserted | Split time: 0.000000 | Total time elapsed: 0.000000
10000. inserted | Split time: 0.000000 | Total time elapsed: 0.000000
20000. inserted | Split time: 0.000000 | Total time elapsed: 0.000000
30000. inserted | Split time: 0.016000 | Total time elapsed: 0.016000
40000. inserted | Split time: 0.000000 | Total time elapsed: 0.016000
50000. inserted | Split time: 0.016000 | Total time elapsed: 0.032000
60000. inserted | Split time: 0.000000 | Total time elapsed: 0.032000
70000. inserted | Split time: 0.000000 | Total time elapsed: 0.032000
80000. inserted | Split time: 0.015000 | Total time elapsed: 0.047000
90000. inserted | Split time: 0.000000 | Total time elapsed: 0.047000
Time elapsed (My Tree Insert): 0.047000
Time elapsed (My Tree Find): 0.016000

    0. inserted | Split time: 0.000000 | Total time elapsed: 0.000000
10000. inserted | Split time: 0.015000 | Total time elapsed: 0.015000
20000. inserted | Split time: 0.000000 | Total time elapsed: 0.015000
30000. inserted | Split time: 0.000000 | Total time elapsed: 0.015000
Time elapsed (My BVS Tree Insert): 0.015000
Time elapsed (My BVS Tree Find): 0.032000

____________________________________
Consecutive Array:
    0. inserted | Split time: 0.000000 | Total time elapsed: 0.000000
10000. inserted | Split time: 0.047000 | Total time elapsed: 0.047000
20000. inserted | Split time: 0.156000 | Total time elapsed: 0.203000
30000. inserted | Split time: 0.328000 | Total time elapsed: 0.531000
40000. inserted | Split time: 0.547000 | Total time elapsed: 1.078000
50000. inserted | Split time: 0.938000 | Total time elapsed: 2.016000
60000. inserted | Split time: 1.281000 | Total time elapsed: 3.297000
70000. inserted | Split time: 1.797000 | Total time elapsed: 5.094000
80000. inserted | Split time: 2.281000 | Total time elapsed: 7.375000
90000. inserted | Split time: 2.875000 | Total time elapsed: 10.250000
Time elapsed (Stolen Hash Insert): 14.016000
Time elapsed (Stolen Hash Find): 13.656000

    0. inserted | Split time: 0.000000 | Total time elapsed: 0.000000
10000. inserted | Split time: 0.000000 | Total time elapsed: 0.000000
20000. inserted | Split time: 0.016000 | Total time elapsed: 0.016000
30000. inserted | Split time: 0.000000 | Total time elapsed: 0.016000
40000. inserted | Split time: 0.000000 | Total time elapsed: 0.016000
50000. inserted | Split time: 0.016000 | Total time elapsed: 0.032000
60000. inserted | Split time: 0.000000 | Total time elapsed: 0.032000
70000. inserted | Split time: 0.000000 | Total time elapsed: 0.032000
80000. inserted | Split time: 0.000000 | Total time elapsed: 0.032000
90000. inserted | Split time: 0.031000 | Total time elapsed: 0.063000
Time elapsed (My Hash Insert): 0.063000
Time elapsed (My Hash Find): 0.000000

    0. inserted | Split time: 0.000000 | Total time elapsed: 0.000000
10000. inserted | Split time: 0.000000 | Total time elapsed: 0.000000
20000. inserted | Split time: 0.016000 | Total time elapsed: 0.016000
30000. inserted | Split time: 0.000000 | Total time elapsed: 0.016000
40000. inserted | Split time: 0.016000 | Total time elapsed: 0.032000
50000. inserted | Split time: 0.015000 | Total time elapsed: 0.047000
60000. inserted | Split time: 0.000000 | Total time elapsed: 0.047000
70000. inserted | Split time: 0.016000 | Total time elapsed: 0.063000
80000. inserted | Split time: 0.016000 | Total time elapsed: 0.079000
90000. inserted | Split time: 0.000000 | Total time elapsed: 0.079000
Time elapsed (My Tree Insert): 0.094000
Time elapsed (My Tree Find): 0.016000

    0. inserted | Split time: 0.000000 | Total time elapsed: 0.000000
10000. inserted | Split time: 0.344000 | Total time elapsed: 0.344000
20000. inserted | Split time: 1.063000 | Total time elapsed: 1.407000
30000. inserted | Split time: 1.968000 | Total time elapsed: 3.375000
Time elapsed (My BVS Tree Insert): 6.688000
Time elapsed (My BVS Tree Find): 27.609000


Random Array:
    0. inserted | Split time: 0.000000 | Total time elapsed: 0.000000
10000. inserted | Split time: 0.032000 | Total time elapsed: 0.032000
20000. inserted | Split time: 0.078000 | Total time elapsed: 0.110000
30000. inserted | Split time: 0.109000 | Total time elapsed: 0.219000
40000. inserted | Split time: 0.109000 | Total time elapsed: 0.328000
50000. inserted | Split time: 0.125000 | Total time elapsed: 0.453000
60000. inserted | Split time: 0.141000 | Total time elapsed: 0.594000
70000. inserted | Split time: 0.141000 | Total time elapsed: 0.735000
80000. inserted | Split time: 0.140000 | Total time elapsed: 0.875000
90000. inserted | Split time: 0.141000 | Total time elapsed: 1.016000
Time elapsed (Stolen Hash Insert): 1.157000
Time elapsed (Stolen Hash Find): 1.125000

    0. inserted | Split time: 0.000000 | Total time elapsed: 0.000000
10000. inserted | Split time: 2.110000 | Total time elapsed: 2.110000
20000. inserted | Split time: 3.937000 | Total time elapsed: 6.047000
30000. inserted | Split time: 3.891000 | Total time elapsed: 9.938000
40000. inserted | Split time: 3.531000 | Total time elapsed: 13.469000
50000. inserted | Split time: 2.969000 | Total time elapsed: 16.438000
60000. inserted | Split time: 2.547000 | Total time elapsed: 18.985000
70000. inserted | Split time: 2.156000 | Total time elapsed: 21.141000
80000. inserted | Split time: 1.765000 | Total time elapsed: 22.906000
90000. inserted | Split time: 1.422000 | Total time elapsed: 24.328000
Time elapsed (Stolen Tree Insert): 25.485000
Time elapsed (Stolen Tree Find): 0.031000

    0. inserted | Split time: 0.000000 | Total time elapsed: 0.000000
10000. inserted | Split time: 0.015000 | Total time elapsed: 0.015000
20000. inserted | Split time: 0.000000 | Total time elapsed: 0.015000
30000. inserted | Split time: 0.000000 | Total time elapsed: 0.015000
40000. inserted | Split time: 0.016000 | Total time elapsed: 0.031000
50000. inserted | Split time: 0.000000 | Total time elapsed: 0.031000
60000. inserted | Split time: 0.000000 | Total time elapsed: 0.031000
70000. inserted | Split time: 0.000000 | Total time elapsed: 0.031000
80000. inserted | Split time: 0.000000 | Total time elapsed: 0.031000
90000. inserted | Split time: 0.015000 | Total time elapsed: 0.046000
Time elapsed (My Hash Insert): 0.046000
Time elapsed (My Hash Find): 0.000000

    0. inserted | Split time: 0.000000 | Total time elapsed: 0.000000
10000. inserted | Split time: 0.000000 | Total time elapsed: 0.000000
20000. inserted | Split time: 0.000000 | Total time elapsed: 0.000000
30000. inserted | Split time: 0.016000 | Total time elapsed: 0.016000
40000. inserted | Split time: 0.000000 | Total time elapsed: 0.016000
50000. inserted | Split time: 0.000000 | Total time elapsed: 0.016000
60000. inserted | Split time: 0.015000 | Total time elapsed: 0.031000
70000. inserted | Split time: 0.000000 | Total time elapsed: 0.031000
80000. inserted | Split time: 0.016000 | Total time elapsed: 0.047000
90000. inserted | Split time: 0.000000 | Total time elapsed: 0.047000
Time elapsed (My Tree Insert): 0.047000
Time elapsed (My Tree Find): 0.016000

    0. inserted | Split time: 0.000000 | Total time elapsed: 0.000000
10000. inserted | Split time: 0.000000 | Total time elapsed: 0.000000
20000. inserted | Split time: 0.000000 | Total time elapsed: 0.000000
30000. inserted | Split time: 0.000000 | Total time elapsed: 0.000000
Time elapsed (My BVS Tree Insert): 0.000000
Time elapsed (My BVS Tree Find): 0.031000


Consecutive Array:
    0. inserted | Split time: 0.000000 | Total time elapsed: 0.000000
10000. inserted | Split time: 0.047000 | Total time elapsed: 0.047000
20000. inserted | Split time: 0.172000 | Total time elapsed: 0.219000
30000. inserted | Split time: 0.312000 | Total time elapsed: 0.531000
40000. inserted | Split time: 0.594000 | Total time elapsed: 1.125000
50000. inserted | Split time: 0.937000 | Total time elapsed: 2.062000
60000. inserted | Split time: 1.360000 | Total time elapsed: 3.422000
70000. inserted | Split time: 1.813000 | Total time elapsed: 5.235000
80000. inserted | Split time: 2.343000 | Total time elapsed: 7.578000
90000. inserted | Split time: 3.078000 | Total time elapsed: 10.656000
Time elapsed (Stolen Hash Insert): 14.641000
Time elapsed (Stolen Hash Find): 14.250000

    0. inserted | Split time: 0.000000 | Total time elapsed: 0.000000
10000. inserted | Split time: 2.156000 | Total time elapsed: 2.156000
20000. inserted | Split time: 6.703000 | Total time elapsed: 8.859000
30000. inserted | Split time: 11.844000 | Total time elapsed: 20.703000
40000. inserted | Split time: 17.828000 | Total time elapsed: 38.531000
50000. inserted | Split time: 32.734000 | Total time elapsed: 71.265000
60000. inserted | Split time: 30.907000 | Total time elapsed: 102.172000
70000. inserted | Split time: 42.282000 | Total time elapsed: 144.454000
80000. inserted | Split time: 47.452000 | Total time elapsed: 191.906000
90000. inserted | Split time: 58.048000 | Total time elapsed: 249.954000
Time elapsed (Stolen Tree Insert): 312.250000
Time elapsed (Stolen Tree Find): 0.016000

    0. inserted | Split time: 0.000000 | Total time elapsed: 0.000000
10000. inserted | Split time: 2.188000 | Total time elapsed: 2.188000
20000. inserted | Split time: 6.781000 | Total time elapsed: 8.969000
30000. inserted | Split time: 12.000000 | Total time elapsed: 20.969000
40000. inserted | Split time: 17.469000 | Total time elapsed: 38.438000
50000. inserted | Split time: 32.156000 | Total time elapsed: 70.594000
60000. inserted | Split time: 31.922000 | Total time elapsed: 102.516000
70000. inserted | Split time: 41.593000 | Total time elapsed: 144.109000
80000. inserted | Split time: 48.720000 | Total time elapsed: 192.829000
90000. inserted | Split time: 54.562000 | Total time elapsed: 247.391000
Time elapsed (Stolen Tree Insert): 308.126000
Time elapsed (Stolen Tree Find): 0.015000

    0. inserted | Split time: 0.000000 | Total time elapsed: 0.000000
10000. inserted | Split time: 0.000000 | Total time elapsed: 0.000000
20000. inserted | Split time: 0.015000 | Total time elapsed: 0.015000
30000. inserted | Split time: 0.000000 | Total time elapsed: 0.015000
40000. inserted | Split time: 0.000000 | Total time elapsed: 0.015000
50000. inserted | Split time: 0.016000 | Total time elapsed: 0.031000
60000. inserted | Split time: 0.000000 | Total time elapsed: 0.031000
70000. inserted | Split time: 0.000000 | Total time elapsed: 0.031000
80000. inserted | Split time: 0.016000 | Total time elapsed: 0.047000
90000. inserted | Split time: 0.015000 | Total time elapsed: 0.062000
Time elapsed (My Hash Insert): 0.062000
Time elapsed (My Hash Find): 0.016000

    0. inserted | Split time: 0.000000 | Total time elapsed: 0.000000
10000. inserted | Split time: 0.000000 | Total time elapsed: 0.000000
20000. inserted | Split time: 0.000000 | Total time elapsed: 0.000000
30000. inserted | Split time: 0.016000 | Total time elapsed: 0.016000
40000. inserted | Split time: 0.015000 | Total time elapsed: 0.031000
50000. inserted | Split time: 0.000000 | Total time elapsed: 0.031000
60000. inserted | Split time: 0.016000 | Total time elapsed: 0.047000
70000. inserted | Split time: 0.000000 | Total time elapsed: 0.047000
80000. inserted | Split time: 0.015000 | Total time elapsed: 0.062000
90000. inserted | Split time: 0.016000 | Total time elapsed: 0.078000
Time elapsed (My Tree Insert): 0.094000
Time elapsed (My Tree Find): 0.015000

    0. inserted | Split time: 0.000000 | Total time elapsed: 0.000000
10000. inserted | Split time: 2.172000 | Total time elapsed: 2.172000
20000. inserted | Split time: 6.672000 | Total time elapsed: 8.844000
30000. inserted | Split time: 11.687000 | Total time elapsed: 20.531000
40000. inserted | Split time: 17.141000 | Total time elapsed: 37.672000
50000. inserted | Split time: 23.938000 | Total time elapsed: 61.610000
60000. inserted | Split time: 32.328000 | Total time elapsed: 93.938000
70000. inserted | Split time: 40.827000 | Total time elapsed: 134.765000
80000. inserted | Split time: 48.110000 | Total time elapsed: 182.875000
90000. inserted | Split time: 54.734000 | Total time elapsed: 237.609000
Time elapsed (Stolen Tree Insert): 297.515000
Time elapsed (Stolen Tree Find): 0.031000

    0. inserted | Split time: 0.000000 | Total time elapsed: 0.000000
10000. inserted | Split time: 0.344000 | Total time elapsed: 0.344000
20000. inserted | Split time: 1.047000 | Total time elapsed: 1.391000
30000. inserted | Split time: 2.016000 | Total time elapsed: 3.407000
Time elapsed (My BVS Tree Insert): 6.735000
Time elapsed (My BVS Tree Find): 27.750000
Test n.2:


Random Array:
    0. inserted | Split time: 0.000000 | Total time elapsed: 0.000000
10000. inserted | Split time: 0.031000 | Total time elapsed: 0.031000
20000. inserted | Split time: 0.078000 | Total time elapsed: 0.109000
30000. inserted | Split time: 0.094000 | Total time elapsed: 0.203000
40000. inserted | Split time: 0.125000 | Total time elapsed: 0.328000
50000. inserted | Split time: 0.141000 | Total time elapsed: 0.469000
60000. inserted | Split time: 0.125000 | Total time elapsed: 0.594000
70000. inserted | Split time: 0.140000 | Total time elapsed: 0.734000
80000. inserted | Split time: 0.141000 | Total time elapsed: 0.875000
90000. inserted | Split time: 0.141000 | Total time elapsed: 1.016000
Time elapsed (Stolen Hash Insert): 1.172000
Time elapsed (Stolen Hash Find): 1.141000

    0. inserted | Split time: 0.000000 | Total time elapsed: 0.000000
10000. inserted | Split time: 2.156000 | Total time elapsed: 2.156000
20000. inserted | Split time: 3.875000 | Total time elapsed: 6.031000
30000. inserted | Split time: 3.875000 | Total time elapsed: 9.906000
40000. inserted | Split time: 3.499000 | Total time elapsed: 13.405000
50000. inserted | Split time: 3.078000 | Total time elapsed: 16.483000
60000. inserted | Split time: 2.532000 | Total time elapsed: 19.015000
70000. inserted | Split time: 2.187000 | Total time elapsed: 21.202000
80000. inserted | Split time: 1.766000 | Total time elapsed: 22.968000
90000. inserted | Split time: 1.500000 | Total time elapsed: 24.468000
Time elapsed (Stolen Tree Insert): 25.640000
Time elapsed (Stolen Tree Find): 0.031000

    0. inserted | Split time: 0.000000 | Total time elapsed: 0.000000
10000. inserted | Split time: 0.000000 | Total time elapsed: 0.000000
20000. inserted | Split time: 0.000000 | Total time elapsed: 0.000000
30000. inserted | Split time: 0.015000 | Total time elapsed: 0.015000
40000. inserted | Split time: 0.000000 | Total time elapsed: 0.015000
50000. inserted | Split time: 0.000000 | Total time elapsed: 0.015000
60000. inserted | Split time: 0.016000 | Total time elapsed: 0.031000
70000. inserted | Split time: 0.000000 | Total time elapsed: 0.031000
80000. inserted | Split time: 0.000000 | Total time elapsed: 0.031000
90000. inserted | Split time: 0.000000 | Total time elapsed: 0.031000
Time elapsed (My Hash Insert): 0.031000
Time elapsed (My Hash Find): 0.016000

    0. inserted | Split time: 0.000000 | Total time elapsed: 0.000000
10000. inserted | Split time: 0.015000 | Total time elapsed: 0.015000
20000. inserted | Split time: 0.000000 | Total time elapsed: 0.015000
30000. inserted | Split time: 0.016000 | Total time elapsed: 0.031000
40000. inserted | Split time: 0.000000 | Total time elapsed: 0.031000
50000. inserted | Split time: 0.016000 | Total time elapsed: 0.047000
60000. inserted | Split time: 0.000000 | Total time elapsed: 0.047000
70000. inserted | Split time: 0.000000 | Total time elapsed: 0.047000
80000. inserted | Split time: 0.015000 | Total time elapsed: 0.062000
90000. inserted | Split time: 0.000000 | Total time elapsed: 0.062000
Time elapsed (My Tree Insert): 0.078000
Time elapsed (My Tree Find): 0.015000

    0. inserted | Split time: 0.000000 | Total time elapsed: 0.000000
10000. inserted | Split time: 0.000000 | Total time elapsed: 0.000000
20000. inserted | Split time: 0.000000 | Total time elapsed: 0.000000
30000. inserted | Split time: 0.000000 | Total time elapsed: 0.000000
Time elapsed (My BVS Tree Insert): 0.000000
Time elapsed (My BVS Tree Find): 0.031000


Consecutive Array:
    0. inserted | Split time: 0.000000 | Total time elapsed: 0.000000
10000. inserted | Split time: 0.047000 | Total time elapsed: 0.047000
20000. inserted | Split time: 0.172000 | Total time elapsed: 0.219000
30000. inserted | Split time: 0.328000 | Total time elapsed: 0.547000
40000. inserted | Split time: 0.594000 | Total time elapsed: 1.141000
50000. inserted | Split time: 0.985000 | Total time elapsed: 2.126000
60000. inserted | Split time: 1.343000 | Total time elapsed: 3.469000
70000. inserted | Split time: 1.797000 | Total time elapsed: 5.266000
80000. inserted | Split time: 2.328000 | Total time elapsed: 7.594000
90000. inserted | Split time: 2.922000 | Total time elapsed: 10.516000
Time elapsed (Stolen Hash Insert): 14.266000
Time elapsed (Stolen Hash Find): 14.078000

    0. inserted | Split time: 0.000000 | Total time elapsed: 0.000000
10000. inserted | Split time: 0.016000 | Total time elapsed: 0.016000
20000. inserted | Split time: 0.000000 | Total time elapsed: 0.016000
30000. inserted | Split time: 0.016000 | Total time elapsed: 0.032000
40000. inserted | Split time: 0.000000 | Total time elapsed: 0.032000
50000. inserted | Split time: 0.015000 | Total time elapsed: 0.047000
60000. inserted | Split time: 0.000000 | Total time elapsed: 0.047000
70000. inserted | Split time: 0.000000 | Total time elapsed: 0.047000
80000. inserted | Split time: 0.000000 | Total time elapsed: 0.047000
90000. inserted | Split time: 0.016000 | Total time elapsed: 0.063000
Time elapsed (My Hash Insert): 0.063000
Time elapsed (My Hash Find): 0.015000

    0. inserted | Split time: 0.000000 | Total time elapsed: 0.000000
10000. inserted | Split time: 0.000000 | Total time elapsed: 0.000000
20000. inserted | Split time: 0.016000 | Total time elapsed: 0.016000
30000. inserted | Split time: 0.000000 | Total time elapsed: 0.016000
40000. inserted | Split time: 0.015000 | Total time elapsed: 0.031000
50000. inserted | Split time: 0.016000 | Total time elapsed: 0.047000
60000. inserted | Split time: 0.000000 | Total time elapsed: 0.047000
70000. inserted | Split time: 0.016000 | Total time elapsed: 0.063000
80000. inserted | Split time: 0.015000 | Total time elapsed: 0.078000
90000. inserted | Split time: 0.000000 | Total time elapsed: 0.078000
Time elapsed (My Tree Insert): 0.094000
Time elapsed (My Tree Find): 0.015000

    0. inserted | Split time: 0.000000 | Total time elapsed: 0.000000
10000. inserted | Split time: 0.344000 | Total time elapsed: 0.344000
20000. inserted | Split time: 1.063000 | Total time elapsed: 1.407000
30000. inserted | Split time: 2.031000 | Total time elapsed: 3.438000
Time elapsed (My BVS Tree Insert): 6.844000
Time elapsed (My BVS Tree Find): 28.406000

____________________________________
____________________________________

Test n.2:
Random Array:
    0. inserted | Split time: 0.000000 | Total time elapsed: 0.000000
10000. inserted | Split time: 0.031000 | Total time elapsed: 0.031000
20000. inserted | Split time: 0.078000 | Total time elapsed: 0.109000
30000. inserted | Split time: 0.110000 | Total time elapsed: 0.219000
40000. inserted | Split time: 0.109000 | Total time elapsed: 0.328000
50000. inserted | Split time: 0.125000 | Total time elapsed: 0.453000
60000. inserted | Split time: 0.125000 | Total time elapsed: 0.578000
70000. inserted | Split time: 0.140000 | Total time elapsed: 0.718000
80000. inserted | Split time: 0.141000 | Total time elapsed: 0.859000
90000. inserted | Split time: 0.140000 | Total time elapsed: 0.999000
Time elapsed (Stolen Hash Insert): 1.156000
Time elapsed (Stolen Hash Find): 1.156000

    0. inserted | Split time: 0.000000 | Total time elapsed: 0.000000
10000. inserted | Split time: 2.125000 | Total time elapsed: 2.125000
20000. inserted | Split time: 3.984000 | Total time elapsed: 6.109000
30000. inserted | Split time: 3.844000 | Total time elapsed: 9.953000
40000. inserted | Split time: 3.484000 | Total time elapsed: 13.437000
50000. inserted | Split time: 3.000000 | Total time elapsed: 16.437000
60000. inserted | Split time: 2.469000 | Total time elapsed: 18.906000
70000. inserted | Split time: 2.172000 | Total time elapsed: 21.078000
80000. inserted | Split time: 1.703000 | Total time elapsed: 22.781000
90000. inserted | Split time: 1.484000 | Total time elapsed: 24.265000
Time elapsed (Stolen Tree Insert): 25.421000
Time elapsed (Stolen Tree Find): 0.032000

    0. inserted | Split time: 0.000000 | Total time elapsed: 0.000000
10000. inserted | Split time: 0.000000 | Total time elapsed: 0.000000
20000. inserted | Split time: 0.016000 | Total time elapsed: 0.016000
30000. inserted | Split time: 0.000000 | Total time elapsed: 0.016000
40000. inserted | Split time: 0.000000 | Total time elapsed: 0.016000
50000. inserted | Split time: 0.000000 | Total time elapsed: 0.016000
60000. inserted | Split time: 0.015000 | Total time elapsed: 0.031000
70000. inserted | Split time: 0.000000 | Total time elapsed: 0.031000
80000. inserted | Split time: 0.000000 | Total time elapsed: 0.031000
90000. inserted | Split time: 0.000000 | Total time elapsed: 0.031000
Time elapsed (My Hash Insert): 0.031000
Time elapsed (My Hash Find): 0.000000

    0. inserted | Split time: 0.000000 | Total time elapsed: 0.000000
10000. inserted | Split time: 0.000000 | Total time elapsed: 0.000000
20000. inserted | Split time: 0.000000 | Total time elapsed: 0.000000
30000. inserted | Split time: 0.015000 | Total time elapsed: 0.015000
40000. inserted | Split time: 0.000000 | Total time elapsed: 0.015000
50000. inserted | Split time: 0.016000 | Total time elapsed: 0.031000
60000. inserted | Split time: 0.000000 | Total time elapsed: 0.031000
70000. inserted | Split time: 0.016000 | Total time elapsed: 0.047000
80000. inserted | Split time: 0.000000 | Total time elapsed: 0.047000
90000. inserted | Split time: 0.015000 | Total time elapsed: 0.062000
Time elapsed (My Tree Insert): 0.062000
Time elapsed (My Tree Find): 0.032000

    0. inserted | Split time: 0.000000 | Total time elapsed: 0.000000
10000. inserted | Split time: 0.000000 | Total time elapsed: 0.000000
20000. inserted | Split time: 0.000000 | Total time elapsed: 0.000000
30000. inserted | Split time: 0.000000 | Total time elapsed: 0.000000
Time elapsed (My BVS Tree Insert): 0.000000
Time elapsed (My BVS Tree Find): 0.031000

____________________________________
Consecutive Array:
    0. inserted | Split time: 0.000000 | Total time elapsed: 0.000000
10000. inserted | Split time: 0.047000 | Total time elapsed: 0.047000
20000. inserted | Split time: 0.172000 | Total time elapsed: 0.219000
30000. inserted | Split time: 0.296000 | Total time elapsed: 0.515000
40000. inserted | Split time: 0.579000 | Total time elapsed: 1.094000
50000. inserted | Split time: 0.953000 | Total time elapsed: 2.047000
60000. inserted | Split time: 1.422000 | Total time elapsed: 3.469000
70000. inserted | Split time: 1.812000 | Total time elapsed: 5.281000
80000. inserted | Split time: 2.235000 | Total time elapsed: 7.516000
90000. inserted | Split time: 2.922000 | Total time elapsed: 10.438000
Time elapsed (Stolen Hash Insert): 14.172000
Time elapsed (Stolen Hash Find): 13.609000

    0. inserted | Split time: 0.000000 | Total time elapsed: 0.000000
10000. inserted | Split time: 0.015000 | Total time elapsed: 0.015000
20000. inserted | Split time: 0.000000 | Total time elapsed: 0.015000
30000. inserted | Split time: 0.000000 | Total time elapsed: 0.015000
40000. inserted | Split time: 0.016000 | Total time elapsed: 0.031000
50000. inserted | Split time: 0.000000 | Total time elapsed: 0.031000
60000. inserted | Split time: 0.000000 | Total time elapsed: 0.031000
70000. inserted | Split time: 0.016000 | Total time elapsed: 0.047000
80000. inserted | Split time: 0.000000 | Total time elapsed: 0.047000
90000. inserted | Split time: 0.015000 | Total time elapsed: 0.062000
Time elapsed (My Hash Insert): 0.078000
Time elapsed (My Hash Find): 0.000000

    0. inserted | Split time: 0.000000 | Total time elapsed: 0.000000
10000. inserted | Split time: 0.000000 | Total time elapsed: 0.000000
20000. inserted | Split time: 0.000000 | Total time elapsed: 0.000000
30000. inserted | Split time: 0.015000 | Total time elapsed: 0.015000
40000. inserted | Split time: 0.000000 | Total time elapsed: 0.015000
50000. inserted | Split time: 0.016000 | Total time elapsed: 0.031000
60000. inserted | Split time: 0.015000 | Total time elapsed: 0.046000
70000. inserted | Split time: 0.000000 | Total time elapsed: 0.046000
80000. inserted | Split time: 0.016000 | Total time elapsed: 0.062000
90000. inserted | Split time: 0.000000 | Total time elapsed: 0.062000
Time elapsed (My Tree Insert): 0.078000
Time elapsed (My Tree Find): 0.015000

    0. inserted | Split time: 0.000000 | Total time elapsed: 0.000000
10000. inserted | Split time: 0.328000 | Total time elapsed: 0.328000
20000. inserted | Split time: 1.062000 | Total time elapsed: 1.390000
30000. inserted | Split time: 1.969000 | Total time elapsed: 3.359000
Time elapsed (My BVS Tree Insert): 6.641000
Time elapsed (My BVS Tree Find): 29.125000


Random Array:
    0. inserted | Split time: 0.000000 | Total time elapsed: 0.000000
10000. inserted | Split time: 0.031000 | Total time elapsed: 0.031000
20000. inserted | Split time: 0.078000 | Total time elapsed: 0.109000
30000. inserted | Split time: 0.109000 | Total time elapsed: 0.218000
40000. inserted | Split time: 0.125000 | Total time elapsed: 0.343000
50000. inserted | Split time: 0.110000 | Total time elapsed: 0.453000
60000. inserted | Split time: 0.140000 | Total time elapsed: 0.593000
70000. inserted | Split time: 0.125000 | Total time elapsed: 0.718000
80000. inserted | Split time: 0.141000 | Total time elapsed: 0.859000
90000. inserted | Split time: 0.172000 | Total time elapsed: 1.031000
Time elapsed (Stolen Hash Insert): 1.172000
Time elapsed (Stolen Hash Find): 1.187000

    0. inserted | Split time: 0.000000 | Total time elapsed: 0.000000
10000. inserted | Split time: 2.219000 | Total time elapsed: 2.219000
20000. inserted | Split time: 4.062000 | Total time elapsed: 6.281000
30000. inserted | Split time: 4.048000 | Total time elapsed: 10.329000
40000. inserted | Split time: 4.172000 | Total time elapsed: 14.501000
50000. inserted | Split time: 3.281000 | Total time elapsed: 17.782000
60000. inserted | Split time: 3.359000 | Total time elapsed: 21.141000
70000. inserted | Split time: 3.297000 | Total time elapsed: 24.438000
80000. inserted | Split time: 2.078000 | Total time elapsed: 26.516000
90000. inserted | Split time: 2.125000 | Total time elapsed: 28.641000
Time elapsed (Stolen Tree Insert): 30.703000
Time elapsed (Stolen Tree Find): 0.047000

    0. inserted | Split time: 0.000000 | Total time elapsed: 0.000000
10000. inserted | Split time: 0.015000 | Total time elapsed: 0.015000
20000. inserted | Split time: 0.000000 | Total time elapsed: 0.015000
30000. inserted | Split time: 0.000000 | Total time elapsed: 0.015000
40000. inserted | Split time: 0.000000 | Total time elapsed: 0.015000
50000. inserted | Split time: 0.000000 | Total time elapsed: 0.015000
60000. inserted | Split time: 0.015000 | Total time elapsed: 0.030000
70000. inserted | Split time: 0.000000 | Total time elapsed: 0.030000
80000. inserted | Split time: 0.000000 | Total time elapsed: 0.030000
90000. inserted | Split time: 0.000000 | Total time elapsed: 0.030000
Time elapsed (My Hash Insert): 0.030000
Time elapsed (My Hash Find): 0.016000

    0. inserted | Split time: 0.000000 | Total time elapsed: 0.000000
10000. inserted | Split time: 0.000000 | Total time elapsed: 0.000000
20000. inserted | Split time: 0.015000 | Total time elapsed: 0.015000
30000. inserted | Split time: 0.000000 | Total time elapsed: 0.015000
40000. inserted | Split time: 0.016000 | Total time elapsed: 0.031000
50000. inserted | Split time: 0.000000 | Total time elapsed: 0.031000
60000. inserted | Split time: 0.016000 | Total time elapsed: 0.047000
70000. inserted | Split time: 0.000000 | Total time elapsed: 0.047000
80000. inserted | Split time: 0.015000 | Total time elapsed: 0.062000
90000. inserted | Split time: 0.000000 | Total time elapsed: 0.062000
Time elapsed (My Tree Insert): 0.062000
Time elapsed (My Tree Find): 0.032000

    0. inserted | Split time: 0.000000 | Total time elapsed: 0.000000
10000. inserted | Split time: 0.000000 | Total time elapsed: 0.000000
20000. inserted | Split time: 0.000000 | Total time elapsed: 0.000000
30000. inserted | Split time: 0.000000 | Total time elapsed: 0.000000
Time elapsed (My BVS Tree Insert): 0.015000
Time elapsed (My BVS Tree Find): 0.016000


Consecutive Array:
    0. inserted | Split time: 0.000000 | Total time elapsed: 0.000000
10000. inserted | Split time: 0.047000 | Total time elapsed: 0.047000
20000. inserted | Split time: 0.157000 | Total time elapsed: 0.204000
30000. inserted | Split time: 0.328000 | Total time elapsed: 0.532000
40000. inserted | Split time: 0.547000 | Total time elapsed: 1.079000
50000. inserted | Split time: 0.937000 | Total time elapsed: 2.016000
60000. inserted | Split time: 1.344000 | Total time elapsed: 3.360000
70000. inserted | Split time: 1.797000 | Total time elapsed: 5.157000
80000. inserted | Split time: 2.328000 | Total time elapsed: 7.485000
90000. inserted | Split time: 3.016000 | Total time elapsed: 10.501000
Time elapsed (Stolen Hash Insert): 14.313000
Time elapsed (Stolen Hash Find): 13.953000

    0. inserted | Split time: 0.000000 | Total time elapsed: 0.000000
10000. inserted | Split time: 2.172000 | Total time elapsed: 2.172000
20000. inserted | Split time: 6.844000 | Total time elapsed: 9.016000
30000. inserted | Split time: 11.984000 | Total time elapsed: 21.000000
40000. inserted | Split time: 19.297000 | Total time elapsed: 40.297000
50000. inserted | Split time: 34.000000 | Total time elapsed: 74.297000
60000. inserted | Split time: 34.047000 | Total time elapsed: 108.344000
70000. inserted | Split time: 46.907000 | Total time elapsed: 155.251000
80000. inserted | Split time: 51.718000 | Total time elapsed: 206.969000
90000. inserted | Split time: 67.672000 | Total time elapsed: 274.641000
Time elapsed (Stolen Tree Insert): 344.204000
Time elapsed (Stolen Tree Find): 0.015000

    0. inserted | Split time: 0.000000 | Total time elapsed: 0.000000
10000. inserted | Split time: 2.172000 | Total time elapsed: 2.172000
20000. inserted | Split time: 6.687000 | Total time elapsed: 8.859000
30000. inserted | Split time: 12.078000 | Total time elapsed: 20.937000
40000. inserted | Split time: 17.688000 | Total time elapsed: 38.625000
50000. inserted | Split time: 33.031000 | Total time elapsed: 71.656000
60000. inserted | Split time: 40.906000 | Total time elapsed: 112.562000
70000. inserted | Split time: 50.516000 | Total time elapsed: 163.078000
80000. inserted | Split time: 53.078000 | Total time elapsed: 216.156000
90000. inserted | Split time: 58.047000 | Total time elapsed: 274.203000
Time elapsed (Stolen Tree Insert): 338.343000
Time elapsed (Stolen Tree Find): 0.016000

    0. inserted | Split time: 0.000000 | Total time elapsed: 0.000000
10000. inserted | Split time: 0.000000 | Total time elapsed: 0.000000
20000. inserted | Split time: 0.000000 | Total time elapsed: 0.000000
30000. inserted | Split time: 0.015000 | Total time elapsed: 0.015000
40000. inserted | Split time: 0.000000 | Total time elapsed: 0.015000
50000. inserted | Split time: 0.000000 | Total time elapsed: 0.015000
60000. inserted | Split time: 0.000000 | Total time elapsed: 0.015000
70000. inserted | Split time: 0.016000 | Total time elapsed: 0.031000
80000. inserted | Split time: 0.000000 | Total time elapsed: 0.031000
90000. inserted | Split time: 0.015000 | Total time elapsed: 0.046000
Time elapsed (My Hash Insert): 0.046000
Time elapsed (My Hash Find): 0.016000

    0. inserted | Split time: 0.000000 | Total time elapsed: 0.000000
10000. inserted | Split time: 0.016000 | Total time elapsed: 0.016000
20000. inserted | Split time: 0.015000 | Total time elapsed: 0.031000
30000. inserted | Split time: 0.000000 | Total time elapsed: 0.031000
40000. inserted | Split time: 0.016000 | Total time elapsed: 0.047000
50000. inserted | Split time: 0.000000 | Total time elapsed: 0.047000
60000. inserted | Split time: 0.016000 | Total time elapsed: 0.063000
70000. inserted | Split time: 0.015000 | Total time elapsed: 0.078000
80000. inserted | Split time: 0.000000 | Total time elapsed: 0.078000
90000. inserted | Split time: 0.016000 | Total time elapsed: 0.094000
Time elapsed (My Tree Insert): 0.109000
Time elapsed (My Tree Find): 0.016000

    0. inserted | Split time: 0.000000 | Total time elapsed: 0.000000
10000. inserted | Split time: 2.125000 | Total time elapsed: 2.125000
20000. inserted | Split time: 6.563000 | Total time elapsed: 8.688000
30000. inserted | Split time: 13.437000 | Total time elapsed: 22.125000
40000. inserted | Split time: 17.719000 | Total time elapsed: 39.844000
50000. inserted | Split time: 26.156000 | Total time elapsed: 66.000000
60000. inserted | Split time: 36.375000 | Total time elapsed: 102.375000
70000. inserted | Split time: 46.437000 | Total time elapsed: 148.812000
80000. inserted | Split time: 54.516000 | Total time elapsed: 203.328000
90000. inserted | Split time: 62.047000 | Total time elapsed: 265.375000
Time elapsed (Stolen Tree Insert): 335.062000
Time elapsed (Stolen Tree Find): 0.032000

    0. inserted | Split time: 0.000000 | Total time elapsed: 0.000000
10000. inserted | Split time: 0.328000 | Total time elapsed: 0.328000
20000. inserted | Split time: 1.078000 | Total time elapsed: 1.406000
30000. inserted | Split time: 1.906000 | Total time elapsed: 3.312000
Time elapsed (My BVS Tree Insert): 6.593000
Time elapsed (My BVS Tree Find): 26.954000
Test n.3:


Random Array:
    0. inserted | Split time: 0.000000 | Total time elapsed: 0.000000
10000. inserted | Split time: 0.031000 | Total time elapsed: 0.031000
20000. inserted | Split time: 0.078000 | Total time elapsed: 0.109000
30000. inserted | Split time: 0.094000 | Total time elapsed: 0.203000
40000. inserted | Split time: 0.125000 | Total time elapsed: 0.328000
50000. inserted | Split time: 0.125000 | Total time elapsed: 0.453000
60000. inserted | Split time: 0.125000 | Total time elapsed: 0.578000
70000. inserted | Split time: 0.125000 | Total time elapsed: 0.703000
80000. inserted | Split time: 0.172000 | Total time elapsed: 0.875000
90000. inserted | Split time: 0.156000 | Total time elapsed: 1.031000
Time elapsed (Stolen Hash Insert): 1.172000
Time elapsed (Stolen Hash Find): 1.109000

    0. inserted | Split time: 0.000000 | Total time elapsed: 0.000000
10000. inserted | Split time: 2.141000 | Total time elapsed: 2.141000
20000. inserted | Split time: 3.921000 | Total time elapsed: 6.062000
30000. inserted | Split time: 3.907000 | Total time elapsed: 9.969000
40000. inserted | Split time: 3.484000 | Total time elapsed: 13.453000
50000. inserted | Split time: 3.094000 | Total time elapsed: 16.547000
60000. inserted | Split time: 2.515000 | Total time elapsed: 19.062000
70000. inserted | Split time: 2.172000 | Total time elapsed: 21.234000
80000. inserted | Split time: 1.844000 | Total time elapsed: 23.078000
90000. inserted | Split time: 1.563000 | Total time elapsed: 24.641000
Time elapsed (Stolen Tree Insert): 25.750000
Time elapsed (Stolen Tree Find): 0.031000

    0. inserted | Split time: 0.000000 | Total time elapsed: 0.000000
10000. inserted | Split time: 0.000000 | Total time elapsed: 0.000000
20000. inserted | Split time: 0.016000 | Total time elapsed: 0.016000
30000. inserted | Split time: 0.000000 | Total time elapsed: 0.016000
40000. inserted | Split time: 0.000000 | Total time elapsed: 0.016000
50000. inserted | Split time: 0.000000 | Total time elapsed: 0.016000
60000. inserted | Split time: 0.016000 | Total time elapsed: 0.032000
70000. inserted | Split time: 0.000000 | Total time elapsed: 0.032000
80000. inserted | Split time: 0.000000 | Total time elapsed: 0.032000
90000. inserted | Split time: 0.000000 | Total time elapsed: 0.032000
Time elapsed (My Hash Insert): 0.032000
Time elapsed (My Hash Find): 0.015000

    0. inserted | Split time: 0.000000 | Total time elapsed: 0.000000
10000. inserted | Split time: 0.000000 | Total time elapsed: 0.000000
20000. inserted | Split time: 0.016000 | Total time elapsed: 0.016000
30000. inserted | Split time: 0.000000 | Total time elapsed: 0.016000
40000. inserted | Split time: 0.000000 | Total time elapsed: 0.016000
50000. inserted | Split time: 0.015000 | Total time elapsed: 0.031000
60000. inserted | Split time: 0.000000 | Total time elapsed: 0.031000
70000. inserted | Split time: 0.016000 | Total time elapsed: 0.047000
80000. inserted | Split time: 0.000000 | Total time elapsed: 0.047000
90000. inserted | Split time: 0.015000 | Total time elapsed: 0.062000
Time elapsed (My Tree Insert): 0.062000
Time elapsed (My Tree Find): 0.016000

    0. inserted | Split time: 0.000000 | Total time elapsed: 0.000000
10000. inserted | Split time: 0.000000 | Total time elapsed: 0.000000
20000. inserted | Split time: 0.000000 | Total time elapsed: 0.000000
30000. inserted | Split time: 0.000000 | Total time elapsed: 0.000000
Time elapsed (My BVS Tree Insert): 0.016000
Time elapsed (My BVS Tree Find): 0.000000


Consecutive Array:
    0. inserted | Split time: 0.000000 | Total time elapsed: 0.000000
10000. inserted | Split time: 0.031000 | Total time elapsed: 0.031000
20000. inserted | Split time: 0.172000 | Total time elapsed: 0.203000
30000. inserted | Split time: 0.312000 | Total time elapsed: 0.515000
40000. inserted | Split time: 0.547000 | Total time elapsed: 1.062000
50000. inserted | Split time: 0.891000 | Total time elapsed: 1.953000
60000. inserted | Split time: 1.281000 | Total time elapsed: 3.234000
70000. inserted | Split time: 1.641000 | Total time elapsed: 4.875000
80000. inserted | Split time: 2.156000 | Total time elapsed: 7.031000
90000. inserted | Split time: 2.719000 | Total time elapsed: 9.750000
Time elapsed (Stolen Hash Insert): 13.406000
Time elapsed (Stolen Hash Find): 13.203000

    0. inserted | Split time: 0.000000 | Total time elapsed: 0.000000
10000. inserted | Split time: 0.000000 | Total time elapsed: 0.000000
20000. inserted | Split time: 0.000000 | Total time elapsed: 0.000000
30000. inserted | Split time: 0.016000 | Total time elapsed: 0.016000
40000. inserted | Split time: 0.000000 | Total time elapsed: 0.016000
50000. inserted | Split time: 0.016000 | Total time elapsed: 0.032000
60000. inserted | Split time: 0.000000 | Total time elapsed: 0.032000
70000. inserted | Split time: 0.000000 | Total time elapsed: 0.032000
80000. inserted | Split time: 0.000000 | Total time elapsed: 0.032000
90000. inserted | Split time: 0.015000 | Total time elapsed: 0.047000
Time elapsed (My Hash Insert): 0.063000
Time elapsed (My Hash Find): 0.000000

    0. inserted | Split time: 0.000000 | Total time elapsed: 0.000000
10000. inserted | Split time: 0.000000 | Total time elapsed: 0.000000
20000. inserted | Split time: 0.015000 | Total time elapsed: 0.015000
30000. inserted | Split time: 0.000000 | Total time elapsed: 0.015000
40000. inserted | Split time: 0.016000 | Total time elapsed: 0.031000
50000. inserted | Split time: 0.015000 | Total time elapsed: 0.046000
60000. inserted | Split time: 0.000000 | Total time elapsed: 0.046000
70000. inserted | Split time: 0.016000 | Total time elapsed: 0.062000
80000. inserted | Split time: 0.016000 | Total time elapsed: 0.078000
90000. inserted | Split time: 0.000000 | Total time elapsed: 0.078000
Time elapsed (My Tree Insert): 0.093000
Time elapsed (My Tree Find): 0.016000

    0. inserted | Split time: 0.000000 | Total time elapsed: 0.000000
10000. inserted | Split time: 0.343000 | Total time elapsed: 0.343000
20000. inserted | Split time: 1.187000 | Total time elapsed: 1.530000
30000. inserted | Split time: 1.985000 | Total time elapsed: 3.515000
Time elapsed (My BVS Tree Insert): 6.999000
Time elapsed (My BVS Tree Find): 29.109000

____________________________________
____________________________________

Test n.3:
Random Array:
    0. inserted | Split time: 0.000000 | Total time elapsed: 0.000000
10000. inserted | Split time: 0.031000 | Total time elapsed: 0.031000
20000. inserted | Split time: 0.078000 | Total time elapsed: 0.109000
30000. inserted | Split time: 0.109000 | Total time elapsed: 0.218000
40000. inserted | Split time: 0.110000 | Total time elapsed: 0.328000
50000. inserted | Split time: 0.140000 | Total time elapsed: 0.468000
60000. inserted | Split time: 0.125000 | Total time elapsed: 0.593000
70000. inserted | Split time: 0.141000 | Total time elapsed: 0.734000
80000. inserted | Split time: 0.141000 | Total time elapsed: 0.875000
90000. inserted | Split time: 0.140000 | Total time elapsed: 1.015000
Time elapsed (Stolen Hash Insert): 1.172000
Time elapsed (Stolen Hash Find): 1.125000

    0. inserted | Split time: 0.000000 | Total time elapsed: 0.000000
10000. inserted | Split time: 2.203000 | Total time elapsed: 2.203000
20000. inserted | Split time: 3.985000 | Total time elapsed: 6.188000
30000. inserted | Split time: 3.891000 | Total time elapsed: 10.079000
40000. inserted | Split time: 3.437000 | Total time elapsed: 13.516000
50000. inserted | Split time: 3.031000 | Total time elapsed: 16.547000
60000. inserted | Split time: 2.516000 | Total time elapsed: 19.063000
70000. inserted | Split time: 2.172000 | Total time elapsed: 21.235000
80000. inserted | Split time: 1.719000 | Total time elapsed: 22.954000
90000. inserted | Split time: 1.516000 | Total time elapsed: 24.470000
Time elapsed (Stolen Tree Insert): 25.626000
Time elapsed (Stolen Tree Find): 0.031000

    0. inserted | Split time: 0.000000 | Total time elapsed: 0.000000
10000. inserted | Split time: 0.015000 | Total time elapsed: 0.015000
20000. inserted | Split time: 0.000000 | Total time elapsed: 0.015000
30000. inserted | Split time: 0.000000 | Total time elapsed: 0.015000
40000. inserted | Split time: 0.000000 | Total time elapsed: 0.015000
50000. inserted | Split time: 0.000000 | Total time elapsed: 0.015000
60000. inserted | Split time: 0.016000 | Total time elapsed: 0.031000
70000. inserted | Split time: 0.000000 | Total time elapsed: 0.031000
80000. inserted | Split time: 0.000000 | Total time elapsed: 0.031000
90000. inserted | Split time: 0.000000 | Total time elapsed: 0.031000
Time elapsed (My Hash Insert): 0.031000
Time elapsed (My Hash Find): 0.016000

    0. inserted | Split time: 0.000000 | Total time elapsed: 0.000000
10000. inserted | Split time: 0.000000 | Total time elapsed: 0.000000
20000. inserted | Split time: 0.015000 | Total time elapsed: 0.015000
30000. inserted | Split time: 0.000000 | Total time elapsed: 0.015000
40000. inserted | Split time: 0.000000 | Total time elapsed: 0.015000
50000. inserted | Split time: 0.016000 | Total time elapsed: 0.031000
60000. inserted | Split time: 0.000000 | Total time elapsed: 0.031000
70000. inserted | Split time: 0.015000 | Total time elapsed: 0.046000
80000. inserted | Split time: 0.000000 | Total time elapsed: 0.046000
90000. inserted | Split time: 0.016000 | Total time elapsed: 0.062000
Time elapsed (My Tree Insert): 0.062000
Time elapsed (My Tree Find): 0.016000

    0. inserted | Split time: 0.000000 | Total time elapsed: 0.000000
10000. inserted | Split time: 0.000000 | Total time elapsed: 0.000000
20000. inserted | Split time: 0.000000 | Total time elapsed: 0.000000
30000. inserted | Split time: 0.000000 | Total time elapsed: 0.000000
Time elapsed (My BVS Tree Insert): 0.000000
Time elapsed (My BVS Tree Find): 0.016000

____________________________________
Consecutive Array:
    0. inserted | Split time: 0.000000 | Total time elapsed: 0.000000
10000. inserted | Split time: 0.031000 | Total time elapsed: 0.031000
20000. inserted | Split time: 0.172000 | Total time elapsed: 0.203000
30000. inserted | Split time: 0.313000 | Total time elapsed: 0.516000
40000. inserted | Split time: 0.562000 | Total time elapsed: 1.078000
50000. inserted | Split time: 0.938000 | Total time elapsed: 2.016000
60000. inserted | Split time: 1.312000 | Total time elapsed: 3.328000
70000. inserted | Split time: 1.687000 | Total time elapsed: 5.015000
80000. inserted | Split time: 2.234000 | Total time elapsed: 7.249000
90000. inserted | Split time: 2.828000 | Total time elapsed: 10.077000
Time elapsed (Stolen Hash Insert): 13.609000
Time elapsed (Stolen Hash Find): 13.422000

    0. inserted | Split time: 0.000000 | Total time elapsed: 0.000000
10000. inserted | Split time: 0.000000 | Total time elapsed: 0.000000
20000. inserted | Split time: 0.015000 | Total time elapsed: 0.015000
30000. inserted | Split time: 0.000000 | Total time elapsed: 0.015000
40000. inserted | Split time: 0.000000 | Total time elapsed: 0.015000
50000. inserted | Split time: 0.016000 | Total time elapsed: 0.031000
60000. inserted | Split time: 0.000000 | Total time elapsed: 0.031000
70000. inserted | Split time: 0.000000 | Total time elapsed: 0.031000
80000. inserted | Split time: 0.000000 | Total time elapsed: 0.031000
90000. inserted | Split time: 0.031000 | Total time elapsed: 0.062000
Time elapsed (My Hash Insert): 0.062000
Time elapsed (My Hash Find): 0.000000

    0. inserted | Split time: 0.000000 | Total time elapsed: 0.000000
10000. inserted | Split time: 0.000000 | Total time elapsed: 0.000000
20000. inserted | Split time: 0.016000 | Total time elapsed: 0.016000
30000. inserted | Split time: 0.000000 | Total time elapsed: 0.016000
40000. inserted | Split time: 0.015000 | Total time elapsed: 0.031000
50000. inserted | Split time: 0.000000 | Total time elapsed: 0.031000
60000. inserted | Split time: 0.016000 | Total time elapsed: 0.047000
70000. inserted | Split time: 0.016000 | Total time elapsed: 0.063000
80000. inserted | Split time: 0.015000 | Total time elapsed: 0.078000
90000. inserted | Split time: 0.000000 | Total time elapsed: 0.078000
Time elapsed (My Tree Insert): 0.094000
Time elapsed (My Tree Find): 0.016000

    0. inserted | Split time: 0.000000 | Total time elapsed: 0.000000
10000. inserted | Split time: 0.344000 | Total time elapsed: 0.344000
20000. inserted | Split time: 1.078000 | Total time elapsed: 1.422000
30000. inserted | Split time: 1.969000 | Total time elapsed: 3.391000
Time elapsed (My BVS Tree Insert): 6.594000
Time elapsed (My BVS Tree Find): 27.797000


Random Array:
    0. inserted | Split time: 0.000000 | Total time elapsed: 0.000000
10000. inserted | Split time: 0.031000 | Total time elapsed: 0.031000
20000. inserted | Split time: 0.078000 | Total time elapsed: 0.109000
30000. inserted | Split time: 0.110000 | Total time elapsed: 0.219000
40000. inserted | Split time: 0.109000 | Total time elapsed: 0.328000
50000. inserted | Split time: 0.125000 | Total time elapsed: 0.453000
60000. inserted | Split time: 0.125000 | Total time elapsed: 0.578000
70000. inserted | Split time: 0.141000 | Total time elapsed: 0.719000
80000. inserted | Split time: 0.140000 | Total time elapsed: 0.859000
90000. inserted | Split time: 0.141000 | Total time elapsed: 1.000000
Time elapsed (Stolen Hash Insert): 1.156000
Time elapsed (Stolen Hash Find): 1.266000

    0. inserted | Split time: 0.000000 | Total time elapsed: 0.000000
10000. inserted | Split time: 2.157000 | Total time elapsed: 2.157000
20000. inserted | Split time: 3.875000 | Total time elapsed: 6.032000
30000. inserted | Split time: 3.890000 | Total time elapsed: 9.922000
40000. inserted | Split time: 3.531000 | Total time elapsed: 13.453000
50000. inserted | Split time: 3.000000 | Total time elapsed: 16.453000
60000. inserted | Split time: 2.547000 | Total time elapsed: 19.000000
70000. inserted | Split time: 2.125000 | Total time elapsed: 21.125000
80000. inserted | Split time: 1.891000 | Total time elapsed: 23.016000
90000. inserted | Split time: 1.375000 | Total time elapsed: 24.391000
Time elapsed (Stolen Tree Insert): 25.625000
Time elapsed (Stolen Tree Find): 0.032000

    0. inserted | Split time: 0.000000 | Total time elapsed: 0.000000
10000. inserted | Split time: 2.141000 | Total time elapsed: 2.141000
20000. inserted | Split time: 6.719000 | Total time elapsed: 8.860000
30000. inserted | Split time: 11.984000 | Total time elapsed: 20.844000
40000. inserted | Split time: 17.234000 | Total time elapsed: 38.078000
50000. inserted | Split time: 32.812000 | Total time elapsed: 70.890000
60000. inserted | Split time: 31.860000 | Total time elapsed: 102.750000
70000. inserted | Split time: 41.547000 | Total time elapsed: 144.297000
80000. inserted | Split time: 48.797000 | Total time elapsed: 193.094000
90000. inserted | Split time: 54.594000 | Total time elapsed: 247.688000
Time elapsed (Stolen Tree Insert): 312.312000
Time elapsed (Stolen Tree Find): 0.016000

    0. inserted | Split time: 0.000000 | Total time elapsed: 0.000000
10000. inserted | Split time: 0.015000 | Total time elapsed: 0.015000
20000. inserted | Split time: 0.000000 | Total time elapsed: 0.015000
30000. inserted | Split time: 0.000000 | Total time elapsed: 0.015000
40000. inserted | Split time: 0.000000 | Total time elapsed: 0.015000
50000. inserted | Split time: 0.000000 | Total time elapsed: 0.015000
60000. inserted | Split time: 0.016000 | Total time elapsed: 0.031000
70000. inserted | Split time: 0.000000 | Total time elapsed: 0.031000
80000. inserted | Split time: 0.000000 | Total time elapsed: 0.031000
90000. inserted | Split time: 0.000000 | Total time elapsed: 0.031000
Time elapsed (My Hash Insert): 0.031000
Time elapsed (My Hash Find): 0.016000

    0. inserted | Split time: 0.000000 | Total time elapsed: 0.000000
10000. inserted | Split time: 0.000000 | Total time elapsed: 0.000000
20000. inserted | Split time: 0.015000 | Total time elapsed: 0.015000
30000. inserted | Split time: 0.000000 | Total time elapsed: 0.015000
40000. inserted | Split time: 0.016000 | Total time elapsed: 0.031000
50000. inserted | Split time: 0.000000 | Total time elapsed: 0.031000
60000. inserted | Split time: 0.000000 | Total time elapsed: 0.031000
70000. inserted | Split time: 0.016000 | Total time elapsed: 0.047000
80000. inserted | Split time: 0.000000 | Total time elapsed: 0.047000
90000. inserted | Split time: 0.000000 | Total time elapsed: 0.047000
Time elapsed (My Tree Insert): 0.062000
Time elapsed (My Tree Find): 0.016000

    0. inserted | Split time: 0.000000 | Total time elapsed: 0.000000
10000. inserted | Split time: 0.000000 | Total time elapsed: 0.000000
20000. inserted | Split time: 0.000000 | Total time elapsed: 0.000000
30000. inserted | Split time: 0.000000 | Total time elapsed: 0.000000
Time elapsed (My BVS Tree Insert): 0.000000
Time elapsed (My BVS Tree Find): 0.031000


Consecutive Array:
    0. inserted | Split time: 0.000000 | Total time elapsed: 0.000000
10000. inserted | Split time: 0.047000 | Total time elapsed: 0.047000
20000. inserted | Split time: 0.156000 | Total time elapsed: 0.203000
30000. inserted | Split time: 0.328000 | Total time elapsed: 0.531000
40000. inserted | Split time: 0.563000 | Total time elapsed: 1.094000
50000. inserted | Split time: 0.937000 | Total time elapsed: 2.031000
60000. inserted | Split time: 1.375000 | Total time elapsed: 3.406000
70000. inserted | Split time: 1.829000 | Total time elapsed: 5.235000
80000. inserted | Split time: 2.375000 | Total time elapsed: 7.610000
90000. inserted | Split time: 3.109000 | Total time elapsed: 10.719000
Time elapsed (Stolen Hash Insert): 14.703000
Time elapsed (Stolen Hash Find): 14.547000

    0. inserted | Split time: 0.000000 | Total time elapsed: 0.000000
10000. inserted | Split time: 2.188000 | Total time elapsed: 2.188000
20000. inserted | Split time: 6.765000 | Total time elapsed: 8.953000
30000. inserted | Split time: 11.875000 | Total time elapsed: 20.828000
40000. inserted | Split time: 17.594000 | Total time elapsed: 38.422000
50000. inserted | Split time: 25.047000 | Total time elapsed: 63.469000
60000. inserted | Split time: 32.875000 | Total time elapsed: 96.344000
70000. inserted | Split time: 45.406000 | Total time elapsed: 141.750000
80000. inserted | Split time: 47.640000 | Total time elapsed: 189.390000
90000. inserted | Split time: 56.453000 | Total time elapsed: 245.843000
Time elapsed (Stolen Tree Insert): 306.734000
Time elapsed (Stolen Tree Find): 0.016000

    0. inserted | Split time: 0.000000 | Total time elapsed: 0.000000
10000. inserted | Split time: 0.000000 | Total time elapsed: 0.000000
20000. inserted | Split time: 0.015000 | Total time elapsed: 0.015000
30000. inserted | Split time: 0.000000 | Total time elapsed: 0.015000
40000. inserted | Split time: 0.000000 | Total time elapsed: 0.015000
50000. inserted | Split time: 0.016000 | Total time elapsed: 0.031000
60000. inserted | Split time: 0.000000 | Total time elapsed: 0.031000
70000. inserted | Split time: 0.000000 | Total time elapsed: 0.031000
80000. inserted | Split time: 0.000000 | Total time elapsed: 0.031000
90000. inserted | Split time: 0.031000 | Total time elapsed: 0.062000
Time elapsed (My Hash Insert): 0.062000
Time elapsed (My Hash Find): 0.000000

    0. inserted | Split time: 0.000000 | Total time elapsed: 0.000000
10000. inserted | Split time: 0.000000 | Total time elapsed: 0.000000
20000. inserted | Split time: 0.015000 | Total time elapsed: 0.015000
30000. inserted | Split time: 0.016000 | Total time elapsed: 0.031000
40000. inserted | Split time: 0.000000 | Total time elapsed: 0.031000
50000. inserted | Split time: 0.016000 | Total time elapsed: 0.047000
60000. inserted | Split time: 0.015000 | Total time elapsed: 0.062000
70000. inserted | Split time: 0.000000 | Total time elapsed: 0.062000
80000. inserted | Split time: 0.016000 | Total time elapsed: 0.078000
90000. inserted | Split time: 0.000000 | Total time elapsed: 0.078000
Time elapsed (My Tree Insert): 0.093000
Time elapsed (My Tree Find): 0.016000

    0. inserted | Split time: 0.000000 | Total time elapsed: 0.000000
10000. inserted | Split time: 0.343000 | Total time elapsed: 0.343000
20000. inserted | Split time: 1.063000 | Total time elapsed: 1.406000
30000. inserted | Split time: 2.016000 | Total time elapsed: 3.422000
Time elapsed (My BVS Tree Insert): 6.750000
Time elapsed (My BVS Tree Find): 29.187000
Test n.4:


Random Array:
    0. inserted | Split time: 0.000000 | Total time elapsed: 0.000000
10000. inserted | Split time: 0.046000 | Total time elapsed: 0.046000
20000. inserted | Split time: 0.110000 | Total time elapsed: 0.156000
30000. inserted | Split time: 0.172000 | Total time elapsed: 0.328000
40000. inserted | Split time: 0.172000 | Total time elapsed: 0.500000
50000. inserted | Split time: 0.218000 | Total time elapsed: 0.718000
60000. inserted | Split time: 0.172000 | Total time elapsed: 0.890000
70000. inserted | Split time: 0.188000 | Total time elapsed: 1.078000
80000. inserted | Split time: 0.155000 | Total time elapsed: 1.233000
90000. inserted | Split time: 0.157000 | Total time elapsed: 1.390000
Time elapsed (Stolen Hash Insert): 1.577000
Time elapsed (Stolen Hash Find): 1.141000

    0. inserted | Split time: 0.000000 | Total time elapsed: 0.000000
10000. inserted | Split time: 2.251000 | Total time elapsed: 2.251000
20000. inserted | Split time: 3.984000 | Total time elapsed: 6.235000
30000. inserted | Split time: 3.938000 | Total time elapsed: 10.173000
40000. inserted | Split time: 3.437000 | Total time elapsed: 13.610000
50000. inserted | Split time: 2.922000 | Total time elapsed: 16.532000
60000. inserted | Split time: 2.563000 | Total time elapsed: 19.095000
70000. inserted | Split time: 2.234000 | Total time elapsed: 21.329000
80000. inserted | Split time: 1.828000 | Total time elapsed: 23.157000
90000. inserted | Split time: 1.375000 | Total time elapsed: 24.532000
Time elapsed (Stolen Tree Insert): 25.735000
Time elapsed (Stolen Tree Find): 0.032000

    0. inserted | Split time: 0.000000 | Total time elapsed: 0.000000
10000. inserted | Split time: 0.015000 | Total time elapsed: 0.015000
20000. inserted | Split time: 0.000000 | Total time elapsed: 0.015000
30000. inserted | Split time: 0.000000 | Total time elapsed: 0.015000
40000. inserted | Split time: 0.000000 | Total time elapsed: 0.015000
50000. inserted | Split time: 0.000000 | Total time elapsed: 0.015000
60000. inserted | Split time: 0.016000 | Total time elapsed: 0.031000
70000. inserted | Split time: 0.000000 | Total time elapsed: 0.031000
80000. inserted | Split time: 0.000000 | Total time elapsed: 0.031000
90000. inserted | Split time: 0.000000 | Total time elapsed: 0.031000
Time elapsed (My Hash Insert): 0.031000
Time elapsed (My Hash Find): 0.000000

    0. inserted | Split time: 0.000000 | Total time elapsed: 0.000000
10000. inserted | Split time: 0.000000 | Total time elapsed: 0.000000
20000. inserted | Split time: 0.015000 | Total time elapsed: 0.015000
30000. inserted | Split time: 0.000000 | Total time elapsed: 0.015000
40000. inserted | Split time: 0.016000 | Total time elapsed: 0.031000
50000. inserted | Split time: 0.000000 | Total time elapsed: 0.031000
60000. inserted | Split time: 0.016000 | Total time elapsed: 0.047000
70000. inserted | Split time: 0.000000 | Total time elapsed: 0.047000
80000. inserted | Split time: 0.000000 | Total time elapsed: 0.047000
90000. inserted | Split time: 0.015000 | Total time elapsed: 0.062000
Time elapsed (My Tree Insert): 0.062000
Time elapsed (My Tree Find): 0.032000

    0. inserted | Split time: 0.000000 | Total time elapsed: 0.000000
10000. inserted | Split time: 0.000000 | Total time elapsed: 0.000000
20000. inserted | Split time: 0.000000 | Total time elapsed: 0.000000
30000. inserted | Split time: 0.015000 | Total time elapsed: 0.015000
Time elapsed (My BVS Tree Insert): 0.015000
Time elapsed (My BVS Tree Find): 0.031000


Consecutive Array:
    0. inserted | Split time: 0.000000 | Total time elapsed: 0.000000
10000. inserted | Split time: 2.172000 | Total time elapsed: 2.172000
20000. inserted | Split time: 6.735000 | Total time elapsed: 8.907000
30000. inserted | Split time: 11.672000 | Total time elapsed: 20.579000
40000. inserted | Split time: 17.515000 | Total time elapsed: 38.094000
50000. inserted | Split time: 25.469000 | Total time elapsed: 63.563000
60000. inserted | Split time: 36.640000 | Total time elapsed: 100.203000
70000. inserted | Split time: 46.797000 | Total time elapsed: 147.000000
80000. inserted | Split time: 55.734000 | Total time elapsed: 202.734000
90000. inserted | Split time: 64.688000 | Total time elapsed: 267.422000
Time elapsed (Stolen Tree Insert): 337.047000
Time elapsed (Stolen Tree Find): 0.016000

    0. inserted | Split time: 0.000000 | Total time elapsed: 0.000000
10000. inserted | Split time: 0.047000 | Total time elapsed: 0.047000
20000. inserted | Split time: 0.172000 | Total time elapsed: 0.219000
30000. inserted | Split time: 0.297000 | Total time elapsed: 0.516000
40000. inserted | Split time: 0.547000 | Total time elapsed: 1.063000
50000. inserted | Split time: 0.969000 | Total time elapsed: 2.032000
60000. inserted | Split time: 1.343000 | Total time elapsed: 3.375000
70000. inserted | Split time: 1.813000 | Total time elapsed: 5.188000
80000. inserted | Split time: 2.312000 | Total time elapsed: 7.500000
90000. inserted | Split time: 2.907000 | Total time elapsed: 10.407000
Time elapsed (Stolen Hash Insert): 14.219000
Time elapsed (Stolen Hash Find): 14.250000

    0. inserted | Split time: 0.000000 | Total time elapsed: 0.000000
10000. inserted | Split time: 0.016000 | Total time elapsed: 0.016000
20000. inserted | Split time: 0.000000 | Total time elapsed: 0.016000
30000. inserted | Split time: 0.000000 | Total time elapsed: 0.016000
40000. inserted | Split time: 0.000000 | Total time elapsed: 0.016000
50000. inserted | Split time: 0.015000 | Total time elapsed: 0.031000
60000. inserted | Split time: 0.000000 | Total time elapsed: 0.031000
70000. inserted | Split time: 0.000000 | Total time elapsed: 0.031000
80000. inserted | Split time: 0.016000 | Total time elapsed: 0.047000
90000. inserted | Split time: 0.016000 | Total time elapsed: 0.063000
Time elapsed (My Hash Insert): 0.063000
Time elapsed (My Hash Find): 0.000000

    0. inserted | Split time: 0.000000 | Total time elapsed: 0.000000
10000. inserted | Split time: 0.016000 | Total time elapsed: 0.016000
20000. inserted | Split time: 0.000000 | Total time elapsed: 0.016000
30000. inserted | Split time: 0.015000 | Total time elapsed: 0.031000
40000. inserted | Split time: 0.016000 | Total time elapsed: 0.047000
50000. inserted | Split time: 0.000000 | Total time elapsed: 0.047000
60000. inserted | Split time: 0.016000 | Total time elapsed: 0.063000
70000. inserted | Split time: 0.015000 | Total time elapsed: 0.078000
80000. inserted | Split time: 0.016000 | Total time elapsed: 0.094000
90000. inserted | Split time: 0.000000 | Total time elapsed: 0.094000
Time elapsed (My Tree Insert): 0.110000
Time elapsed (My Tree Find): 0.015000

    0. inserted | Split time: 0.000000 | Total time elapsed: 0.000000
10000. inserted | Split time: 0.344000 | Total time elapsed: 0.344000
20000. inserted | Split time: 1.078000 | Total time elapsed: 1.422000
30000. inserted | Split time: 2.000000 | Total time elapsed: 3.422000
Time elapsed (My BVS Tree Insert): 6.844000
Time elapsed (My BVS Tree Find): 31.718000

____________________________________
____________________________________

Test n.4:
Random Array:
    0. inserted | Split time: 0.000000 | Total time elapsed: 0.000000
10000. inserted | Split time: 0.031000 | Total time elapsed: 0.031000
20000. inserted | Split time: 0.078000 | Total time elapsed: 0.109000
30000. inserted | Split time: 0.110000 | Total time elapsed: 0.219000
40000. inserted | Split time: 0.125000 | Total time elapsed: 0.344000
50000. inserted | Split time: 0.125000 | Total time elapsed: 0.469000
60000. inserted | Split time: 0.140000 | Total time elapsed: 0.609000
70000. inserted | Split time: 0.125000 | Total time elapsed: 0.734000
80000. inserted | Split time: 0.172000 | Total time elapsed: 0.906000
90000. inserted | Split time: 0.141000 | Total time elapsed: 1.047000
Time elapsed (Stolen Hash Insert): 1.187000
Time elapsed (Stolen Hash Find): 1.157000

    0. inserted | Split time: 0.000000 | Total time elapsed: 0.000000
10000. inserted | Split time: 2.235000 | Total time elapsed: 2.235000
20000. inserted | Split time: 3.906000 | Total time elapsed: 6.141000
30000. inserted | Split time: 3.953000 | Total time elapsed: 10.094000
40000. inserted | Split time: 3.484000 | Total time elapsed: 13.578000
50000. inserted | Split time: 2.954000 | Total time elapsed: 16.532000
60000. inserted | Split time: 2.578000 | Total time elapsed: 19.110000
70000. inserted | Split time: 2.109000 | Total time elapsed: 21.219000
80000. inserted | Split time: 1.844000 | Total time elapsed: 23.063000
90000. inserted | Split time: 1.375000 | Total time elapsed: 24.438000
Time elapsed (Stolen Tree Insert): 25.625000
Time elapsed (Stolen Tree Find): 0.032000

    0. inserted | Split time: 0.000000 | Total time elapsed: 0.000000
10000. inserted | Split time: 0.000000 | Total time elapsed: 0.000000
20000. inserted | Split time: 0.000000 | Total time elapsed: 0.000000
30000. inserted | Split time: 0.016000 | Total time elapsed: 0.016000
40000. inserted | Split time: 0.000000 | Total time elapsed: 0.016000
50000. inserted | Split time: 0.000000 | Total time elapsed: 0.016000
60000. inserted | Split time: 0.016000 | Total time elapsed: 0.032000
70000. inserted | Split time: 0.000000 | Total time elapsed: 0.032000
80000. inserted | Split time: 0.000000 | Total time elapsed: 0.032000
90000. inserted | Split time: 0.000000 | Total time elapsed: 0.032000
Time elapsed (My Hash Insert): 0.032000
Time elapsed (My Hash Find): 0.000000

    0. inserted | Split time: 0.000000 | Total time elapsed: 0.000000
10000. inserted | Split time: 0.000000 | Total time elapsed: 0.000000
20000. inserted | Split time: 0.000000 | Total time elapsed: 0.000000
30000. inserted | Split time: 0.016000 | Total time elapsed: 0.016000
40000. inserted | Split time: 0.000000 | Total time elapsed: 0.016000
50000. inserted | Split time: 0.016000 | Total time elapsed: 0.032000
60000. inserted | Split time: 0.000000 | Total time elapsed: 0.032000
70000. inserted | Split time: 0.000000 | Total time elapsed: 0.032000
80000. inserted | Split time: 0.015000 | Total time elapsed: 0.047000
90000. inserted | Split time: 0.000000 | Total time elapsed: 0.047000
Time elapsed (My Tree Insert): 0.063000
Time elapsed (My Tree Find): 0.015000

    0. inserted | Split time: 0.000000 | Total time elapsed: 0.000000
10000. inserted | Split time: 0.016000 | Total time elapsed: 0.016000
20000. inserted | Split time: 0.000000 | Total time elapsed: 0.016000
30000. inserted | Split time: 0.000000 | Total time elapsed: 0.016000
Time elapsed (My BVS Tree Insert): 0.016000
Time elapsed (My BVS Tree Find): 0.031000

____________________________________
Consecutive Array:
    0. inserted | Split time: 0.000000 | Total time elapsed: 0.000000
10000. inserted | Split time: 0.047000 | Total time elapsed: 0.047000
20000. inserted | Split time: 0.156000 | Total time elapsed: 0.203000
30000. inserted | Split time: 0.313000 | Total time elapsed: 0.516000
40000. inserted | Split time: 0.563000 | Total time elapsed: 1.079000
50000. inserted | Split time: 0.922000 | Total time elapsed: 2.001000
60000. inserted | Split time: 1.328000 | Total time elapsed: 3.329000
70000. inserted | Split time: 1.797000 | Total time elapsed: 5.126000
80000. inserted | Split time: 2.218000 | Total time elapsed: 7.344000
90000. inserted | Split time: 2.876000 | Total time elapsed: 10.220000
Time elapsed (Stolen Hash Insert): 13.845000
Time elapsed (Stolen Hash Find): 13.593000

    0. inserted | Split time: 0.000000 | Total time elapsed: 0.000000
10000. inserted | Split time: 2.140000 | Total time elapsed: 2.140000
20000. inserted | Split time: 6.844000 | Total time elapsed: 8.984000
30000. inserted | Split time: 11.938000 | Total time elapsed: 20.922000
40000. inserted | Split time: 17.718000 | Total time elapsed: 38.640000
50000. inserted | Split time: 33.000000 | Total time elapsed: 71.640000
60000. inserted | Split time: 33.985000 | Total time elapsed: 105.625000
70000. inserted | Split time: 42.484000 | Total time elapsed: 148.109000
80000. inserted | Split time: 50.328000 | Total time elapsed: 198.437000
90000. inserted | Split time: 56.297000 | Total time elapsed: 254.734000
Time elapsed (Stolen Tree Insert): 317.125000
Time elapsed (Stolen Tree Find): 0.015000

    0. inserted | Split time: 0.000000 | Total time elapsed: 0.000000
10000. inserted | Split time: 0.000000 | Total time elapsed: 0.000000
20000. inserted | Split time: 0.000000 | Total time elapsed: 0.000000
30000. inserted | Split time: 0.016000 | Total time elapsed: 0.016000
40000. inserted | Split time: 0.000000 | Total time elapsed: 0.016000
50000. inserted | Split time: 0.016000 | Total time elapsed: 0.032000
60000. inserted | Split time: 0.000000 | Total time elapsed: 0.032000
70000. inserted | Split time: 0.000000 | Total time elapsed: 0.032000
80000. inserted | Split time: 0.000000 | Total time elapsed: 0.032000
90000. inserted | Split time: 0.015000 | Total time elapsed: 0.047000
Time elapsed (My Hash Insert): 0.047000
Time elapsed (My Hash Find): 0.016000

    0. inserted | Split time: 0.000000 | Total time elapsed: 0.000000
10000. inserted | Split time: 0.015000 | Total time elapsed: 0.015000
20000. inserted | Split time: 0.000000 | Total time elapsed: 0.015000
30000. inserted | Split time: 0.000000 | Total time elapsed: 0.015000
40000. inserted | Split time: 0.000000 | Total time elapsed: 0.015000
50000. inserted | Split time: 0.016000 | Total time elapsed: 0.031000
60000. inserted | Split time: 0.016000 | Total time elapsed: 0.047000
70000. inserted | Split time: 0.000000 | Total time elapsed: 0.047000
80000. inserted | Split time: 0.015000 | Total time elapsed: 0.062000
90000. inserted | Split time: 0.016000 | Total time elapsed: 0.078000
Time elapsed (My Tree Insert): 0.094000
Time elapsed (My Tree Find): 0.015000

    0. inserted | Split time: 0.000000 | Total time elapsed: 0.000000
10000. inserted | Split time: 0.328000 | Total time elapsed: 0.328000
20000. inserted | Split time: 1.047000 | Total time elapsed: 1.375000
30000. inserted | Split time: 1.922000 | Total time elapsed: 3.297000
Time elapsed (My BVS Tree Insert): 6.578000
Time elapsed (My BVS Tree Find): 27.813000


Random Array:
    0. inserted | Split time: 0.000000 | Total time elapsed: 0.000000
10000. inserted | Split time: 0.046000 | Total time elapsed: 0.046000
20000. inserted | Split time: 0.079000 | Total time elapsed: 0.125000
30000. inserted | Split time: 0.093000 | Total time elapsed: 0.218000
40000. inserted | Split time: 0.125000 | Total time elapsed: 0.343000
50000. inserted | Split time: 0.157000 | Total time elapsed: 0.500000
60000. inserted | Split time: 0.125000 | Total time elapsed: 0.625000
70000. inserted | Split time: 0.125000 | Total time elapsed: 0.750000
80000. inserted | Split time: 0.140000 | Total time elapsed: 0.890000
90000. inserted | Split time: 0.141000 | Total time elapsed: 1.031000
Time elapsed (Stolen Hash Insert): 1.171000
Time elapsed (Stolen Hash Find): 1.094000

    0. inserted | Split time: 0.000000 | Total time elapsed: 0.000000
10000. inserted | Split time: 2.078000 | Total time elapsed: 2.078000
20000. inserted | Split time: 4.000000 | Total time elapsed: 6.078000
30000. inserted | Split time: 4.047000 | Total time elapsed: 10.125000
40000. inserted | Split time: 3.438000 | Total time elapsed: 13.563000
50000. inserted | Split time: 2.953000 | Total time elapsed: 16.516000
60000. inserted | Split time: 2.515000 | Total time elapsed: 19.031000
70000. inserted | Split time: 2.032000 | Total time elapsed: 21.063000
80000. inserted | Split time: 1.812000 | Total time elapsed: 22.875000
90000. inserted | Split time: 1.422000 | Total time elapsed: 24.297000
Time elapsed (Stolen Tree Insert): 25.406000
Time elapsed (Stolen Tree Find): 0.032000

    0. inserted | Split time: 0.000000 | Total time elapsed: 0.000000
10000. inserted | Split time: 0.000000 | Total time elapsed: 0.000000
20000. inserted | Split time: 0.000000 | Total time elapsed: 0.000000
30000. inserted | Split time: 0.015000 | Total time elapsed: 0.015000
40000. inserted | Split time: 0.000000 | Total time elapsed: 0.015000
50000. inserted | Split time: 0.000000 | Total time elapsed: 0.015000
60000. inserted | Split time: 0.016000 | Total time elapsed: 0.031000
70000. inserted | Split time: 0.000000 | Total time elapsed: 0.031000
80000. inserted | Split time: 0.000000 | Total time elapsed: 0.031000
90000. inserted | Split time: 0.000000 | Total time elapsed: 0.031000
Time elapsed (My Hash Insert): 0.031000
Time elapsed (My Hash Find): 0.000000

    0. inserted | Split time: 0.000000 | Total time elapsed: 0.000000
10000. inserted | Split time: 0.000000 | Total time elapsed: 0.000000
20000. inserted | Split time: 0.016000 | Total time elapsed: 0.016000
30000. inserted | Split time: 0.000000 | Total time elapsed: 0.016000
40000. inserted | Split time: 0.000000 | Total time elapsed: 0.016000
50000. inserted | Split time: 0.016000 | Total time elapsed: 0.032000
60000. inserted | Split time: 0.000000 | Total time elapsed: 0.032000
70000. inserted | Split time: 0.015000 | Total time elapsed: 0.047000
80000. inserted | Split time: 0.000000 | Total time elapsed: 0.047000
90000. inserted | Split time: 0.000000 | Total time elapsed: 0.047000
Time elapsed (My Tree Insert): 0.063000
Time elapsed (My Tree Find): 0.016000

    0. inserted | Split time: 0.000000 | Total time elapsed: 0.000000
10000. inserted | Split time: 0.015000 | Total time elapsed: 0.015000
20000. inserted | Split time: 0.000000 | Total time elapsed: 0.015000
30000. inserted | Split time: 0.000000 | Total time elapsed: 0.015000
Time elapsed (My BVS Tree Insert): 0.015000
Time elapsed (My BVS Tree Find): 0.031000


Consecutive Array:
    0. inserted | Split time: 0.000000 | Total time elapsed: 0.000000
10000. inserted | Split time: 0.047000 | Total time elapsed: 0.047000
20000. inserted | Split time: 0.157000 | Total time elapsed: 0.204000
30000. inserted | Split time: 0.328000 | Total time elapsed: 0.532000
40000. inserted | Split time: 0.547000 | Total time elapsed: 1.079000
50000. inserted | Split time: 1.030000 | Total time elapsed: 2.109000
60000. inserted | Split time: 1.375000 | Total time elapsed: 3.484000
70000. inserted | Split time: 1.906000 | Total time elapsed: 5.390000
80000. inserted | Split time: 2.485000 | Total time elapsed: 7.875000
90000. inserted | Split time: 3.172000 | Total time elapsed: 11.047000
Time elapsed (Stolen Hash Insert): 15.047000
Time elapsed (Stolen Hash Find): 14.641000

    0. inserted | Split time: 0.000000 | Total time elapsed: 0.000000
10000. inserted | Split time: 2.188000 | Total time elapsed: 2.188000
20000. inserted | Split time: 6.750000 | Total time elapsed: 8.938000
30000. inserted | Split time: 11.797000 | Total time elapsed: 20.735000
40000. inserted | Split time: 17.375000 | Total time elapsed: 38.110000
50000. inserted | Split time: 24.734000 | Total time elapsed: 62.844000
60000. inserted | Split time: 33.969000 | Total time elapsed: 96.813000
70000. inserted | Split time: 42.328000 | Total time elapsed: 139.141000
80000. inserted | Split time: 51.203000 | Total time elapsed: 190.344000
90000. inserted | Split time: 56.297000 | Total time elapsed: 246.641000
Time elapsed (Stolen Tree Insert): 311.407000
Time elapsed (Stolen Tree Find): 0.016000

    0. inserted | Split time: 0.000000 | Total time elapsed: 0.000000
10000. inserted | Split time: 0.000000 | Total time elapsed: 0.000000
20000. inserted | Split time: 0.016000 | Total time elapsed: 0.016000
30000. inserted | Split time: 0.000000 | Total time elapsed: 0.016000
40000. inserted | Split time: 0.000000 | Total time elapsed: 0.016000
50000. inserted | Split time: 0.016000 | Total time elapsed: 0.032000
60000. inserted | Split time: 0.000000 | Total time elapsed: 0.032000
70000. inserted | Split time: 0.000000 | Total time elapsed: 0.032000
80000. inserted | Split time: 0.000000 | Total time elapsed: 0.032000
90000. inserted | Split time: 0.016000 | Total time elapsed: 0.048000
Time elapsed (My Hash Insert): 0.063000
Time elapsed (My Hash Find): 0.000000

    0. inserted | Split time: 0.000000 | Total time elapsed: 0.000000
10000. inserted | Split time: 0.000000 | Total time elapsed: 0.000000
20000. inserted | Split time: 0.015000 | Total time elapsed: 0.015000
30000. inserted | Split time: 0.000000 | Total time elapsed: 0.015000
40000. inserted | Split time: 0.016000 | Total time elapsed: 0.031000
50000. inserted | Split time: 0.000000 | Total time elapsed: 0.031000
60000. inserted | Split time: 0.016000 | Total time elapsed: 0.047000
70000. inserted | Split time: 0.000000 | Total time elapsed: 0.047000
80000. inserted | Split time: 0.015000 | Total time elapsed: 0.062000
90000. inserted | Split time: 0.016000 | Total time elapsed: 0.078000
Time elapsed (My Tree Insert): 0.094000
Time elapsed (My Tree Find): 0.015000

    0. inserted | Split time: 0.000000 | Total time elapsed: 0.000000
10000. inserted | Split time: 0.344000 | Total time elapsed: 0.344000
20000. inserted | Split time: 1.016000 | Total time elapsed: 1.360000
30000. inserted | Split time: 2.046000 | Total time elapsed: 3.406000
Time elapsed (My BVS Tree Insert): 6.672000
Time elapsed (My BVS Tree Find): 27.437000
Test n.5:


Random Array:
    0. inserted | Split time: 0.000000 | Total time elapsed: 0.000000
10000. inserted | Split time: 0.031000 | Total time elapsed: 0.031000
20000. inserted | Split time: 0.078000 | Total time elapsed: 0.109000
30000. inserted | Split time: 0.109000 | Total time elapsed: 0.218000
40000. inserted | Split time: 0.110000 | Total time elapsed: 0.328000
50000. inserted | Split time: 0.125000 | Total time elapsed: 0.453000
60000. inserted | Split time: 0.140000 | Total time elapsed: 0.593000
70000. inserted | Split time: 0.157000 | Total time elapsed: 0.750000
80000. inserted | Split time: 0.140000 | Total time elapsed: 0.890000
90000. inserted | Split time: 0.156000 | Total time elapsed: 1.046000
Time elapsed (Stolen Hash Insert): 1.187000
Time elapsed (Stolen Hash Find): 1.125000

    0. inserted | Split time: 0.000000 | Total time elapsed: 0.000000
10000. inserted | Split time: 2.125000 | Total time elapsed: 2.125000
20000. inserted | Split time: 4.000000 | Total time elapsed: 6.125000
30000. inserted | Split time: 3.968000 | Total time elapsed: 10.093000
40000. inserted | Split time: 3.532000 | Total time elapsed: 13.625000
50000. inserted | Split time: 2.968000 | Total time elapsed: 16.593000
60000. inserted | Split time: 2.704000 | Total time elapsed: 19.297000
70000. inserted | Split time: 2.062000 | Total time elapsed: 21.359000
80000. inserted | Split time: 1.781000 | Total time elapsed: 23.140000
90000. inserted | Split time: 1.500000 | Total time elapsed: 24.640000
Time elapsed (Stolen Tree Insert): 25.797000
Time elapsed (Stolen Tree Find): 0.031000

    0. inserted | Split time: 0.000000 | Total time elapsed: 0.000000
10000. inserted | Split time: 0.000000 | Total time elapsed: 0.000000
20000. inserted | Split time: 0.016000 | Total time elapsed: 0.016000
30000. inserted | Split time: 0.000000 | Total time elapsed: 0.016000
40000. inserted | Split time: 0.000000 | Total time elapsed: 0.016000
50000. inserted | Split time: 0.000000 | Total time elapsed: 0.016000
60000. inserted | Split time: 0.016000 | Total time elapsed: 0.032000
70000. inserted | Split time: 0.000000 | Total time elapsed: 0.032000
80000. inserted | Split time: 0.000000 | Total time elapsed: 0.032000
90000. inserted | Split time: 0.000000 | Total time elapsed: 0.032000
Time elapsed (My Hash Insert): 0.032000
Time elapsed (My Hash Find): 0.000000

    0. inserted | Split time: 0.000000 | Total time elapsed: 0.000000
10000. inserted | Split time: 0.000000 | Total time elapsed: 0.000000
20000. inserted | Split time: 0.016000 | Total time elapsed: 0.016000
30000. inserted | Split time: 0.000000 | Total time elapsed: 0.016000
40000. inserted | Split time: 0.016000 | Total time elapsed: 0.032000
50000. inserted | Split time: 0.000000 | Total time elapsed: 0.032000
60000. inserted | Split time: 0.015000 | Total time elapsed: 0.047000
70000. inserted | Split time: 0.000000 | Total time elapsed: 0.047000
80000. inserted | Split time: 0.016000 | Total time elapsed: 0.063000
90000. inserted | Split time: 0.000000 | Total time elapsed: 0.063000
Time elapsed (My Tree Insert): 0.063000
Time elapsed (My Tree Find): 0.031000

    0. inserted | Split time: 0.000000 | Total time elapsed: 0.000000
10000. inserted | Split time: 0.000000 | Total time elapsed: 0.000000
20000. inserted | Split time: 0.016000 | Total time elapsed: 0.016000
30000. inserted | Split time: 0.000000 | Total time elapsed: 0.016000
Time elapsed (My BVS Tree Insert): 0.016000
Time elapsed (My BVS Tree Find): 0.031000


Consecutive Array:
    0. inserted | Split time: 0.000000 | Total time elapsed: 0.000000
10000. inserted | Split time: 0.047000 | Total time elapsed: 0.047000
20000. inserted | Split time: 0.156000 | Total time elapsed: 0.203000
30000. inserted | Split time: 0.344000 | Total time elapsed: 0.547000
40000. inserted | Split time: 0.562000 | Total time elapsed: 1.109000
50000. inserted | Split time: 0.922000 | Total time elapsed: 2.031000
60000. inserted | Split time: 1.375000 | Total time elapsed: 3.406000
70000. inserted | Split time: 1.781000 | Total time elapsed: 5.187000
80000. inserted | Split time: 2.266000 | Total time elapsed: 7.453000
90000. inserted | Split time: 2.907000 | Total time elapsed: 10.360000
Time elapsed (Stolen Hash Insert): 14.000000
Time elapsed (Stolen Hash Find): 13.547000

    0. inserted | Split time: 0.000000 | Total time elapsed: 0.000000
10000. inserted | Split time: 2.219000 | Total time elapsed: 2.219000
20000. inserted | Split time: 6.703000 | Total time elapsed: 8.922000
30000. inserted | Split time: 11.812000 | Total time elapsed: 20.734000
40000. inserted | Split time: 17.484000 | Total time elapsed: 38.218000
50000. inserted | Split time: 24.828000 | Total time elapsed: 63.046000
60000. inserted | Split time: 33.906000 | Total time elapsed: 96.952000
70000. inserted | Split time: 43.438000 | Total time elapsed: 140.390000
80000. inserted | Split time: 52.016000 | Total time elapsed: 192.406000
90000. inserted | Split time: 59.563000 | Total time elapsed: 251.969000
Time elapsed (Stolen Tree Insert): 318.922000
Time elapsed (Stolen Tree Find): 0.015000

    0. inserted | Split time: 0.000000 | Total time elapsed: 0.000000
10000. inserted | Split time: 0.016000 | Total time elapsed: 0.016000
20000. inserted | Split time: 0.000000 | Total time elapsed: 0.016000
30000. inserted | Split time: 0.015000 | Total time elapsed: 0.031000
40000. inserted | Split time: 0.000000 | Total time elapsed: 0.031000
50000. inserted | Split time: 0.016000 | Total time elapsed: 0.047000
60000. inserted | Split time: 0.000000 | Total time elapsed: 0.047000
70000. inserted | Split time: 0.000000 | Total time elapsed: 0.047000
80000. inserted | Split time: 0.000000 | Total time elapsed: 0.047000
90000. inserted | Split time: 0.015000 | Total time elapsed: 0.062000
Time elapsed (My Hash Insert): 0.062000
Time elapsed (My Hash Find): 0.000000

    0. inserted | Split time: 0.000000 | Total time elapsed: 0.000000
10000. inserted | Split time: 0.000000 | Total time elapsed: 0.000000
20000. inserted | Split time: 0.016000 | Total time elapsed: 0.016000
30000. inserted | Split time: 0.000000 | Total time elapsed: 0.016000
40000. inserted | Split time: 0.015000 | Total time elapsed: 0.031000
50000. inserted | Split time: 0.000000 | Total time elapsed: 0.031000
60000. inserted | Split time: 0.016000 | Total time elapsed: 0.047000
70000. inserted | Split time: 0.016000 | Total time elapsed: 0.063000
80000. inserted | Split time: 0.000000 | Total time elapsed: 0.063000
90000. inserted | Split time: 0.015000 | Total time elapsed: 0.078000
Time elapsed (My Tree Insert): 0.094000
Time elapsed (My Tree Find): 0.015000

    0. inserted | Split time: 0.000000 | Total time elapsed: 0.000000
10000. inserted | Split time: 0.344000 | Total time elapsed: 0.344000
20000. inserted | Split time: 1.062000 | Total time elapsed: 1.406000
30000. inserted | Split time: 2.000000 | Total time elapsed: 3.406000
Time elapsed (My BVS Tree Insert): 6.656000
Time elapsed (My BVS Tree Find): 27.376000

____________________________________
____________________________________

Test n.5:
Random Array:
    0. inserted | Split time: 0.000000 | Total time elapsed: 0.000000
10000. inserted | Split time: 0.031000 | Total time elapsed: 0.031000
20000. inserted | Split time: 0.078000 | Total time elapsed: 0.109000
30000. inserted | Split time: 0.109000 | Total time elapsed: 0.218000
40000. inserted | Split time: 0.125000 | Total time elapsed: 0.343000
50000. inserted | Split time: 0.125000 | Total time elapsed: 0.468000
60000. inserted | Split time: 0.125000 | Total time elapsed: 0.593000
70000. inserted | Split time: 0.157000 | Total time elapsed: 0.750000
80000. inserted | Split time: 0.140000 | Total time elapsed: 0.890000
90000. inserted | Split time: 0.141000 | Total time elapsed: 1.031000
Time elapsed (Stolen Hash Insert): 1.172000
Time elapsed (Stolen Hash Find): 1.156000

    0. inserted | Split time: 0.000000 | Total time elapsed: 0.000000
10000. inserted | Split time: 2.204000 | Total time elapsed: 2.204000
20000. inserted | Split time: 4.015000 | Total time elapsed: 6.219000
30000. inserted | Split time: 4.078000 | Total time elapsed: 10.297000
40000. inserted | Split time: 3.532000 | Total time elapsed: 13.829000
50000. inserted | Split time: 2.984000 | Total time elapsed: 16.813000
60000. inserted | Split time: 2.547000 | Total time elapsed: 19.360000
70000. inserted | Split time: 2.015000 | Total time elapsed: 21.375000
80000. inserted | Split time: 1.813000 | Total time elapsed: 23.188000
90000. inserted | Split time: 1.469000 | Total time elapsed: 24.657000
Time elapsed (Stolen Tree Insert): 25.782000
Time elapsed (Stolen Tree Find): 0.031000

    0. inserted | Split time: 0.000000 | Total time elapsed: 0.000000
10000. inserted | Split time: 0.000000 | Total time elapsed: 0.000000
20000. inserted | Split time: 0.000000 | Total time elapsed: 0.000000
30000. inserted | Split time: 0.016000 | Total time elapsed: 0.016000
40000. inserted | Split time: 0.000000 | Total time elapsed: 0.016000
50000. inserted | Split time: 0.000000 | Total time elapsed: 0.016000
60000. inserted | Split time: 0.000000 | Total time elapsed: 0.016000
70000. inserted | Split time: 0.000000 | Total time elapsed: 0.016000
80000. inserted | Split time: 0.015000 | Total time elapsed: 0.031000
90000. inserted | Split time: 0.000000 | Total time elapsed: 0.031000
Time elapsed (My Hash Insert): 0.031000
Time elapsed (My Hash Find): 0.000000

    0. inserted | Split time: 0.000000 | Total time elapsed: 0.000000
10000. inserted | Split time: 0.000000 | Total time elapsed: 0.000000
20000. inserted | Split time: 0.000000 | Total time elapsed: 0.000000
30000. inserted | Split time: 0.000000 | Total time elapsed: 0.000000
40000. inserted | Split time: 0.000000 | Total time elapsed: 0.000000
50000. inserted | Split time: 0.016000 | Total time elapsed: 0.016000
60000. inserted | Split time: 0.000000 | Total time elapsed: 0.016000
70000. inserted | Split time: 0.000000 | Total time elapsed: 0.016000
80000. inserted | Split time: 0.015000 | Total time elapsed: 0.031000
90000. inserted | Split time: 0.000000 | Total time elapsed: 0.031000
Time elapsed (My Tree Insert): 0.047000
Time elapsed (My Tree Find): 0.016000

    0. inserted | Split time: 0.000000 | Total time elapsed: 0.000000
10000. inserted | Split time: 0.000000 | Total time elapsed: 0.000000
20000. inserted | Split time: 0.015000 | Total time elapsed: 0.015000
30000. inserted | Split time: 0.000000 | Total time elapsed: 0.015000
Time elapsed (My BVS Tree Insert): 0.015000
Time elapsed (My BVS Tree Find): 0.031000

____________________________________
Consecutive Array:
    0. inserted | Split time: 0.000000 | Total time elapsed: 0.000000
10000. inserted | Split time: 0.047000 | Total time elapsed: 0.047000
20000. inserted | Split time: 0.172000 | Total time elapsed: 0.219000
30000. inserted | Split time: 0.313000 | Total time elapsed: 0.532000
40000. inserted | Split time: 0.547000 | Total time elapsed: 1.079000
50000. inserted | Split time: 0.921000 | Total time elapsed: 2.000000
60000. inserted | Split time: 1.313000 | Total time elapsed: 3.313000
70000. inserted | Split time: 1.719000 | Total time elapsed: 5.032000
80000. inserted | Split time: 2.219000 | Total time elapsed: 7.251000
90000. inserted | Split time: 2.937000 | Total time elapsed: 10.188000
Time elapsed (Stolen Hash Insert): 13.798000
Time elapsed (Stolen Hash Find): 13.640000

    0. inserted | Split time: 0.000000 | Total time elapsed: 0.000000
10000. inserted | Split time: 2.172000 | Total time elapsed: 2.172000
20000. inserted | Split time: 6.859000 | Total time elapsed: 9.031000
30000. inserted | Split time: 12.000000 | Total time elapsed: 21.031000
40000. inserted | Split time: 18.031000 | Total time elapsed: 39.062000
50000. inserted | Split time: 31.922000 | Total time elapsed: 70.984000
60000. inserted | Split time: 35.047000 | Total time elapsed: 106.031000
70000. inserted | Split time: 45.141000 | Total time elapsed: 151.172000
80000. inserted | Split time: 53.109000 | Total time elapsed: 204.281000
90000. inserted | Split time: 59.656000 | Total time elapsed: 263.937000
Time elapsed (Stolen Tree Insert): 325.422000
Time elapsed (Stolen Tree Find): 0.016000

    0. inserted | Split time: 0.000000 | Total time elapsed: 0.000000
10000. inserted | Split time: 0.000000 | Total time elapsed: 0.000000
20000. inserted | Split time: 0.000000 | Total time elapsed: 0.000000
30000. inserted | Split time: 0.016000 | Total time elapsed: 0.016000
40000. inserted | Split time: 0.000000 | Total time elapsed: 0.016000
50000. inserted | Split time: 0.000000 | Total time elapsed: 0.016000
60000. inserted | Split time: 0.016000 | Total time elapsed: 0.032000
70000. inserted | Split time: 0.000000 | Total time elapsed: 0.032000
80000. inserted | Split time: 0.000000 | Total time elapsed: 0.032000
90000. inserted | Split time: 0.015000 | Total time elapsed: 0.047000
Time elapsed (My Hash Insert): 0.063000
Time elapsed (My Hash Find): 0.000000

    0. inserted | Split time: 0.000000 | Total time elapsed: 0.000000
10000. inserted | Split time: 0.000000 | Total time elapsed: 0.000000
20000. inserted | Split time: 0.016000 | Total time elapsed: 0.016000
30000. inserted | Split time: 0.000000 | Total time elapsed: 0.016000
40000. inserted | Split time: 0.016000 | Total time elapsed: 0.032000
50000. inserted | Split time: 0.000000 | Total time elapsed: 0.032000
60000. inserted | Split time: 0.015000 | Total time elapsed: 0.047000
70000. inserted | Split time: 0.016000 | Total time elapsed: 0.063000
80000. inserted | Split time: 0.000000 | Total time elapsed: 0.063000
90000. inserted | Split time: 0.016000 | Total time elapsed: 0.079000
Time elapsed (My Tree Insert): 0.094000
Time elapsed (My Tree Find): 0.016000

    0. inserted | Split time: 0.000000 | Total time elapsed: 0.000000
10000. inserted | Split time: 0.344000 | Total time elapsed: 0.344000
20000. inserted | Split time: 1.031000 | Total time elapsed: 1.375000
30000. inserted | Split time: 1.937000 | Total time elapsed: 3.312000
Time elapsed (My BVS Tree Insert): 6.500000
Time elapsed (My BVS Tree Find): 26.905000


Random Array:
    0. inserted | Split time: 0.000000 | Total time elapsed: 0.000000
10000. inserted | Split time: 0.032000 | Total time elapsed: 0.032000
20000. inserted | Split time: 0.078000 | Total time elapsed: 0.110000
30000. inserted | Split time: 0.109000 | Total time elapsed: 0.219000
40000. inserted | Split time: 0.110000 | Total time elapsed: 0.329000
50000. inserted | Split time: 0.125000 | Total time elapsed: 0.454000
60000. inserted | Split time: 0.140000 | Total time elapsed: 0.594000
70000. inserted | Split time: 0.141000 | Total time elapsed: 0.735000
80000. inserted | Split time: 0.140000 | Total time elapsed: 0.875000
90000. inserted | Split time: 0.125000 | Total time elapsed: 1.000000
Time elapsed (Stolen Hash Insert): 1.157000
Time elapsed (Stolen Hash Find): 1.140000

    0. inserted | Split time: 0.000000 | Total time elapsed: 0.000000
10000. inserted | Split time: 2.172000 | Total time elapsed: 2.172000
20000. inserted | Split time: 4.078000 | Total time elapsed: 6.250000
30000. inserted | Split time: 3.969000 | Total time elapsed: 10.219000
40000. inserted | Split time: 3.516000 | Total time elapsed: 13.735000
50000. inserted | Split time: 2.922000 | Total time elapsed: 16.657000
60000. inserted | Split time: 2.578000 | Total time elapsed: 19.235000
70000. inserted | Split time: 2.172000 | Total time elapsed: 21.407000
80000. inserted | Split time: 1.812000 | Total time elapsed: 23.219000
90000. inserted | Split time: 1.469000 | Total time elapsed: 24.688000
Time elapsed (Stolen Tree Insert): 25.938000
Time elapsed (Stolen Tree Find): 0.031000

    0. inserted | Split time: 0.000000 | Total time elapsed: 0.000000
10000. inserted | Split time: 0.000000 | Total time elapsed: 0.000000
20000. inserted | Split time: 0.000000 | Total time elapsed: 0.000000
30000. inserted | Split time: 0.016000 | Total time elapsed: 0.016000
40000. inserted | Split time: 0.000000 | Total time elapsed: 0.016000
50000. inserted | Split time: 0.000000 | Total time elapsed: 0.016000
60000. inserted | Split time: 0.016000 | Total time elapsed: 0.032000
70000. inserted | Split time: 0.000000 | Total time elapsed: 0.032000
80000. inserted | Split time: 0.000000 | Total time elapsed: 0.032000
90000. inserted | Split time: 0.000000 | Total time elapsed: 0.032000
Time elapsed (My Hash Insert): 0.032000
Time elapsed (My Hash Find): 0.015000

    0. inserted | Split time: 0.000000 | Total time elapsed: 0.000000
10000. inserted | Split time: 0.016000 | Total time elapsed: 0.016000
20000. inserted | Split time: 0.000000 | Total time elapsed: 0.016000
30000. inserted | Split time: 0.016000 | Total time elapsed: 0.032000
40000. inserted | Split time: 0.000000 | Total time elapsed: 0.032000
50000. inserted | Split time: 0.000000 | Total time elapsed: 0.032000
60000. inserted | Split time: 0.015000 | Total time elapsed: 0.047000
70000. inserted | Split time: 0.000000 | Total time elapsed: 0.047000
80000. inserted | Split time: 0.016000 | Total time elapsed: 0.063000
90000. inserted | Split time: 0.000000 | Total time elapsed: 0.063000
Time elapsed (My Tree Insert): 0.078000
Time elapsed (My Tree Find): 0.016000

    0. inserted | Split time: 0.000000 | Total time elapsed: 0.000000
10000. inserted | Split time: 0.016000 | Total time elapsed: 0.016000
20000. inserted | Split time: 0.000000 | Total time elapsed: 0.016000
30000. inserted | Split time: 0.000000 | Total time elapsed: 0.016000
Time elapsed (My BVS Tree Insert): 0.016000
Time elapsed (My BVS Tree Find): 0.031000


Consecutive Array:
    0. inserted | Split time: 0.000000 | Total time elapsed: 0.000000
10000. inserted | Split time: 0.047000 | Total time elapsed: 0.047000
20000. inserted | Split time: 0.172000 | Total time elapsed: 0.219000
30000. inserted | Split time: 0.328000 | Total time elapsed: 0.547000
40000. inserted | Split time: 0.547000 | Total time elapsed: 1.094000
50000. inserted | Split time: 0.922000 | Total time elapsed: 2.016000
60000. inserted | Split time: 1.328000 | Total time elapsed: 3.344000
70000. inserted | Split time: 1.812000 | Total time elapsed: 5.156000
80000. inserted | Split time: 2.313000 | Total time elapsed: 7.469000
90000. inserted | Split time: 2.922000 | Total time elapsed: 10.391000
Time elapsed (Stolen Hash Insert): 14.172000
Time elapsed (Stolen Hash Find): 13.765000

    0. inserted | Split time: 0.000000 | Total time elapsed: 0.000000
10000. inserted | Split time: 2.140000 | Total time elapsed: 2.140000
20000. inserted | Split time: 6.797000 | Total time elapsed: 8.937000
30000. inserted | Split time: 11.750000 | Total time elapsed: 20.687000
40000. inserted | Split time: 17.469000 | Total time elapsed: 38.156000
50000. inserted | Split time: 24.906000 | Total time elapsed: 63.062000
60000. inserted | Split time: 35.265000 | Total time elapsed: 98.327000
70000. inserted | Split time: 41.047000 | Total time elapsed: 139.374000
80000. inserted | Split time: 46.969000 | Total time elapsed: 186.343000
90000. inserted | Split time: 58.656000 | Total time elapsed: 244.999000
Time elapsed (Stolen Tree Insert): 309.156000
Time elapsed (Stolen Tree Find): 0.015000

    0. inserted | Split time: 0.000000 | Total time elapsed: 0.000000
10000. inserted | Split time: 0.016000 | Total time elapsed: 0.016000
20000. inserted | Split time: 0.000000 | Total time elapsed: 0.016000
30000. inserted | Split time: 0.000000 | Total time elapsed: 0.016000
40000. inserted | Split time: 0.000000 | Total time elapsed: 0.016000
50000. inserted | Split time: 0.015000 | Total time elapsed: 0.031000
60000. inserted | Split time: 0.000000 | Total time elapsed: 0.031000
70000. inserted | Split time: 0.000000 | Total time elapsed: 0.031000
80000. inserted | Split time: 0.000000 | Total time elapsed: 0.031000
90000. inserted | Split time: 0.031000 | Total time elapsed: 0.062000
Time elapsed (My Hash Insert): 0.062000
Time elapsed (My Hash Find): 0.000000

    0. inserted | Split time: 0.000000 | Total time elapsed: 0.000000
10000. inserted | Split time: 0.000000 | Total time elapsed: 0.000000
20000. inserted | Split time: 0.015000 | Total time elapsed: 0.015000
30000. inserted | Split time: 0.000000 | Total time elapsed: 0.015000
40000. inserted | Split time: 0.016000 | Total time elapsed: 0.031000
50000. inserted | Split time: 0.016000 | Total time elapsed: 0.047000
60000. inserted | Split time: 0.000000 | Total time elapsed: 0.047000
70000. inserted | Split time: 0.015000 | Total time elapsed: 0.062000
80000. inserted | Split time: 0.016000 | Total time elapsed: 0.078000
90000. inserted | Split time: 0.000000 | Total time elapsed: 0.078000
Time elapsed (My Tree Insert): 0.094000
Time elapsed (My Tree Find): 0.015000

    0. inserted | Split time: 0.000000 | Total time elapsed: 0.000000
10000. inserted | Split time: 0.328000 | Total time elapsed: 0.328000
20000. inserted | Split time: 0.969000 | Total time elapsed: 1.297000
30000. inserted | Split time: 1.781000 | Total time elapsed: 3.078000
Time elapsed (My BVS Tree Insert): 6.531000
Time elapsed (My BVS Tree Find): 24.422000
Test n.6:


Random Array:
    0. inserted | Split time: 0.000000 | Total time elapsed: 0.000000
10000. inserted | Split time: 0.031000 | Total time elapsed: 0.031000
20000. inserted | Split time: 0.078000 | Total time elapsed: 0.109000
30000. inserted | Split time: 0.094000 | Total time elapsed: 0.203000
40000. inserted | Split time: 0.109000 | Total time elapsed: 0.312000
50000. inserted | Split time: 0.110000 | Total time elapsed: 0.422000
60000. inserted | Split time: 0.125000 | Total time elapsed: 0.547000
70000. inserted | Split time: 0.125000 | Total time elapsed: 0.672000
80000. inserted | Split time: 0.109000 | Total time elapsed: 0.781000
90000. inserted | Split time: 0.125000 | Total time elapsed: 0.906000
Time elapsed (Stolen Hash Insert): 1.031000
Time elapsed (Stolen Hash Find): 1.047000

    0. inserted | Split time: 0.000000 | Total time elapsed: 0.000000
10000. inserted | Split time: 2.141000 | Total time elapsed: 2.141000
20000. inserted | Split time: 3.828000 | Total time elapsed: 5.969000
30000. inserted | Split time: 4.000000 | Total time elapsed: 9.969000
40000. inserted | Split time: 3.375000 | Total time elapsed: 13.344000
50000. inserted | Split time: 3.266000 | Total time elapsed: 16.610000
60000. inserted | Split time: 2.765000 | Total time elapsed: 19.375000
70000. inserted | Split time: 2.265000 | Total time elapsed: 21.640000
80000. inserted | Split time: 2.281000 | Total time elapsed: 23.921000
90000. inserted | Split time: 3.611000 | Total time elapsed: 27.532000
Time elapsed (Stolen Tree Insert): 30.125000
Time elapsed (Stolen Tree Find): 0.031000

    0. inserted | Split time: 0.000000 | Total time elapsed: 0.000000
10000. inserted | Split time: 0.000000 | Total time elapsed: 0.000000
20000. inserted | Split time: 0.000000 | Total time elapsed: 0.000000
30000. inserted | Split time: 0.000000 | Total time elapsed: 0.000000
40000. inserted | Split time: 0.016000 | Total time elapsed: 0.016000
50000. inserted | Split time: 0.000000 | Total time elapsed: 0.016000
60000. inserted | Split time: 0.000000 | Total time elapsed: 0.016000
70000. inserted | Split time: 0.000000 | Total time elapsed: 0.016000
80000. inserted | Split time: 0.000000 | Total time elapsed: 0.016000
90000. inserted | Split time: 0.000000 | Total time elapsed: 0.016000
Time elapsed (My Hash Insert): 0.016000
Time elapsed (My Hash Find): 0.016000

    0. inserted | Split time: 0.000000 | Total time elapsed: 0.000000
10000. inserted | Split time: 0.015000 | Total time elapsed: 0.015000
20000. inserted | Split time: 0.000000 | Total time elapsed: 0.015000
30000. inserted | Split time: 0.016000 | Total time elapsed: 0.031000
40000. inserted | Split time: 0.000000 | Total time elapsed: 0.031000
50000. inserted | Split time: 0.000000 | Total time elapsed: 0.031000
60000. inserted | Split time: 0.016000 | Total time elapsed: 0.047000
70000. inserted | Split time: 0.000000 | Total time elapsed: 0.047000
80000. inserted | Split time: 0.015000 | Total time elapsed: 0.062000
90000. inserted | Split time: 0.000000 | Total time elapsed: 0.062000
Time elapsed (My Tree Insert): 0.078000
Time elapsed (My Tree Find): 0.015000

    0. inserted | Split time: 0.000000 | Total time elapsed: 0.000000
10000. inserted | Split time: 0.016000 | Total time elapsed: 0.016000
20000. inserted | Split time: 0.000000 | Total time elapsed: 0.016000
30000. inserted | Split time: 0.000000 | Total time elapsed: 0.016000
Time elapsed (My BVS Tree Insert): 0.016000
Time elapsed (My BVS Tree Find): 0.031000


Consecutive Array:
    0. inserted | Split time: 0.000000 | Total time elapsed: 0.000000
10000. inserted | Split time: 0.047000 | Total time elapsed: 0.047000
20000. inserted | Split time: 0.156000 | Total time elapsed: 0.203000
30000. inserted | Split time: 0.297000 | Total time elapsed: 0.500000
40000. inserted | Split time: 0.485000 | Total time elapsed: 0.985000
50000. inserted | Split time: 0.843000 | Total time elapsed: 1.828000
60000. inserted | Split time: 1.204000 | Total time elapsed: 3.032000
70000. inserted | Split time: 1.687000 | Total time elapsed: 4.719000
80000. inserted | Split time: 2.078000 | Total time elapsed: 6.797000
90000. inserted | Split time: 2.578000 | Total time elapsed: 9.375000
Time elapsed (Stolen Hash Insert): 12.657000
Time elapsed (Stolen Hash Find): 11.484000

    0. inserted | Split time: 0.000000 | Total time elapsed: 0.000000
10000. inserted | Split time: 2.172000 | Total time elapsed: 2.172000
20000. inserted | Split time: 6.640000 | Total time elapsed: 8.812000
30000. inserted | Split time: 11.688000 | Total time elapsed: 20.500000
40000. inserted | Split time: 17.359000 | Total time elapsed: 37.859000
50000. inserted | Split time: 25.390000 | Total time elapsed: 63.249000
60000. inserted | Split time: 33.204000 | Total time elapsed: 96.453000
70000. inserted | Split time: 41.718000 | Total time elapsed: 138.171000
80000. inserted | Split time: 46.297000 | Total time elapsed: 184.468000
90000. inserted | Split time: 61.501000 | Total time elapsed: 245.969000
Time elapsed (Stolen Tree Insert): 311.500000
Time elapsed (Stolen Tree Find): 0.031000

    0. inserted | Split time: 0.000000 | Total time elapsed: 0.000000
10000. inserted | Split time: 0.016000 | Total time elapsed: 0.016000
20000. inserted | Split time: 0.000000 | Total time elapsed: 0.016000
30000. inserted | Split time: 0.000000 | Total time elapsed: 0.016000
40000. inserted | Split time: 0.000000 | Total time elapsed: 0.016000
50000. inserted | Split time: 0.015000 | Total time elapsed: 0.031000
60000. inserted | Split time: 0.000000 | Total time elapsed: 0.031000
70000. inserted | Split time: 0.000000 | Total time elapsed: 0.031000
80000. inserted | Split time: 0.000000 | Total time elapsed: 0.031000
90000. inserted | Split time: 0.031000 | Total time elapsed: 0.062000
Time elapsed (My Hash Insert): 0.062000
Time elapsed (My Hash Find): 0.000000

    0. inserted | Split time: 0.000000 | Total time elapsed: 0.000000
10000. inserted | Split time: 0.000000 | Total time elapsed: 0.000000
20000. inserted | Split time: 0.016000 | Total time elapsed: 0.016000
30000. inserted | Split time: 0.000000 | Total time elapsed: 0.016000
40000. inserted | Split time: 0.015000 | Total time elapsed: 0.031000
50000. inserted | Split time: 0.000000 | Total time elapsed: 0.031000
60000. inserted | Split time: 0.016000 | Total time elapsed: 0.047000
70000. inserted | Split time: 0.000000 | Total time elapsed: 0.047000
80000. inserted | Split time: 0.016000 | Total time elapsed: 0.063000
90000. inserted | Split time: 0.015000 | Total time elapsed: 0.078000
Time elapsed (My Tree Insert): 0.078000
Time elapsed (My Tree Find): 0.016000

    0. inserted | Split time: 0.000000 | Total time elapsed: 0.000000
10000. inserted | Split time: 0.360000 | Total time elapsed: 0.360000
20000. inserted | Split time: 1.015000 | Total time elapsed: 1.375000
30000. inserted | Split time: 2.578000 | Total time elapsed: 3.953000
Time elapsed (My BVS Tree Insert): 9.281000
Time elapsed (My BVS Tree Find): 28.078000

____________________________________
____________________________________

Test n.6:
Random Array:
    0. inserted | Split time: 0.000000 | Total time elapsed: 0.000000
10000. inserted | Split time: 0.031000 | Total time elapsed: 0.031000
20000. inserted | Split time: 0.094000 | Total time elapsed: 0.125000
30000. inserted | Split time: 0.094000 | Total time elapsed: 0.219000
40000. inserted | Split time: 0.093000 | Total time elapsed: 0.312000
50000. inserted | Split time: 0.110000 | Total time elapsed: 0.422000
60000. inserted | Split time: 0.109000 | Total time elapsed: 0.531000
70000. inserted | Split time: 0.125000 | Total time elapsed: 0.656000
80000. inserted | Split time: 0.141000 | Total time elapsed: 0.797000
90000. inserted | Split time: 0.187000 | Total time elapsed: 0.984000
Time elapsed (Stolen Hash Insert): 1.141000
Time elapsed (Stolen Hash Find): 1.250000

    0. inserted | Split time: 0.000000 | Total time elapsed: 0.000000
10000. inserted | Split time: 2.047000 | Total time elapsed: 2.047000
20000. inserted | Split time: 3.750000 | Total time elapsed: 5.797000
30000. inserted | Split time: 4.047000 | Total time elapsed: 9.844000
40000. inserted | Split time: 3.422000 | Total time elapsed: 13.266000
50000. inserted | Split time: 2.828000 | Total time elapsed: 16.094000
60000. inserted | Split time: 2.516000 | Total time elapsed: 18.610000
70000. inserted | Split time: 2.093000 | Total time elapsed: 20.703000
80000. inserted | Split time: 1.844000 | Total time elapsed: 22.547000
90000. inserted | Split time: 1.500000 | Total time elapsed: 24.047000
Time elapsed (Stolen Tree Insert): 25.219000
Time elapsed (Stolen Tree Find): 0.047000

    0. inserted | Split time: 0.000000 | Total time elapsed: 0.000000
10000. inserted | Split time: 0.015000 | Total time elapsed: 0.015000
20000. inserted | Split time: 0.000000 | Total time elapsed: 0.015000
30000. inserted | Split time: 0.000000 | Total time elapsed: 0.015000
40000. inserted | Split time: 0.000000 | Total time elapsed: 0.015000
50000. inserted | Split time: 0.016000 | Total time elapsed: 0.031000
60000. inserted | Split time: 0.000000 | Total time elapsed: 0.031000
70000. inserted | Split time: 0.000000 | Total time elapsed: 0.031000
80000. inserted | Split time: 0.000000 | Total time elapsed: 0.031000
90000. inserted | Split time: 0.015000 | Total time elapsed: 0.046000
Time elapsed (My Hash Insert): 0.046000
Time elapsed (My Hash Find): 0.000000

    0. inserted | Split time: 0.000000 | Total time elapsed: 0.000000
10000. inserted | Split time: 0.000000 | Total time elapsed: 0.000000
20000. inserted | Split time: 0.016000 | Total time elapsed: 0.016000
30000. inserted | Split time: 0.000000 | Total time elapsed: 0.016000
40000. inserted | Split time: 0.015000 | Total time elapsed: 0.031000
50000. inserted | Split time: 0.000000 | Total time elapsed: 0.031000
60000. inserted | Split time: 0.016000 | Total time elapsed: 0.047000
70000. inserted | Split time: 0.000000 | Total time elapsed: 0.047000
80000. inserted | Split time: 0.000000 | Total time elapsed: 0.047000
90000. inserted | Split time: 0.016000 | Total time elapsed: 0.063000
Time elapsed (My Tree Insert): 0.063000
Time elapsed (My Tree Find): 0.031000

    0. inserted | Split time: 0.000000 | Total time elapsed: 0.000000
10000. inserted | Split time: 0.000000 | Total time elapsed: 0.000000
20000. inserted | Split time: 0.000000 | Total time elapsed: 0.000000
30000. inserted | Split time: 0.000000 | Total time elapsed: 0.000000
Time elapsed (My BVS Tree Insert): 0.015000
Time elapsed (My BVS Tree Find): 0.016000

____________________________________
Consecutive Array:
    0. inserted | Split time: 0.000000 | Total time elapsed: 0.000000
10000. inserted | Split time: 0.031000 | Total time elapsed: 0.031000
20000. inserted | Split time: 0.172000 | Total time elapsed: 0.203000
30000. inserted | Split time: 0.344000 | Total time elapsed: 0.547000
40000. inserted | Split time: 1.047000 | Total time elapsed: 1.594000
50000. inserted | Split time: 1.125000 | Total time elapsed: 2.719000
60000. inserted | Split time: 1.750000 | Total time elapsed: 4.469000
70000. inserted | Split time: 2.656000 | Total time elapsed: 7.125000
80000. inserted | Split time: 2.844000 | Total time elapsed: 9.969000
90000. inserted | Split time: 2.984000 | Total time elapsed: 12.953000
Time elapsed (Stolen Hash Insert): 17.172000
Time elapsed (Stolen Hash Find): 12.047000

    0. inserted | Split time: 0.000000 | Total time elapsed: 0.000000
10000. inserted | Split time: 0.015000 | Total time elapsed: 0.015000
20000. inserted | Split time: 0.000000 | Total time elapsed: 0.015000
30000. inserted | Split time: 0.000000 | Total time elapsed: 0.015000
40000. inserted | Split time: 0.000000 | Total time elapsed: 0.015000
50000. inserted | Split time: 0.016000 | Total time elapsed: 0.031000
60000. inserted | Split time: 0.000000 | Total time elapsed: 0.031000
70000. inserted | Split time: 0.000000 | Total time elapsed: 0.031000
80000. inserted | Split time: 0.000000 | Total time elapsed: 0.031000
90000. inserted | Split time: 0.031000 | Total time elapsed: 0.062000
Time elapsed (My Hash Insert): 0.062000
Time elapsed (My Hash Find): 0.000000

    0. inserted | Split time: 0.000000 | Total time elapsed: 0.000000
10000. inserted | Split time: 0.000000 | Total time elapsed: 0.000000
20000. inserted | Split time: 0.016000 | Total time elapsed: 0.016000
30000. inserted | Split time: 0.015000 | Total time elapsed: 0.031000
40000. inserted | Split time: 0.000000 | Total time elapsed: 0.031000
50000. inserted | Split time: 0.016000 | Total time elapsed: 0.047000
60000. inserted | Split time: 0.015000 | Total time elapsed: 0.062000
70000. inserted | Split time: 0.000000 | Total time elapsed: 0.062000
80000. inserted | Split time: 0.016000 | Total time elapsed: 0.078000
90000. inserted | Split time: 0.016000 | Total time elapsed: 0.094000
Time elapsed (My Tree Insert): 0.094000
Time elapsed (My Tree Find): 0.000000

    0. inserted | Split time: 0.000000 | Total time elapsed: 0.000000
10000. inserted | Split time: 0.360000 | Total time elapsed: 0.360000
20000. inserted | Split time: 1.015000 | Total time elapsed: 1.375000
30000. inserted | Split time: 1.672000 | Total time elapsed: 3.047000
Time elapsed (My BVS Tree Insert): 5.703000
    0. inserted | Split time: 0.000000 | Total time elapsed: 0.000000
10000. inserted | Split time: 2.078000 | Total time elapsed: 2.078000
20000. inserted | Split time: 7.110000 | Total time elapsed: 9.188000
30000. inserted | Split time: 12.125000 | Total time elapsed: 21.313000
40000. inserted | Split time: 16.359000 | Total time elapsed: 37.672000
50000. inserted | Split time: 36.750000 | Total time elapsed: 74.422000
60000. inserted | Split time: 33.250000 | Total time elapsed: 107.672000
70000. inserted | Split time: 48.751000 | Total time elapsed: 156.423000
80000. inserted | Split time: 56.109000 | Total time elapsed: 212.532000
90000. inserted | Split time: 64.280000 | Total time elapsed: 276.812000
Time elapsed (Stolen Tree Insert): 347.344000
Time elapsed (Stolen Tree Find): 0.031000

Time elapsed (My BVS Tree Find): 22.673000


Random Array:
    0. inserted | Split time: 0.000000 | Total time elapsed: 0.000000
10000. inserted | Split time: 0.032000 | Total time elapsed: 0.032000
20000. inserted | Split time: 0.078000 | Total time elapsed: 0.110000
30000. inserted | Split time: 0.093000 | Total time elapsed: 0.203000
40000. inserted | Split time: 0.110000 | Total time elapsed: 0.313000
50000. inserted | Split time: 0.109000 | Total time elapsed: 0.422000
60000. inserted | Split time: 0.125000 | Total time elapsed: 0.547000
70000. inserted | Split time: 0.110000 | Total time elapsed: 0.657000
80000. inserted | Split time: 0.109000 | Total time elapsed: 0.766000
90000. inserted | Split time: 0.125000 | Total time elapsed: 0.891000
Time elapsed (Stolen Hash Insert): 1.078000
Time elapsed (Stolen Hash Find): 1.079000

    0. inserted | Split time: 0.000000 | Total time elapsed: 0.000000
10000. inserted | Split time: 2.250000 | Total time elapsed: 2.250000
20000. inserted | Split time: 4.031000 | Total time elapsed: 6.281000
30000. inserted | Split time: 3.656000 | Total time elapsed: 9.937000
40000. inserted | Split time: 3.532000 | Total time elapsed: 13.469000
50000. inserted | Split time: 2.859000 | Total time elapsed: 16.328000
60000. inserted | Split time: 2.516000 | Total time elapsed: 18.844000
70000. inserted | Split time: 2.047000 | Total time elapsed: 20.891000
80000. inserted | Split time: 1.531000 | Total time elapsed: 22.422000
90000. inserted | Split time: 1.297000 | Total time elapsed: 23.719000
Time elapsed (Stolen Tree Insert): 24.812000
Time elapsed (Stolen Tree Find): 0.032000

    0. inserted | Split time: 0.000000 | Total time elapsed: 0.000000
10000. inserted | Split time: 0.000000 | Total time elapsed: 0.000000
20000. inserted | Split time: 0.000000 | Total time elapsed: 0.000000
30000. inserted | Split time: 0.016000 | Total time elapsed: 0.016000
40000. inserted | Split time: 0.000000 | Total time elapsed: 0.016000
50000. inserted | Split time: 0.000000 | Total time elapsed: 0.016000
60000. inserted | Split time: 0.000000 | Total time elapsed: 0.016000
70000. inserted | Split time: 0.015000 | Total time elapsed: 0.031000
80000. inserted | Split time: 0.000000 | Total time elapsed: 0.031000
90000. inserted | Split time: 0.000000 | Total time elapsed: 0.031000
Time elapsed (My Hash Insert): 0.031000
Time elapsed (My Hash Find): 0.000000

    0. inserted | Split time: 0.000000 | Total time elapsed: 0.000000
10000. inserted | Split time: 0.000000 | Total time elapsed: 0.000000
20000. inserted | Split time: 0.015000 | Total time elapsed: 0.015000
30000. inserted | Split time: 0.000000 | Total time elapsed: 0.015000
40000. inserted | Split time: 0.000000 | Total time elapsed: 0.015000
50000. inserted | Split time: 0.016000 | Total time elapsed: 0.031000
60000. inserted | Split time: 0.000000 | Total time elapsed: 0.031000
70000. inserted | Split time: 0.016000 | Total time elapsed: 0.047000
80000. inserted | Split time: 0.000000 | Total time elapsed: 0.047000
90000. inserted | Split time: 0.015000 | Total time elapsed: 0.062000
Time elapsed (My Tree Insert): 0.078000
Time elapsed (My Tree Find): 0.016000

    0. inserted | Split time: 0.000000 | Total time elapsed: 0.000000
10000. inserted | Split time: 0.000000 | Total time elapsed: 0.000000
20000. inserted | Split time: 0.000000 | Total time elapsed: 0.000000
30000. inserted | Split time: 0.000000 | Total time elapsed: 0.000000
Time elapsed (My BVS Tree Insert): 0.016000
Time elapsed (My BVS Tree Find): 0.015000


Consecutive Array:
    0. inserted | Split time: 0.000000 | Total time elapsed: 0.000000
10000. inserted | Split time: 0.047000 | Total time elapsed: 0.047000
20000. inserted | Split time: 0.157000 | Total time elapsed: 0.204000
30000. inserted | Split time: 0.375000 | Total time elapsed: 0.579000
40000. inserted | Split time: 0.562000 | Total time elapsed: 1.141000
50000. inserted | Split time: 0.844000 | Total time elapsed: 1.985000
60000. inserted | Split time: 1.344000 | Total time elapsed: 3.329000
70000. inserted | Split time: 1.625000 | Total time elapsed: 4.954000
80000. inserted | Split time: 1.937000 | Total time elapsed: 6.891000
90000. inserted | Split time: 2.375000 | Total time elapsed: 9.266000
Time elapsed (Stolen Hash Insert): 12.235000
Time elapsed (Stolen Hash Find): 12.672000

    0. inserted | Split time: 0.000000 | Total time elapsed: 0.000000
10000. inserted | Split time: 2.219000 | Total time elapsed: 2.219000
20000. inserted | Split time: 7.360000 | Total time elapsed: 9.579000
30000. inserted | Split time: 12.609000 | Total time elapsed: 22.188000
40000. inserted | Split time: 16.657000 | Total time elapsed: 38.845000
50000. inserted | Split time: 27.281000 | Total time elapsed: 66.126000
60000. inserted | Split time: 36.812000 | Total time elapsed: 102.938000
70000. inserted | Split time: 45.094000 | Total time elapsed: 148.032000
80000. inserted | Split time: 55.015000 | Total time elapsed: 203.047000
90000. inserted | Split time: 59.032000 | Total time elapsed: 262.079000
Time elapsed (Stolen Tree Insert): 334.969000
Time elapsed (Stolen Tree Find): 0.032000

    0. inserted | Split time: 0.000000 | Total time elapsed: 0.000000
10000. inserted | Split time: 0.000000 | Total time elapsed: 0.000000
20000. inserted | Split time: 0.000000 | Total time elapsed: 0.000000
30000. inserted | Split time: 0.016000 | Total time elapsed: 0.016000
40000. inserted | Split time: 0.000000 | Total time elapsed: 0.016000
50000. inserted | Split time: 0.000000 | Total time elapsed: 0.016000
60000. inserted | Split time: 0.015000 | Total time elapsed: 0.031000
70000. inserted | Split time: 0.000000 | Total time elapsed: 0.031000
80000. inserted | Split time: 0.000000 | Total time elapsed: 0.031000
90000. inserted | Split time: 0.016000 | Total time elapsed: 0.047000
Time elapsed (My Hash Insert): 0.047000
Time elapsed (My Hash Find): 0.016000

    0. inserted | Split time: 0.000000 | Total time elapsed: 0.000000
10000. inserted | Split time: 0.000000 | Total time elapsed: 0.000000
20000. inserted | Split time: 0.016000 | Total time elapsed: 0.016000
30000. inserted | Split time: 0.000000 | Total time elapsed: 0.016000
40000. inserted | Split time: 0.016000 | Total time elapsed: 0.032000
50000. inserted | Split time: 0.000000 | Total time elapsed: 0.032000
60000. inserted | Split time: 0.015000 | Total time elapsed: 0.047000
70000. inserted | Split time: 0.000000 | Total time elapsed: 0.047000
80000. inserted | Split time: 0.016000 | Total time elapsed: 0.063000
90000. inserted | Split time: 0.015000 | Total time elapsed: 0.078000
Time elapsed (My Tree Insert): 0.078000
Time elapsed (My Tree Find): 0.016000

    0. inserted | Split time: 0.000000 | Total time elapsed: 0.000000
10000. inserted | Split time: 0.312000 | Total time elapsed: 0.312000
20000. inserted | Split time: 0.953000 | Total time elapsed: 1.265000
30000. inserted | Split time: 1.688000 | Total time elapsed: 2.953000
Time elapsed (My BVS Tree Insert): 6.859000
Time elapsed (My BVS Tree Find): 29.547000
Test n.7:


Random Array:
    0. inserted | Split time: 0.000000 | Total time elapsed: 0.000000
10000. inserted | Split time: 0.047000 | Total time elapsed: 0.047000
20000. inserted | Split time: 0.078000 | Total time elapsed: 0.125000
30000. inserted | Split time: 0.093000 | Total time elapsed: 0.218000
40000. inserted | Split time: 0.110000 | Total time elapsed: 0.328000
50000. inserted | Split time: 0.125000 | Total time elapsed: 0.453000
60000. inserted | Split time: 0.125000 | Total time elapsed: 0.578000
70000. inserted | Split time: 0.140000 | Total time elapsed: 0.718000
80000. inserted | Split time: 0.110000 | Total time elapsed: 0.828000
90000. inserted | Split time: 0.140000 | Total time elapsed: 0.968000
Time elapsed (Stolen Hash Insert): 1.078000
Time elapsed (Stolen Hash Find): 0.984000

    0. inserted | Split time: 0.000000 | Total time elapsed: 0.000000
10000. inserted | Split time: 2.016000 | Total time elapsed: 2.016000
20000. inserted | Split time: 6.422000 | Total time elapsed: 8.438000
30000. inserted | Split time: 11.452000 | Total time elapsed: 19.890000
40000. inserted | Split time: 18.828000 | Total time elapsed: 38.718000
50000. inserted | Split time: 27.094000 | Total time elapsed: 65.812000
60000. inserted | Split time: 31.313000 | Total time elapsed: 97.125000
70000. inserted | Split time: 35.859000 | Total time elapsed: 132.984000
80000. inserted | Split time: 47.594000 | Total time elapsed: 180.578000
90000. inserted | Split time: 55.953000 | Total time elapsed: 236.531000
Time elapsed (Stolen Tree Insert): 305.359000
Time elapsed (Stolen Tree Find): 0.032000

    0. inserted | Split time: 0.000000 | Total time elapsed: 0.000000
10000. inserted | Split time: 2.109000 | Total time elapsed: 2.109000
20000. inserted | Split time: 3.922000 | Total time elapsed: 6.031000
30000. inserted | Split time: 4.000000 | Total time elapsed: 10.031000
40000. inserted | Split time: 3.375000 | Total time elapsed: 13.406000
50000. inserted | Split time: 3.063000 | Total time elapsed: 16.469000
60000. inserted | Split time: 2.734000 | Total time elapsed: 19.203000
70000. inserted | Split time: 2.266000 | Total time elapsed: 21.469000
80000. inserted | Split time: 1.671000 | Total time elapsed: 23.140000
90000. inserted | Split time: 1.484000 | Total time elapsed: 24.624000
Time elapsed (Stolen Tree Insert): 25.765000
Time elapsed (Stolen Tree Find): 0.031000

    0. inserted | Split time: 0.000000 | Total time elapsed: 0.000000
10000. inserted | Split time: 0.015000 | Total time elapsed: 0.015000
20000. inserted | Split time: 0.000000 | Total time elapsed: 0.015000
30000. inserted | Split time: 0.000000 | Total time elapsed: 0.015000
40000. inserted | Split time: 0.000000 | Total time elapsed: 0.015000
50000. inserted | Split time: 0.016000 | Total time elapsed: 0.031000
60000. inserted | Split time: 0.000000 | Total time elapsed: 0.031000
70000. inserted | Split time: 0.000000 | Total time elapsed: 0.031000
80000. inserted | Split time: 0.000000 | Total time elapsed: 0.031000
90000. inserted | Split time: 0.000000 | Total time elapsed: 0.031000
Time elapsed (My Hash Insert): 0.031000
Time elapsed (My Hash Find): 0.000000

    0. inserted | Split time: 0.000000 | Total time elapsed: 0.000000
10000. inserted | Split time: 0.016000 | Total time elapsed: 0.016000
20000. inserted | Split time: 0.000000 | Total time elapsed: 0.016000
30000. inserted | Split time: 0.015000 | Total time elapsed: 0.031000
40000. inserted | Split time: 0.000000 | Total time elapsed: 0.031000
50000. inserted | Split time: 0.016000 | Total time elapsed: 0.047000
60000. inserted | Split time: 0.000000 | Total time elapsed: 0.047000
70000. inserted | Split time: 0.015000 | Total time elapsed: 0.062000
80000. inserted | Split time: 0.000000 | Total time elapsed: 0.062000
90000. inserted | Split time: 0.000000 | Total time elapsed: 0.062000
Time elapsed (My Tree Insert): 0.078000
Time elapsed (My Tree Find): 0.016000

    0. inserted | Split time: 0.000000 | Total time elapsed: 0.000000
10000. inserted | Split time: 0.000000 | Total time elapsed: 0.000000
20000. inserted | Split time: 0.000000 | Total time elapsed: 0.000000
30000. inserted | Split time: 0.000000 | Total time elapsed: 0.000000
Time elapsed (My BVS Tree Insert): 0.000000
Time elapsed (My BVS Tree Find): 0.015000


Consecutive Array:
    0. inserted | Split time: 0.000000 | Total time elapsed: 0.000000
10000. inserted | Split time: 0.047000 | Total time elapsed: 0.047000
20000. inserted | Split time: 0.125000 | Total time elapsed: 0.172000
30000. inserted | Split time: 0.281000 | Total time elapsed: 0.453000
40000. inserted | Split time: 0.454000 | Total time elapsed: 0.907000
50000. inserted | Split time: 0.828000 | Total time elapsed: 1.735000
60000. inserted | Split time: 1.406000 | Total time elapsed: 3.141000
70000. inserted | Split time: 1.688000 | Total time elapsed: 4.829000
80000. inserted | Split time: 1.922000 | Total time elapsed: 6.751000
90000. inserted | Split time: 2.499000 | Total time elapsed: 9.250000
Time elapsed (Stolen Hash Insert): 12.469000
Time elapsed (Stolen Hash Find): 12.984000

    0. inserted | Split time: 0.000000 | Total time elapsed: 0.000000
10000. inserted | Split time: 0.016000 | Total time elapsed: 0.016000
20000. inserted | Split time: 0.000000 | Total time elapsed: 0.016000
30000. inserted | Split time: 0.000000 | Total time elapsed: 0.016000
40000. inserted | Split time: 0.016000 | Total time elapsed: 0.032000
50000. inserted | Split time: 0.000000 | Total time elapsed: 0.032000
60000. inserted | Split time: 0.000000 | Total time elapsed: 0.032000
70000. inserted | Split time: 0.000000 | Total time elapsed: 0.032000
80000. inserted | Split time: 0.016000 | Total time elapsed: 0.048000
90000. inserted | Split time: 0.015000 | Total time elapsed: 0.063000
Time elapsed (My Hash Insert): 0.063000
Time elapsed (My Hash Find): 0.000000

    0. inserted | Split time: 0.000000 | Total time elapsed: 0.000000
10000. inserted | Split time: 0.015000 | Total time elapsed: 0.015000
20000. inserted | Split time: 0.000000 | Total time elapsed: 0.015000
30000. inserted | Split time: 0.016000 | Total time elapsed: 0.031000
40000. inserted | Split time: 0.000000 | Total time elapsed: 0.031000
50000. inserted | Split time: 0.016000 | Total time elapsed: 0.047000
60000. inserted | Split time: 0.000000 | Total time elapsed: 0.047000
70000. inserted | Split time: 0.015000 | Total time elapsed: 0.062000
80000. inserted | Split time: 0.000000 | Total time elapsed: 0.062000
90000. inserted | Split time: 0.016000 | Total time elapsed: 0.078000
Time elapsed (My Tree Insert): 0.078000
Time elapsed (My Tree Find): 0.016000

    0. inserted | Split time: 0.000000 | Total time elapsed: 0.000000
10000. inserted | Split time: 0.328000 | Total time elapsed: 0.328000
20000. inserted | Split time: 0.985000 | Total time elapsed: 1.313000
30000. inserted | Split time: 1.656000 | Total time elapsed: 2.969000
Time elapsed (My BVS Tree Insert): 5.531000
Time elapsed (My BVS Tree Find): 30.219000

____________________________________
____________________________________

Test n.7:
Random Array:
    0. inserted | Split time: 0.000000 | Total time elapsed: 0.000000
10000. inserted | Split time: 0.047000 | Total time elapsed: 0.047000
20000. inserted | Split time: 0.063000 | Total time elapsed: 0.110000
30000. inserted | Split time: 0.093000 | Total time elapsed: 0.203000
40000. inserted | Split time: 0.110000 | Total time elapsed: 0.313000
50000. inserted | Split time: 0.125000 | Total time elapsed: 0.438000
60000. inserted | Split time: 0.125000 | Total time elapsed: 0.563000
70000. inserted | Split time: 0.140000 | Total time elapsed: 0.703000
80000. inserted | Split time: 0.125000 | Total time elapsed: 0.828000
90000. inserted | Split time: 0.141000 | Total time elapsed: 0.969000
Time elapsed (Stolen Hash Insert): 1.078000
Time elapsed (Stolen Hash Find): 1.078000

    0. inserted | Split time: 0.000000 | Total time elapsed: 0.000000
10000. inserted | Split time: 2.109000 | Total time elapsed: 2.109000
20000. inserted | Split time: 3.797000 | Total time elapsed: 5.906000
30000. inserted | Split time: 3.844000 | Total time elapsed: 9.750000
40000. inserted | Split time: 3.516000 | Total time elapsed: 13.266000
50000. inserted | Split time: 2.968000 | Total time elapsed: 16.234000
60000. inserted | Split time: 2.438000 | Total time elapsed: 18.672000
70000. inserted | Split time: 2.047000 | Total time elapsed: 20.719000
80000. inserted | Split time: 1.625000 | Total time elapsed: 22.344000
90000. inserted | Split time: 1.375000 | Total time elapsed: 23.719000
Time elapsed (Stolen Tree Insert): 24.859000
Time elapsed (Stolen Tree Find): 0.032000

    0. inserted | Split time: 0.000000 | Total time elapsed: 0.000000
10000. inserted | Split time: 0.015000 | Total time elapsed: 0.015000
20000. inserted | Split time: 0.000000 | Total time elapsed: 0.015000
30000. inserted | Split time: 0.000000 | Total time elapsed: 0.015000
40000. inserted | Split time: 0.000000 | Total time elapsed: 0.015000
50000. inserted | Split time: 0.000000 | Total time elapsed: 0.015000
60000. inserted | Split time: 0.016000 | Total time elapsed: 0.031000
70000. inserted | Split time: 0.000000 | Total time elapsed: 0.031000
80000. inserted | Split time: 0.000000 | Total time elapsed: 0.031000
90000. inserted | Split time: 0.000000 | Total time elapsed: 0.031000
Time elapsed (My Hash Insert): 0.031000
Time elapsed (My Hash Find): 0.000000

    0. inserted | Split time: 0.000000 | Total time elapsed: 0.000000
10000. inserted | Split time: 0.000000 | Total time elapsed: 0.000000
20000. inserted | Split time: 0.000000 | Total time elapsed: 0.000000
30000. inserted | Split time: 0.016000 | Total time elapsed: 0.016000
40000. inserted | Split time: 0.000000 | Total time elapsed: 0.016000
50000. inserted | Split time: 0.000000 | Total time elapsed: 0.016000
60000. inserted | Split time: 0.015000 | Total time elapsed: 0.031000
70000. inserted | Split time: 0.000000 | Total time elapsed: 0.031000
80000. inserted | Split time: 0.000000 | Total time elapsed: 0.031000
90000. inserted | Split time: 0.016000 | Total time elapsed: 0.047000
Time elapsed (My Tree Insert): 0.047000
Time elapsed (My Tree Find): 0.031000

    0. inserted | Split time: 0.000000 | Total time elapsed: 0.000000
10000. inserted | Split time: 0.000000 | Total time elapsed: 0.000000
20000. inserted | Split time: 0.000000 | Total time elapsed: 0.000000
30000. inserted | Split time: 0.000000 | Total time elapsed: 0.000000
Time elapsed (My BVS Tree Insert): 0.016000
Time elapsed (My BVS Tree Find): 0.015000

____________________________________
Consecutive Array:
    0. inserted | Split time: 0.000000 | Total time elapsed: 0.000000
10000. inserted | Split time: 0.031000 | Total time elapsed: 0.031000
20000. inserted | Split time: 0.156000 | Total time elapsed: 0.187000
30000. inserted | Split time: 0.282000 | Total time elapsed: 0.469000
40000. inserted | Split time: 0.468000 | Total time elapsed: 0.937000
50000. inserted | Split time: 0.765000 | Total time elapsed: 1.702000
60000. inserted | Split time: 1.454000 | Total time elapsed: 3.156000
70000. inserted | Split time: 1.937000 | Total time elapsed: 5.093000
80000. inserted | Split time: 1.922000 | Total time elapsed: 7.015000
90000. inserted | Split time: 2.703000 | Total time elapsed: 9.718000
Time elapsed (Stolen Hash Insert): 12.656000
Time elapsed (Stolen Hash Find): 11.250000

    0. inserted | Split time: 0.000000 | Total time elapsed: 0.000000
10000. inserted | Split time: 0.000000 | Total time elapsed: 0.000000
20000. inserted | Split time: 0.000000 | Total time elapsed: 0.000000
30000. inserted | Split time: 0.015000 | Total time elapsed: 0.015000
40000. inserted | Split time: 0.000000 | Total time elapsed: 0.015000
50000. inserted | Split time: 0.016000 | Total time elapsed: 0.031000
60000. inserted | Split time: 0.000000 | Total time elapsed: 0.031000
70000. inserted | Split time: 0.000000 | Total time elapsed: 0.031000
80000. inserted | Split time: 0.000000 | Total time elapsed: 0.031000
90000. inserted | Split time: 0.031000 | Total time elapsed: 0.062000
Time elapsed (My Hash Insert): 0.062000
Time elapsed (My Hash Find): 0.000000

    0. inserted | Split time: 0.000000 | Total time elapsed: 0.000000
10000. inserted | Split time: 0.000000 | Total time elapsed: 0.000000
20000. inserted | Split time: 0.015000 | Total time elapsed: 0.015000
30000. inserted | Split time: 0.000000 | Total time elapsed: 0.015000
40000. inserted | Split time: 0.016000 | Total time elapsed: 0.031000
50000. inserted | Split time: 0.000000 | Total time elapsed: 0.031000
60000. inserted | Split time: 0.016000 | Total time elapsed: 0.047000
70000. inserted | Split time: 0.000000 | Total time elapsed: 0.047000
80000. inserted | Split time: 0.015000 | Total time elapsed: 0.062000
90000. inserted | Split time: 0.016000 | Total time elapsed: 0.078000
Time elapsed (My Tree Insert): 0.078000
Time elapsed (My Tree Find): 0.016000

    0. inserted | Split time: 0.000000 | Total time elapsed: 0.000000
10000. inserted | Split time: 0.328000 | Total time elapsed: 0.328000
20000. inserted | Split time: 0.985000 | Total time elapsed: 1.313000
30000. inserted | Split time: 1.718000 | Total time elapsed: 3.031000
Time elapsed (My BVS Tree Insert): 5.594000
Time elapsed (My BVS Tree Find): 24.469000


Random Array:
    0. inserted | Split time: 0.000000 | Total time elapsed: 0.000000
10000. inserted | Split time: 0.016000 | Total time elapsed: 0.016000
20000. inserted | Split time: 0.078000 | Total time elapsed: 0.094000
30000. inserted | Split time: 0.094000 | Total time elapsed: 0.188000
40000. inserted | Split time: 0.125000 | Total time elapsed: 0.313000
50000. inserted | Split time: 0.109000 | Total time elapsed: 0.422000
60000. inserted | Split time: 0.125000 | Total time elapsed: 0.547000
70000. inserted | Split time: 0.125000 | Total time elapsed: 0.672000
80000. inserted | Split time: 0.125000 | Total time elapsed: 0.797000
90000. inserted | Split time: 0.125000 | Total time elapsed: 0.922000
Time elapsed (Stolen Hash Insert): 1.047000
Time elapsed (Stolen Hash Find): 1.141000

    0. inserted | Split time: 0.000000 | Total time elapsed: 0.000000
10000. inserted | Split time: 2.219000 | Total time elapsed: 2.219000
20000. inserted | Split time: 3.703000 | Total time elapsed: 5.922000
30000. inserted | Split time: 3.672000 | Total time elapsed: 9.594000
40000. inserted | Split time: 3.406000 | Total time elapsed: 13.000000
50000. inserted | Split time: 3.062000 | Total time elapsed: 16.062000
60000. inserted | Split time: 2.688000 | Total time elapsed: 18.750000
70000. inserted | Split time: 2.094000 | Total time elapsed: 20.844000
80000. inserted | Split time: 1.656000 | Total time elapsed: 22.500000
90000. inserted | Split time: 1.359000 | Total time elapsed: 23.859000
Time elapsed (Stolen Tree Insert): 24.890000
Time elapsed (Stolen Tree Find): 0.047000

    0. inserted | Split time: 0.000000 | Total time elapsed: 0.000000
10000. inserted | Split time: 2.047000 | Total time elapsed: 2.047000
20000. inserted | Split time: 6.407000 | Total time elapsed: 8.454000
30000. inserted | Split time: 11.328000 | Total time elapsed: 19.782000
40000. inserted | Split time: 17.797000 | Total time elapsed: 37.579000
50000. inserted | Split time: 25.641000 | Total time elapsed: 63.220000
60000. inserted | Split time: 39.328000 | Total time elapsed: 102.548000
70000. inserted | Split time: 41.499000 | Total time elapsed: 144.047000
80000. inserted | Split time: 53.250000 | Total time elapsed: 197.297000
90000. inserted | Split time: 59.750000 | Total time elapsed: 257.047000
Time elapsed (Stolen Tree Insert): 324.906000
Time elapsed (Stolen Tree Find): 0.016000

    0. inserted | Split time: 0.000000 | Total time elapsed: 0.000000
10000. inserted | Split time: 0.000000 | Total time elapsed: 0.000000
20000. inserted | Split time: 0.000000 | Total time elapsed: 0.000000
30000. inserted | Split time: 0.016000 | Total time elapsed: 0.016000
40000. inserted | Split time: 0.000000 | Total time elapsed: 0.016000
50000. inserted | Split time: 0.000000 | Total time elapsed: 0.016000
60000. inserted | Split time: 0.000000 | Total time elapsed: 0.016000
70000. inserted | Split time: 0.000000 | Total time elapsed: 0.016000
80000. inserted | Split time: 0.000000 | Total time elapsed: 0.016000
90000. inserted | Split time: 0.000000 | Total time elapsed: 0.016000
Time elapsed (My Hash Insert): 0.032000
Time elapsed (My Hash Find): 0.000000

    0. inserted | Split time: 0.000000 | Total time elapsed: 0.000000
10000. inserted | Split time: 0.000000 | Total time elapsed: 0.000000
20000. inserted | Split time: 0.000000 | Total time elapsed: 0.000000
30000. inserted | Split time: 0.015000 | Total time elapsed: 0.015000
40000. inserted | Split time: 0.000000 | Total time elapsed: 0.015000
50000. inserted | Split time: 0.016000 | Total time elapsed: 0.031000
60000. inserted | Split time: 0.000000 | Total time elapsed: 0.031000
70000. inserted | Split time: 0.000000 | Total time elapsed: 0.031000
80000. inserted | Split time: 0.015000 | Total time elapsed: 0.046000
90000. inserted | Split time: 0.000000 | Total time elapsed: 0.046000
Time elapsed (My Tree Insert): 0.046000
Time elapsed (My Tree Find): 0.032000

    0. inserted | Split time: 0.000000 | Total time elapsed: 0.000000
10000. inserted | Split time: 0.000000 | Total time elapsed: 0.000000
20000. inserted | Split time: 0.015000 | Total time elapsed: 0.015000
30000. inserted | Split time: 0.000000 | Total time elapsed: 0.015000
Time elapsed (My BVS Tree Insert): 0.015000
Time elapsed (My BVS Tree Find): 0.032000


Consecutive Array:
    0. inserted | Split time: 0.000000 | Total time elapsed: 0.000000
10000. inserted | Split time: 0.046000 | Total time elapsed: 0.046000
20000. inserted | Split time: 0.188000 | Total time elapsed: 0.234000
30000. inserted | Split time: 0.281000 | Total time elapsed: 0.515000
40000. inserted | Split time: 0.563000 | Total time elapsed: 1.078000
50000. inserted | Split time: 0.906000 | Total time elapsed: 1.984000
60000. inserted | Split time: 1.203000 | Total time elapsed: 3.187000
70000. inserted | Split time: 1.672000 | Total time elapsed: 4.859000
80000. inserted | Split time: 2.016000 | Total time elapsed: 6.875000
90000. inserted | Split time: 2.906000 | Total time elapsed: 9.781000
Time elapsed (Stolen Hash Insert): 13.422000
Time elapsed (Stolen Hash Find): 13.453000

    0. inserted | Split time: 0.000000 | Total time elapsed: 0.000000
10000. inserted | Split time: 2.031000 | Total time elapsed: 2.031000
20000. inserted | Split time: 6.313000 | Total time elapsed: 8.344000
30000. inserted | Split time: 10.594000 | Total time elapsed: 18.938000
40000. inserted | Split time: 18.203000 | Total time elapsed: 37.141000
50000. inserted | Split time: 24.062000 | Total time elapsed: 61.203000
60000. inserted | Split time: 31.657000 | Total time elapsed: 92.860000
70000. inserted | Split time: 45.499000 | Total time elapsed: 138.359000
80000. inserted | Split time: 51.875000 | Total time elapsed: 190.234000
90000. inserted | Split time: 57.578000 | Total time elapsed: 247.812000
Time elapsed (Stolen Tree Insert): 315.406000
Time elapsed (Stolen Tree Find): 0.015000

    0. inserted | Split time: 0.000000 | Total time elapsed: 0.000000
10000. inserted | Split time: 0.015000 | Total time elapsed: 0.015000
20000. inserted | Split time: 0.000000 | Total time elapsed: 0.015000
30000. inserted | Split time: 0.000000 | Total time elapsed: 0.015000
40000. inserted | Split time: 0.000000 | Total time elapsed: 0.015000
50000. inserted | Split time: 0.016000 | Total time elapsed: 0.031000
60000. inserted | Split time: 0.000000 | Total time elapsed: 0.031000
70000. inserted | Split time: 0.000000 | Total time elapsed: 0.031000
80000. inserted | Split time: 0.000000 | Total time elapsed: 0.031000
90000. inserted | Split time: 0.030000 | Total time elapsed: 0.061000
Time elapsed (My Hash Insert): 0.061000
Time elapsed (My Hash Find): 0.000000

    0. inserted | Split time: 0.000000 | Total time elapsed: 0.000000
10000. inserted | Split time: 0.016000 | Total time elapsed: 0.016000
20000. inserted | Split time: 0.000000 | Total time elapsed: 0.016000
30000. inserted | Split time: 0.015000 | Total time elapsed: 0.031000
40000. inserted | Split time: 0.000000 | Total time elapsed: 0.031000
50000. inserted | Split time: 0.016000 | Total time elapsed: 0.047000
60000. inserted | Split time: 0.000000 | Total time elapsed: 0.047000
70000. inserted | Split time: 0.016000 | Total time elapsed: 0.063000
80000. inserted | Split time: 0.000000 | Total time elapsed: 0.063000
90000. inserted | Split time: 0.015000 | Total time elapsed: 0.078000
Time elapsed (My Tree Insert): 0.094000
Time elapsed (My Tree Find): 0.015000

    0. inserted | Split time: 0.000000 | Total time elapsed: 0.000000
10000. inserted | Split time: 0.329000 | Total time elapsed: 0.329000
20000. inserted | Split time: 0.953000 | Total time elapsed: 1.282000
30000. inserted | Split time: 1.656000 | Total time elapsed: 2.938000
Time elapsed (My BVS Tree Insert): 5.750000
    0. inserted | Split time: 0.000000 | Total time elapsed: 0.000000
10000. inserted | Split time: 2.015000 | Total time elapsed: 2.015000
20000. inserted | Split time: 6.172000 | Total time elapsed: 8.187000
30000. inserted | Split time: 11.266000 | Total time elapsed: 19.453000
40000. inserted | Split time: 16.015000 | Total time elapsed: 35.468000
50000. inserted | Split time: 20.641000 | Total time elapsed: 56.109000
60000. inserted | Split time: 31.750000 | Total time elapsed: 87.859000
70000. inserted | Split time: 39.656000 | Total time elapsed: 127.515000
80000. inserted | Split time: 49.360000 | Total time elapsed: 176.875000
90000. inserted | Split time: 55.343000 | Total time elapsed: 232.218000
Time elapsed (Stolen Tree Insert): 298.312000
Time elapsed (Stolen Tree Find): 0.031000

Time elapsed (My BVS Tree Find): 25.329000
Test n.8:


Random Array:
    0. inserted | Split time: 0.000000 | Total time elapsed: 0.000000
10000. inserted | Split time: 0.031000 | Total time elapsed: 0.031000
20000. inserted | Split time: 0.079000 | Total time elapsed: 0.110000
30000. inserted | Split time: 0.093000 | Total time elapsed: 0.203000
40000. inserted | Split time: 0.110000 | Total time elapsed: 0.313000
50000. inserted | Split time: 0.109000 | Total time elapsed: 0.422000
60000. inserted | Split time: 0.109000 | Total time elapsed: 0.531000
70000. inserted | Split time: 0.110000 | Total time elapsed: 0.641000
80000. inserted | Split time: 0.125000 | Total time elapsed: 0.766000
90000. inserted | Split time: 0.125000 | Total time elapsed: 0.891000
Time elapsed (Stolen Hash Insert): 1.016000
Time elapsed (Stolen Hash Find): 1.015000

    0. inserted | Split time: 0.000000 | Total time elapsed: 0.000000
10000. inserted | Split time: 2.157000 | Total time elapsed: 2.157000
20000. inserted | Split time: 3.812000 | Total time elapsed: 5.969000
30000. inserted | Split time: 3.813000 | Total time elapsed: 9.782000
40000. inserted | Split time: 3.453000 | Total time elapsed: 13.235000
50000. inserted | Split time: 2.828000 | Total time elapsed: 16.063000
60000. inserted | Split time: 2.469000 | Total time elapsed: 18.532000
70000. inserted | Split time: 2.125000 | Total time elapsed: 20.657000
80000. inserted | Split time: 1.609000 | Total time elapsed: 22.266000
90000. inserted | Split time: 1.375000 | Total time elapsed: 23.641000
Time elapsed (Stolen Tree Insert): 24.719000
Time elapsed (Stolen Tree Find): 0.031000

    0. inserted | Split time: 0.000000 | Total time elapsed: 0.000000
10000. inserted | Split time: 0.015000 | Total time elapsed: 0.015000
20000. inserted | Split time: 0.000000 | Total time elapsed: 0.015000
30000. inserted | Split time: 0.000000 | Total time elapsed: 0.015000
40000. inserted | Split time: 0.000000 | Total time elapsed: 0.015000
50000. inserted | Split time: 0.016000 | Total time elapsed: 0.031000
60000. inserted | Split time: 0.000000 | Total time elapsed: 0.031000
70000. inserted | Split time: 0.000000 | Total time elapsed: 0.031000
80000. inserted | Split time: 0.000000 | Total time elapsed: 0.031000
90000. inserted | Split time: 0.000000 | Total time elapsed: 0.031000
Time elapsed (My Hash Insert): 0.031000
Time elapsed (My Hash Find): 0.016000

    0. inserted | Split time: 0.000000 | Total time elapsed: 0.000000
10000. inserted | Split time: 0.015000 | Total time elapsed: 0.015000
20000. inserted | Split time: 0.000000 | Total time elapsed: 0.015000
30000. inserted | Split time: 0.016000 | Total time elapsed: 0.031000
40000. inserted | Split time: 0.000000 | Total time elapsed: 0.031000
50000. inserted | Split time: 0.016000 | Total time elapsed: 0.047000
60000. inserted | Split time: 0.000000 | Total time elapsed: 0.047000
70000. inserted | Split time: 0.000000 | Total time elapsed: 0.047000
80000. inserted | Split time: 0.015000 | Total time elapsed: 0.062000
90000. inserted | Split time: 0.000000 | Total time elapsed: 0.062000
Time elapsed (My Tree Insert): 0.078000
Time elapsed (My Tree Find): 0.015000

    0. inserted | Split time: 0.000000 | Total time elapsed: 0.000000
10000. inserted | Split time: 0.000000 | Total time elapsed: 0.000000
20000. inserted | Split time: 0.000000 | Total time elapsed: 0.000000
30000. inserted | Split time: 0.000000 | Total time elapsed: 0.000000
Time elapsed (My BVS Tree Insert): 0.016000
Time elapsed (My BVS Tree Find): 0.016000


Consecutive Array:
    0. inserted | Split time: 0.000000 | Total time elapsed: 0.000000
10000. inserted | Split time: 0.062000 | Total time elapsed: 0.062000
20000. inserted | Split time: 0.188000 | Total time elapsed: 0.250000
30000. inserted | Split time: 0.328000 | Total time elapsed: 0.578000
40000. inserted | Split time: 0.515000 | Total time elapsed: 1.093000
50000. inserted | Split time: 0.891000 | Total time elapsed: 1.984000
60000. inserted | Split time: 1.172000 | Total time elapsed: 3.156000
70000. inserted | Split time: 1.906000 | Total time elapsed: 5.062000
80000. inserted | Split time: 2.157000 | Total time elapsed: 7.219000
90000. inserted | Split time: 2.672000 | Total time elapsed: 9.891000
Time elapsed (Stolen Hash Insert): 13.250000
Time elapsed (Stolen Hash Find): 11.484000

    0. inserted | Split time: 0.000000 | Total time elapsed: 0.000000
10000. inserted | Split time: 0.000000 | Total time elapsed: 0.000000
20000. inserted | Split time: 0.015000 | Total time elapsed: 0.015000
30000. inserted | Split time: 0.000000 | Total time elapsed: 0.015000
40000. inserted | Split time: 0.000000 | Total time elapsed: 0.015000
50000. inserted | Split time: 0.016000 | Total time elapsed: 0.031000
60000. inserted | Split time: 0.000000 | Total time elapsed: 0.031000
70000. inserted | Split time: 0.000000 | Total time elapsed: 0.031000
80000. inserted | Split time: 0.000000 | Total time elapsed: 0.031000
90000. inserted | Split time: 0.031000 | Total time elapsed: 0.062000
Time elapsed (My Hash Insert): 0.062000
Time elapsed (My Hash Find): 0.000000

    0. inserted | Split time: 0.000000 | Total time elapsed: 0.000000
10000. inserted | Split time: 0.000000 | Total time elapsed: 0.000000
20000. inserted | Split time: 0.016000 | Total time elapsed: 0.016000
30000. inserted | Split time: 0.000000 | Total time elapsed: 0.016000
40000. inserted | Split time: 0.015000 | Total time elapsed: 0.031000
50000. inserted | Split time: 0.016000 | Total time elapsed: 0.047000
60000. inserted | Split time: 0.000000 | Total time elapsed: 0.047000
70000. inserted | Split time: 0.015000 | Total time elapsed: 0.062000
80000. inserted | Split time: 0.000000 | Total time elapsed: 0.062000
90000. inserted | Split time: 0.016000 | Total time elapsed: 0.078000
Time elapsed (My Tree Insert): 0.094000
Time elapsed (My Tree Find): 0.015000

    0. inserted | Split time: 0.000000 | Total time elapsed: 0.000000
10000. inserted | Split time: 0.328000 | Total time elapsed: 0.328000
20000. inserted | Split time: 1.047000 | Total time elapsed: 1.375000
30000. inserted | Split time: 1.735000 | Total time elapsed: 3.110000
Time elapsed (My BVS Tree Insert): 7.922000
Time elapsed (My BVS Tree Find): 31.485000

____________________________________
____________________________________

Test n.8:
Random Array:
    0. inserted | Split time: 0.000000 | Total time elapsed: 0.000000
10000. inserted | Split time: 0.031000 | Total time elapsed: 0.031000
20000. inserted | Split time: 0.079000 | Total time elapsed: 0.110000
30000. inserted | Split time: 0.109000 | Total time elapsed: 0.219000
40000. inserted | Split time: 0.094000 | Total time elapsed: 0.313000
50000. inserted | Split time: 0.109000 | Total time elapsed: 0.422000
60000. inserted | Split time: 0.125000 | Total time elapsed: 0.547000
70000. inserted | Split time: 0.125000 | Total time elapsed: 0.672000
80000. inserted | Split time: 0.141000 | Total time elapsed: 0.813000
90000. inserted | Split time: 0.140000 | Total time elapsed: 0.953000
Time elapsed (Stolen Hash Insert): 1.078000
Time elapsed (Stolen Hash Find): 1.750000

    0. inserted | Split time: 0.000000 | Total time elapsed: 0.000000
10000. inserted | Split time: 2.250000 | Total time elapsed: 2.250000
20000. inserted | Split time: 3.875000 | Total time elapsed: 6.125000
30000. inserted | Split time: 4.266000 | Total time elapsed: 10.391000
40000. inserted | Split time: 3.422000 | Total time elapsed: 13.813000
50000. inserted | Split time: 2.969000 | Total time elapsed: 16.782000
60000. inserted | Split time: 2.953000 | Total time elapsed: 19.735000
70000. inserted | Split time: 2.625000 | Total time elapsed: 22.360000
80000. inserted | Split time: 1.610000 | Total time elapsed: 23.970000
90000. inserted | Split time: 1.469000 | Total time elapsed: 25.439000
Time elapsed (Stolen Tree Insert): 26.501000
Time elapsed (Stolen Tree Find): 0.031000

    0. inserted | Split time: 0.000000 | Total time elapsed: 0.000000
10000. inserted | Split time: 0.000000 | Total time elapsed: 0.000000
20000. inserted | Split time: 0.000000 | Total time elapsed: 0.000000
30000. inserted | Split time: 0.015000 | Total time elapsed: 0.015000
40000. inserted | Split time: 0.000000 | Total time elapsed: 0.015000
50000. inserted | Split time: 0.000000 | Total time elapsed: 0.015000
60000. inserted | Split time: 0.000000 | Total time elapsed: 0.015000
70000. inserted | Split time: 0.016000 | Total time elapsed: 0.031000
80000. inserted | Split time: 0.000000 | Total time elapsed: 0.031000
90000. inserted | Split time: 0.000000 | Total time elapsed: 0.031000
Time elapsed (My Hash Insert): 0.031000
Time elapsed (My Hash Find): 0.016000

    0. inserted | Split time: 0.000000 | Total time elapsed: 0.000000
10000. inserted | Split time: 0.015000 | Total time elapsed: 0.015000
20000. inserted | Split time: 0.000000 | Total time elapsed: 0.015000
30000. inserted | Split time: 0.016000 | Total time elapsed: 0.031000
40000. inserted | Split time: 0.000000 | Total time elapsed: 0.031000
50000. inserted | Split time: 0.016000 | Total time elapsed: 0.047000
60000. inserted | Split time: 0.000000 | Total time elapsed: 0.047000
70000. inserted | Split time: 0.015000 | Total time elapsed: 0.062000
80000. inserted | Split time: 0.000000 | Total time elapsed: 0.062000
90000. inserted | Split time: 0.000000 | Total time elapsed: 0.062000
Time elapsed (My Tree Insert): 0.078000
Time elapsed (My Tree Find): 0.015000

    0. inserted | Split time: 0.000000 | Total time elapsed: 0.000000
10000. inserted | Split time: 0.016000 | Total time elapsed: 0.016000
20000. inserted | Split time: 0.000000 | Total time elapsed: 0.016000
30000. inserted | Split time: 0.000000 | Total time elapsed: 0.016000
Time elapsed (My BVS Tree Insert): 0.016000
Time elapsed (My BVS Tree Find): 0.031000

____________________________________
Consecutive Array:
    0. inserted | Split time: 0.000000 | Total time elapsed: 0.000000
10000. inserted | Split time: 0.047000 | Total time elapsed: 0.047000
20000. inserted | Split time: 0.188000 | Total time elapsed: 0.235000
30000. inserted | Split time: 0.422000 | Total time elapsed: 0.657000
40000. inserted | Split time: 0.718000 | Total time elapsed: 1.375000
50000. inserted | Split time: 1.703000 | Total time elapsed: 3.078000
60000. inserted | Split time: 1.766000 | Total time elapsed: 4.844000
70000. inserted | Split time: 1.781000 | Total time elapsed: 6.625000
80000. inserted | Split time: 2.203000 | Total time elapsed: 8.828000
90000. inserted | Split time: 3.250000 | Total time elapsed: 12.078000
Time elapsed (Stolen Hash Insert): 16.109000
Time elapsed (Stolen Hash Find): 11.110000

    0. inserted | Split time: 0.000000 | Total time elapsed: 0.000000
10000. inserted | Split time: 0.000000 | Total time elapsed: 0.000000
20000. inserted | Split time: 0.000000 | Total time elapsed: 0.000000
30000. inserted | Split time: 0.016000 | Total time elapsed: 0.016000
40000. inserted | Split time: 0.000000 | Total time elapsed: 0.016000
50000. inserted | Split time: 0.000000 | Total time elapsed: 0.016000
60000. inserted | Split time: 0.000000 | Total time elapsed: 0.016000
70000. inserted | Split time: 0.015000 | Total time elapsed: 0.031000
80000. inserted | Split time: 0.000000 | Total time elapsed: 0.031000
90000. inserted | Split time: 0.016000 | Total time elapsed: 0.047000
Time elapsed (My Hash Insert): 0.063000
Time elapsed (My Hash Find): 0.000000

    0. inserted | Split time: 0.000000 | Total time elapsed: 0.000000
10000. inserted | Split time: 0.015000 | Total time elapsed: 0.015000
20000. inserted | Split time: 0.000000 | Total time elapsed: 0.015000
30000. inserted | Split time: 0.016000 | Total time elapsed: 0.031000
40000. inserted | Split time: 0.015000 | Total time elapsed: 0.046000
50000. inserted | Split time: 0.016000 | Total time elapsed: 0.062000
60000. inserted | Split time: 0.000000 | Total time elapsed: 0.062000
70000. inserted | Split time: 0.016000 | Total time elapsed: 0.078000
80000. inserted | Split time: 0.015000 | Total time elapsed: 0.093000
90000. inserted | Split time: 0.000000 | Total time elapsed: 0.093000
Time elapsed (My Tree Insert): 0.109000
Time elapsed (My Tree Find): 0.016000

    0. inserted | Split time: 0.000000 | Total time elapsed: 0.000000
10000. inserted | Split time: 0.391000 | Total time elapsed: 0.391000
20000. inserted | Split time: 1.000000 | Total time elapsed: 1.391000
30000. inserted | Split time: 1.812000 | Total time elapsed: 3.203000
Time elapsed (My BVS Tree Insert): 6.235000
Time elapsed (My BVS Tree Find): 24.406000


Random Array:
    0. inserted | Split time: 0.000000 | Total time elapsed: 0.000000
10000. inserted | Split time: 0.032000 | Total time elapsed: 0.032000
20000. inserted | Split time: 0.078000 | Total time elapsed: 0.110000
30000. inserted | Split time: 0.094000 | Total time elapsed: 0.204000
40000. inserted | Split time: 0.093000 | Total time elapsed: 0.297000
50000. inserted | Split time: 0.110000 | Total time elapsed: 0.407000
60000. inserted | Split time: 0.109000 | Total time elapsed: 0.516000
70000. inserted | Split time: 0.125000 | Total time elapsed: 0.641000
80000. inserted | Split time: 0.109000 | Total time elapsed: 0.750000
90000. inserted | Split time: 0.125000 | Total time elapsed: 0.875000
Time elapsed (Stolen Hash Insert): 1.000000
Time elapsed (Stolen Hash Find): 0.985000

    0. inserted | Split time: 0.000000 | Total time elapsed: 0.000000
10000. inserted | Split time: 2.109000 | Total time elapsed: 2.109000
20000. inserted | Split time: 3.735000 | Total time elapsed: 5.844000
30000. inserted | Split time: 3.968000 | Total time elapsed: 9.812000
40000. inserted | Split time: 3.485000 | Total time elapsed: 13.297000
50000. inserted | Split time: 2.859000 | Total time elapsed: 16.156000
60000. inserted | Split time: 2.281000 | Total time elapsed: 18.437000
70000. inserted | Split time: 2.016000 | Total time elapsed: 20.453000
80000. inserted | Split time: 1.625000 | Total time elapsed: 22.078000
90000. inserted | Split time: 1.344000 | Total time elapsed: 23.422000
Time elapsed (Stolen Tree Insert): 24.515000
Time elapsed (Stolen Tree Find): 0.016000

    0. inserted | Split time: 0.000000 | Total time elapsed: 0.000000
10000. inserted | Split time: 2.234000 | Total time elapsed: 2.234000
20000. inserted | Split time: 6.406000 | Total time elapsed: 8.640000
30000. inserted | Split time: 10.844000 | Total time elapsed: 19.484000
40000. inserted | Split time: 15.781000 | Total time elapsed: 35.265000
50000. inserted | Split time: 25.531000 | Total time elapsed: 60.796000
60000. inserted | Split time: 43.079000 | Total time elapsed: 103.875000
70000. inserted | Split time: 40.640000 | Total time elapsed: 144.515000
80000. inserted | Split time: 51.172000 | Total time elapsed: 195.687000
90000. inserted | Split time: 54.829000 | Total time elapsed: 250.516000
Time elapsed (Stolen Tree Insert): 312.047000
Time elapsed (Stolen Tree Find): 0.031000

    0. inserted | Split time: 0.000000 | Total time elapsed: 0.000000
10000. inserted | Split time: 0.016000 | Total time elapsed: 0.016000
20000. inserted | Split time: 0.000000 | Total time elapsed: 0.016000
30000. inserted | Split time: 0.000000 | Total time elapsed: 0.016000
40000. inserted | Split time: 0.000000 | Total time elapsed: 0.016000
50000. inserted | Split time: 0.000000 | Total time elapsed: 0.016000
60000. inserted | Split time: 0.015000 | Total time elapsed: 0.031000
70000. inserted | Split time: 0.000000 | Total time elapsed: 0.031000
80000. inserted | Split time: 0.000000 | Total time elapsed: 0.031000
90000. inserted | Split time: 0.000000 | Total time elapsed: 0.031000
Time elapsed (My Hash Insert): 0.031000
Time elapsed (My Hash Find): 0.016000

    0. inserted | Split time: 0.000000 | Total time elapsed: 0.000000
10000. inserted | Split time: 0.000000 | Total time elapsed: 0.000000
20000. inserted | Split time: 0.016000 | Total time elapsed: 0.016000
30000. inserted | Split time: 0.000000 | Total time elapsed: 0.016000
40000. inserted | Split time: 0.015000 | Total time elapsed: 0.031000
50000. inserted | Split time: 0.000000 | Total time elapsed: 0.031000
60000. inserted | Split time: 0.016000 | Total time elapsed: 0.047000
70000. inserted | Split time: 0.000000 | Total time elapsed: 0.047000
80000. inserted | Split time: 0.016000 | Total time elapsed: 0.063000
90000. inserted | Split time: 0.000000 | Total time elapsed: 0.063000
Time elapsed (My Tree Insert): 0.063000
Time elapsed (My Tree Find): 0.031000

    0. inserted | Split time: 0.000000 | Total time elapsed: 0.000000
10000. inserted | Split time: 0.000000 | Total time elapsed: 0.000000
20000. inserted | Split time: 0.000000 | Total time elapsed: 0.000000
30000. inserted | Split time: 0.015000 | Total time elapsed: 0.015000
Time elapsed (My BVS Tree Insert): 0.015000
Time elapsed (My BVS Tree Find): 0.016000


Consecutive Array:
    0. inserted | Split time: 0.000000 | Total time elapsed: 0.000000
10000. inserted | Split time: 0.031000 | Total time elapsed: 0.031000
20000. inserted | Split time: 0.156000 | Total time elapsed: 0.187000
30000. inserted | Split time: 0.313000 | Total time elapsed: 0.500000
40000. inserted | Split time: 0.500000 | Total time elapsed: 1.000000
50000. inserted | Split time: 0.890000 | Total time elapsed: 1.890000
60000. inserted | Split time: 1.250000 | Total time elapsed: 3.140000
70000. inserted | Split time: 1.657000 | Total time elapsed: 4.797000
80000. inserted | Split time: 2.078000 | Total time elapsed: 6.875000
90000. inserted | Split time: 2.594000 | Total time elapsed: 9.469000
Time elapsed (Stolen Hash Insert): 12.875000
Time elapsed (Stolen Hash Find): 12.797000

    0. inserted | Split time: 0.000000 | Total time elapsed: 0.000000
10000. inserted | Split time: 2.047000 | Total time elapsed: 2.047000
20000. inserted | Split time: 6.266000 | Total time elapsed: 8.313000
30000. inserted | Split time: 11.171000 | Total time elapsed: 19.484000
40000. inserted | Split time: 16.579000 | Total time elapsed: 36.063000
50000. inserted | Split time: 23.249000 | Total time elapsed: 59.312000
60000. inserted | Split time: 36.797000 | Total time elapsed: 96.109000
70000. inserted | Split time: 35.516000 | Total time elapsed: 131.625000
80000. inserted | Split time: 48.485000 | Total time elapsed: 180.110000
90000. inserted | Split time: 55.093000 | Total time elapsed: 235.203000
Time elapsed (Stolen Tree Insert): 295.234000
Time elapsed (Stolen Tree Find): 0.032000

    0. inserted | Split time: 0.000000 | Total time elapsed: 0.000000
10000. inserted | Split time: 0.000000 | Total time elapsed: 0.000000
20000. inserted | Split time: 0.016000 | Total time elapsed: 0.016000
30000. inserted | Split time: 0.000000 | Total time elapsed: 0.016000
40000. inserted | Split time: 0.000000 | Total time elapsed: 0.016000
50000. inserted | Split time: 0.016000 | Total time elapsed: 0.032000
60000. inserted | Split time: 0.000000 | Total time elapsed: 0.032000
70000. inserted | Split time: 0.000000 | Total time elapsed: 0.032000
80000. inserted | Split time: 0.000000 | Total time elapsed: 0.032000
90000. inserted | Split time: 0.031000 | Total time elapsed: 0.063000
Time elapsed (My Hash Insert): 0.063000
Time elapsed (My Hash Find): 0.000000

    0. inserted | Split time: 0.000000 | Total time elapsed: 0.000000
10000. inserted | Split time: 0.000000 | Total time elapsed: 0.000000
20000. inserted | Split time: 0.015000 | Total time elapsed: 0.015000
30000. inserted | Split time: 0.016000 | Total time elapsed: 0.031000
40000. inserted | Split time: 0.000000 | Total time elapsed: 0.031000
50000. inserted | Split time: 0.015000 | Total time elapsed: 0.046000
60000. inserted | Split time: 0.016000 | Total time elapsed: 0.062000
70000. inserted | Split time: 0.000000 | Total time elapsed: 0.062000
80000. inserted | Split time: 0.016000 | Total time elapsed: 0.078000
90000. inserted | Split time: 0.015000 | Total time elapsed: 0.093000
Time elapsed (My Tree Insert): 0.093000
Time elapsed (My Tree Find): 0.000000

    0. inserted | Split time: 0.000000 | Total time elapsed: 0.000000
10000. inserted | Split time: 0.328000 | Total time elapsed: 0.328000
20000. inserted | Split time: 1.032000 | Total time elapsed: 1.360000
30000. inserted | Split time: 1.797000 | Total time elapsed: 3.157000
Time elapsed (My BVS Tree Insert): 6.063000
Time elapsed (My BVS Tree Find): 25.562000
Test n.9:


Random Array:
    0. inserted | Split time: 0.000000 | Total time elapsed: 0.000000
10000. inserted | Split time: 0.032000 | Total time elapsed: 0.032000
20000. inserted | Split time: 0.078000 | Total time elapsed: 0.110000
30000. inserted | Split time: 0.093000 | Total time elapsed: 0.203000
40000. inserted | Split time: 0.110000 | Total time elapsed: 0.313000
50000. inserted | Split time: 0.140000 | Total time elapsed: 0.453000
60000. inserted | Split time: 0.125000 | Total time elapsed: 0.578000
70000. inserted | Split time: 0.141000 | Total time elapsed: 0.719000
80000. inserted | Split time: 0.125000 | Total time elapsed: 0.844000
90000. inserted | Split time: 0.125000 | Total time elapsed: 0.969000
Time elapsed (Stolen Hash Insert): 1.110000
Time elapsed (Stolen Hash Find): 1.140000

    0. inserted | Split time: 0.000000 | Total time elapsed: 0.000000
10000. inserted | Split time: 2.094000 | Total time elapsed: 2.094000
20000. inserted | Split time: 3.718000 | Total time elapsed: 5.812000
30000. inserted | Split time: 3.907000 | Total time elapsed: 9.719000
40000. inserted | Split time: 3.453000 | Total time elapsed: 13.172000
50000. inserted | Split time: 2.922000 | Total time elapsed: 16.094000
60000. inserted | Split time: 2.406000 | Total time elapsed: 18.500000
70000. inserted | Split time: 2.031000 | Total time elapsed: 20.531000
80000. inserted | Split time: 1.719000 | Total time elapsed: 22.250000
90000. inserted | Split time: 1.344000 | Total time elapsed: 23.594000
Time elapsed (Stolen Tree Insert): 24.641000
Time elapsed (Stolen Tree Find): 0.031000

    0. inserted | Split time: 0.000000 | Total time elapsed: 0.000000
10000. inserted | Split time: 2.266000 | Total time elapsed: 2.266000
20000. inserted | Split time: 6.734000 | Total time elapsed: 9.000000
30000. inserted | Split time: 10.703000 | Total time elapsed: 19.703000
40000. inserted | Split time: 16.063000 | Total time elapsed: 35.766000
50000. inserted | Split time: 26.390000 | Total time elapsed: 62.156000
60000. inserted | Split time: 29.828000 | Total time elapsed: 91.984000
70000. inserted | Split time: 40.063000 | Total time elapsed: 132.047000
80000. inserted | Split time: 51.594000 | Total time elapsed: 183.641000
90000. inserted | Split time: 56.968000 | Total time elapsed: 240.609000
Time elapsed (Stolen Tree Insert): 309.766000
Time elapsed (Stolen Tree Find): 0.015000

    0. inserted | Split time: 0.000000 | Total time elapsed: 0.000000
10000. inserted | Split time: 0.000000 | Total time elapsed: 0.000000
20000. inserted | Split time: 0.016000 | Total time elapsed: 0.016000
30000. inserted | Split time: 0.000000 | Total time elapsed: 0.016000
40000. inserted | Split time: 0.000000 | Total time elapsed: 0.016000
50000. inserted | Split time: 0.000000 | Total time elapsed: 0.016000
60000. inserted | Split time: 0.015000 | Total time elapsed: 0.031000
70000. inserted | Split time: 0.000000 | Total time elapsed: 0.031000
80000. inserted | Split time: 0.000000 | Total time elapsed: 0.031000
90000. inserted | Split time: 0.000000 | Total time elapsed: 0.031000
Time elapsed (My Hash Insert): 0.031000
Time elapsed (My Hash Find): 0.000000

    0. inserted | Split time: 0.000000 | Total time elapsed: 0.000000
10000. inserted | Split time: 0.000000 | Total time elapsed: 0.000000
20000. inserted | Split time: 0.015000 | Total time elapsed: 0.015000
30000. inserted | Split time: 0.000000 | Total time elapsed: 0.015000
40000. inserted | Split time: 0.000000 | Total time elapsed: 0.015000
50000. inserted | Split time: 0.016000 | Total time elapsed: 0.031000
60000. inserted | Split time: 0.000000 | Total time elapsed: 0.031000
70000. inserted | Split time: 0.016000 | Total time elapsed: 0.047000
80000. inserted | Split time: 0.000000 | Total time elapsed: 0.047000
90000. inserted | Split time: 0.015000 | Total time elapsed: 0.062000
Time elapsed (My Tree Insert): 0.062000
Time elapsed (My Tree Find): 0.032000

    0. inserted | Split time: 0.000000 | Total time elapsed: 0.000000
10000. inserted | Split time: 0.000000 | Total time elapsed: 0.000000
20000. inserted | Split time: 0.000000 | Total time elapsed: 0.000000
30000. inserted | Split time: 0.015000 | Total time elapsed: 0.015000
Time elapsed (My BVS Tree Insert): 0.015000
Time elapsed (My BVS Tree Find): 0.031000


Consecutive Array:
    0. inserted | Split time: 0.000000 | Total time elapsed: 0.000000
10000. inserted | Split time: 0.047000 | Total time elapsed: 0.047000
20000. inserted | Split time: 0.157000 | Total time elapsed: 0.204000
30000. inserted | Split time: 0.328000 | Total time elapsed: 0.532000
40000. inserted | Split time: 0.500000 | Total time elapsed: 1.032000
50000. inserted | Split time: 0.875000 | Total time elapsed: 1.907000
60000. inserted | Split time: 1.234000 | Total time elapsed: 3.141000
70000. inserted | Split time: 1.531000 | Total time elapsed: 4.672000
80000. inserted | Split time: 2.125000 | Total time elapsed: 6.797000
90000. inserted | Split time: 2.328000 | Total time elapsed: 9.125000
Time elapsed (Stolen Hash Insert): 13.187000
Time elapsed (Stolen Hash Find): 13.750000

    0. inserted | Split time: 0.000000 | Total time elapsed: 0.000000
10000. inserted | Split time: 0.016000 | Total time elapsed: 0.016000
20000. inserted | Split time: 0.000000 | Total time elapsed: 0.016000
30000. inserted | Split time: 0.000000 | Total time elapsed: 0.016000
40000. inserted | Split time: 0.000000 | Total time elapsed: 0.016000
50000. inserted | Split time: 0.015000 | Total time elapsed: 0.031000
60000. inserted | Split time: 0.000000 | Total time elapsed: 0.031000
70000. inserted | Split time: 0.000000 | Total time elapsed: 0.031000
80000. inserted | Split time: 0.016000 | Total time elapsed: 0.047000
90000. inserted | Split time: 0.015000 | Total time elapsed: 0.062000
Time elapsed (My Hash Insert): 0.062000
Time elapsed (My Hash Find): 0.000000

    0. inserted | Split time: 0.000000 | Total time elapsed: 0.000000
10000. inserted | Split time: 0.016000 | Total time elapsed: 0.016000
20000. inserted | Split time: 0.000000 | Total time elapsed: 0.016000
30000. inserted | Split time: 0.015000 | Total time elapsed: 0.031000
40000. inserted | Split time: 0.000000 | Total time elapsed: 0.031000
50000. inserted | Split time: 0.016000 | Total time elapsed: 0.047000
60000. inserted | Split time: 0.000000 | Total time elapsed: 0.047000
70000. inserted | Split time: 0.016000 | Total time elapsed: 0.063000
80000. inserted | Split time: 0.000000 | Total time elapsed: 0.063000
90000. inserted | Split time: 0.015000 | Total time elapsed: 0.078000
Time elapsed (My Tree Insert): 0.094000
Time elapsed (My Tree Find): 0.015000

    0. inserted | Split time: 0.000000 | Total time elapsed: 0.000000
10000. inserted | Split time: 0.344000 | Total time elapsed: 0.344000
20000. inserted | Split time: 1.078000 | Total time elapsed: 1.422000
30000. inserted | Split time: 2.187000 | Total time elapsed: 3.609000
Time elapsed (My BVS Tree Insert): 7.359000
Time elapsed (My BVS Tree Find): 27.938000

____________________________________
____________________________________

Test n.9:
Random Array:
    0. inserted | Split time: 0.000000 | Total time elapsed: 0.000000
10000. inserted | Split time: 0.031000 | Total time elapsed: 0.031000
20000. inserted | Split time: 0.078000 | Total time elapsed: 0.109000
30000. inserted | Split time: 0.094000 | Total time elapsed: 0.203000
40000. inserted | Split time: 0.109000 | Total time elapsed: 0.312000
50000. inserted | Split time: 0.141000 | Total time elapsed: 0.453000
60000. inserted | Split time: 0.109000 | Total time elapsed: 0.562000
70000. inserted | Split time: 0.125000 | Total time elapsed: 0.687000
80000. inserted | Split time: 0.125000 | Total time elapsed: 0.812000
90000. inserted | Split time: 0.125000 | Total time elapsed: 0.937000
Time elapsed (Stolen Hash Insert): 1.062000
Time elapsed (Stolen Hash Find): 1.047000

    0. inserted | Split time: 0.000000 | Total time elapsed: 0.000000
10000. inserted | Split time: 2.109000 | Total time elapsed: 2.109000
20000. inserted | Split time: 3.937000 | Total time elapsed: 6.046000
30000. inserted | Split time: 3.844000 | Total time elapsed: 9.890000
40000. inserted | Split time: 3.250000 | Total time elapsed: 13.140000
50000. inserted | Split time: 2.813000 | Total time elapsed: 15.953000
60000. inserted | Split time: 2.437000 | Total time elapsed: 18.390000
70000. inserted | Split time: 1.891000 | Total time elapsed: 20.281000
80000. inserted | Split time: 1.672000 | Total time elapsed: 21.953000
90000. inserted | Split time: 1.359000 | Total time elapsed: 23.312000
Time elapsed (Stolen Tree Insert): 24.375000
Time elapsed (Stolen Tree Find): 0.031000

    0. inserted | Split time: 0.000000 | Total time elapsed: 0.000000
10000. inserted | Split time: 0.015000 | Total time elapsed: 0.015000
20000. inserted | Split time: 0.000000 | Total time elapsed: 0.015000
30000. inserted | Split time: 0.016000 | Total time elapsed: 0.031000
40000. inserted | Split time: 0.000000 | Total time elapsed: 0.031000
50000. inserted | Split time: 0.000000 | Total time elapsed: 0.031000
60000. inserted | Split time: 0.016000 | Total time elapsed: 0.047000
70000. inserted | Split time: 0.000000 | Total time elapsed: 0.047000
80000. inserted | Split time: 0.000000 | Total time elapsed: 0.047000
90000. inserted | Split time: 0.000000 | Total time elapsed: 0.047000
Time elapsed (My Hash Insert): 0.047000
Time elapsed (My Hash Find): 0.015000

    0. inserted | Split time: 0.000000 | Total time elapsed: 0.000000
10000. inserted | Split time: 0.000000 | Total time elapsed: 0.000000
20000. inserted | Split time: 0.016000 | Total time elapsed: 0.016000
30000. inserted | Split time: 0.000000 | Total time elapsed: 0.016000
40000. inserted | Split time: 0.000000 | Total time elapsed: 0.016000
50000. inserted | Split time: 0.015000 | Total time elapsed: 0.031000
60000. inserted | Split time: 0.000000 | Total time elapsed: 0.031000
70000. inserted | Split time: 0.016000 | Total time elapsed: 0.047000
80000. inserted | Split time: 0.000000 | Total time elapsed: 0.047000
90000. inserted | Split time: 0.016000 | Total time elapsed: 0.063000
Time elapsed (My Tree Insert): 0.063000
Time elapsed (My Tree Find): 0.015000

    0. inserted | Split time: 0.000000 | Total time elapsed: 0.000000
10000. inserted | Split time: 0.000000 | Total time elapsed: 0.000000
20000. inserted | Split time: 0.000000 | Total time elapsed: 0.000000
30000. inserted | Split time: 0.000000 | Total time elapsed: 0.000000
Time elapsed (My BVS Tree Insert): 0.000000
Time elapsed (My BVS Tree Find): 0.031000

____________________________________
Consecutive Array:
    0. inserted | Split time: 0.000000 | Total time elapsed: 0.000000
10000. inserted | Split time: 0.047000 | Total time elapsed: 0.047000
20000. inserted | Split time: 0.156000 | Total time elapsed: 0.203000
30000. inserted | Split time: 0.360000 | Total time elapsed: 0.563000
40000. inserted | Split time: 0.672000 | Total time elapsed: 1.235000
50000. inserted | Split time: 1.046000 | Total time elapsed: 2.281000
60000. inserted | Split time: 1.313000 | Total time elapsed: 3.594000
70000. inserted | Split time: 1.937000 | Total time elapsed: 5.531000
80000. inserted | Split time: 2.079000 | Total time elapsed: 7.610000
90000. inserted | Split time: 2.546000 | Total time elapsed: 10.156000
Time elapsed (Stolen Hash Insert): 13.594000
Time elapsed (Stolen Hash Find): 12.844000

    0. inserted | Split time: 0.000000 | Total time elapsed: 0.000000
10000. inserted | Split time: 2.031000 | Total time elapsed: 2.031000
20000. inserted | Split time: 6.406000 | Total time elapsed: 8.437000
30000. inserted | Split time: 12.265000 | Total time elapsed: 20.702000
40000. inserted | Split time: 16.344000 | Total time elapsed: 37.046000
50000. inserted | Split time: 21.563000 | Total time elapsed: 58.609000
60000. inserted | Split time: 38.016000 | Total time elapsed: 96.625000
70000. inserted | Split time: 33.124000 | Total time elapsed: 129.749000
80000. inserted | Split time: 46.157000 | Total time elapsed: 175.906000
90000. inserted | Split time: 49.281000 | Total time elapsed: 225.187000
Time elapsed (Stolen Tree Insert): 280.437000
Time elapsed (Stolen Tree Find): 0.016000

    0. inserted | Split time: 0.000000 | Total time elapsed: 0.000000
10000. inserted | Split time: 0.000000 | Total time elapsed: 0.000000
20000. inserted | Split time: 0.000000 | Total time elapsed: 0.000000
30000. inserted | Split time: 0.016000 | Total time elapsed: 0.016000
40000. inserted | Split time: 0.000000 | Total time elapsed: 0.016000
50000. inserted | Split time: 0.000000 | Total time elapsed: 0.016000
60000. inserted | Split time: 0.016000 | Total time elapsed: 0.032000
70000. inserted | Split time: 0.000000 | Total time elapsed: 0.032000
80000. inserted | Split time: 0.000000 | Total time elapsed: 0.032000
90000. inserted | Split time: 0.015000 | Total time elapsed: 0.047000
Time elapsed (My Hash Insert): 0.047000
Time elapsed (My Hash Find): 0.000000

    0. inserted | Split time: 0.000000 | Total time elapsed: 0.000000
10000. inserted | Split time: 0.000000 | Total time elapsed: 0.000000
20000. inserted | Split time: 0.015000 | Total time elapsed: 0.015000
30000. inserted | Split time: 0.000000 | Total time elapsed: 0.015000
40000. inserted | Split time: 0.016000 | Total time elapsed: 0.031000
50000. inserted | Split time: 0.015000 | Total time elapsed: 0.046000
60000. inserted | Split time: 0.016000 | Total time elapsed: 0.062000
70000. inserted | Split time: 0.000000 | Total time elapsed: 0.062000
80000. inserted | Split time: 0.016000 | Total time elapsed: 0.078000
90000. inserted | Split time: 0.000000 | Total time elapsed: 0.078000
Time elapsed (My Tree Insert): 0.093000
Time elapsed (My Tree Find): 0.016000

    0. inserted | Split time: 0.000000 | Total time elapsed: 0.000000
10000. inserted | Split time: 0.343000 | Total time elapsed: 0.343000
20000. inserted | Split time: 1.094000 | Total time elapsed: 1.437000
30000. inserted | Split time: 2.094000 | Total time elapsed: 3.531000
Time elapsed (My BVS Tree Insert): 7.468000
Time elapsed (My BVS Tree Find): 27.407000
Test n.0:
Test n.1:
Test n.2:
Test n.3:
Test n.4:
Test n.5:
Test n.6:
Test n.7:
Test n.8:
Test n.9:
    0. inserted | Split time: 0.000000 | Total time elapsed: 0.000000
10000. inserted | Split time: 2.062000 | Total time elapsed: 2.062000
20000. inserted | Split time: 6.610000 | Total time elapsed: 8.672000
30000. inserted | Split time: 11.297000 | Total time elapsed: 19.969000
40000. inserted | Split time: 15.593000 | Total time elapsed: 35.562000
50000. inserted | Split time: 21.360000 | Total time elapsed: 56.922000
60000. inserted | Split time: 30.437000 | Total time elapsed: 87.359000
70000. inserted | Split time: 36.032000 | Total time elapsed: 123.391000
80000. inserted | Split time: 42.796000 | Total time elapsed: 166.187000
90000. inserted | Split time: 44.938000 | Total time elapsed: 211.125000
Time elapsed (Stolen Tree Insert): 263.250000
Time elapsed (Stolen Tree Find): 0.016000

    0. inserted | Split time: 0.000000 | Total time elapsed: 0.000000
10000. inserted | Split time: 0.000000 | Total time elapsed: 0.000000
20000. inserted | Split time: 0.016000 | Total time elapsed: 0.016000
30000. inserted | Split time: 0.000000 | Total time elapsed: 0.016000
40000. inserted | Split time: 0.000000 | Total time elapsed: 0.016000
50000. inserted | Split time: 0.016000 | Total time elapsed: 0.032000
60000. inserted | Split time: 0.000000 | Total time elapsed: 0.032000
70000. inserted | Split time: 0.000000 | Total time elapsed: 0.032000
80000. inserted | Split time: 0.000000 | Total time elapsed: 0.032000
90000. inserted | Split time: 0.031000 | Total time elapsed: 0.063000
Time elapsed (My Hash Insert): 0.063000
Time elapsed (My Hash Find): 0.000000

    0. inserted | Split time: 0.000000 | Total time elapsed: 0.000000
10000. inserted | Split time: 0.000000 | Total time elapsed: 0.000000
20000. inserted | Split time: 0.015000 | Total time elapsed: 0.015000
30000. inserted | Split time: 0.000000 | Total time elapsed: 0.015000
40000. inserted | Split time: 0.016000 | Total time elapsed: 0.031000
50000. inserted | Split time: 0.000000 | Total time elapsed: 0.031000
60000. inserted | Split time: 0.016000 | Total time elapsed: 0.047000
70000. inserted | Split time: 0.000000 | Total time elapsed: 0.047000
80000. inserted | Split time: 0.015000 | Total time elapsed: 0.062000
90000. inserted | Split time: 0.000000 | Total time elapsed: 0.062000
Time elapsed (My Tree Insert): 0.078000
Time elapsed (My Tree Find): 0.015000

    0. inserted | Split time: 0.000000 | Total time elapsed: 0.000000
10000. inserted | Split time: 0.328000 | Total time elapsed: 0.328000
20000. inserted | Split time: 0.953000 | Total time elapsed: 1.281000
30000. inserted | Split time: 1.625000 | Total time elapsed: 2.906000
Time elapsed (My BVS Tree Insert): 5.563000
Time elapsed (My BVS Tree Find): 20.750000
    0. inserted | Split time: 0.000000 | Total time elapsed: 0.000000
10000. inserted | Split time: 0.000000 | Total time elapsed: 0.000000
20000. inserted | Split time: 0.016000 | Total time elapsed: 0.016000
30000. inserted | Split time: 0.000000 | Total time elapsed: 0.016000
40000. inserted | Split time: 0.000000 | Total time elapsed: 0.016000
50000. inserted | Split time: 0.015000 | Total time elapsed: 0.031000
60000. inserted | Split time: 0.000000 | Total time elapsed: 0.031000
70000. inserted | Split time: 0.000000 | Total time elapsed: 0.031000
80000. inserted | Split time: 0.000000 | Total time elapsed: 0.031000
90000. inserted | Split time: 0.016000 | Total time elapsed: 0.047000
Time elapsed (My Hash Insert): 0.063000
Time elapsed (My Hash Find): 0.000000

    0. inserted | Split time: 0.000000 | Total time elapsed: 0.000000
10000. inserted | Split time: 0.000000 | Total time elapsed: 0.000000
20000. inserted | Split time: 0.000000 | Total time elapsed: 0.000000
30000. inserted | Split time: 0.016000 | Total time elapsed: 0.016000
40000. inserted | Split time: 0.000000 | Total time elapsed: 0.016000
50000. inserted | Split time: 0.016000 | Total time elapsed: 0.032000
60000. inserted | Split time: 0.000000 | Total time elapsed: 0.032000
70000. inserted | Split time: 0.015000 | Total time elapsed: 0.047000
80000. inserted | Split time: 0.000000 | Total time elapsed: 0.047000
90000. inserted | Split time: 0.016000 | Total time elapsed: 0.063000
Time elapsed (My Tree Insert): 0.063000
Time elapsed (My Tree Find): 0.000000

    0. inserted | Split time: 0.000000 | Total time elapsed: 0.000000
10000. inserted | Split time: 0.297000 | Total time elapsed: 0.297000
20000. inserted | Split time: 0.891000 | Total time elapsed: 1.188000
30000. inserted | Split time: 1.672000 | Total time elapsed: 2.860000
Time elapsed (My BVS Tree Insert): 5.547000
Time elapsed (My BVS Tree Find): 25.094000

____________________________________
____________________________________